Component: ARM Compiler 5.06 update 7 (build 960) Tool: armlink [4d3601]

==============================================================================

Section Cross References

    startup_stm32f103xb.o(RESET) refers to startup_stm32f103xb.o(STACK) for __initial_sp
    startup_stm32f103xb.o(RESET) refers to startup_stm32f103xb.o(.text) for Reset_Handler
    startup_stm32f103xb.o(RESET) refers to stm32f1xx_it.o(i.NMI_Handler) for NMI_Handler
    startup_stm32f103xb.o(RESET) refers to stm32f1xx_it.o(i.HardFault_Handler) for HardFault_Handler
    startup_stm32f103xb.o(RESET) refers to stm32f1xx_it.o(i.MemManage_Handler) for MemManage_Handler
    startup_stm32f103xb.o(RESET) refers to stm32f1xx_it.o(i.BusFault_Handler) for BusFault_Handler
    startup_stm32f103xb.o(RESET) refers to stm32f1xx_it.o(i.UsageFault_Handler) for UsageFault_Handler
    startup_stm32f103xb.o(RESET) refers to stm32f1xx_it.o(i.SVC_Handler) for SVC_Handler
    startup_stm32f103xb.o(RESET) refers to stm32f1xx_it.o(i.DebugMon_Handler) for DebugMon_Handler
    startup_stm32f103xb.o(RESET) refers to stm32f1xx_it.o(i.PendSV_Handler) for PendSV_Handler
    startup_stm32f103xb.o(RESET) refers to stm32f1xx_it.o(i.SysTick_Handler) for SysTick_Handler
    startup_stm32f103xb.o(RESET) refers to stm32f1xx_it.o(i.DMA1_Channel1_IRQHandler) for DMA1_Channel1_IRQHandler
    startup_stm32f103xb.o(RESET) refers to stm32f1xx_it.o(i.USB_LP_CAN1_RX0_IRQHandler) for USB_LP_CAN1_RX0_IRQHandler
    startup_stm32f103xb.o(.text) refers to system_stm32f1xx.o(i.SystemInit) for SystemInit
    startup_stm32f103xb.o(.text) refers to entry.o(.ARM.Collect$$$$00000000) for __main
    main.o(i.HAL_ADC_ConvCpltCallback) refers to main.o(.data) for .data
    main.o(i.MX_ADC1_Init) refers to stm32f1xx_hal_adc.o(i.HAL_ADC_Init) for HAL_ADC_Init
    main.o(i.MX_ADC1_Init) refers to stm32f1xx_hal_adc.o(i.HAL_ADC_ConfigChannel) for HAL_ADC_ConfigChannel
    main.o(i.MX_ADC1_Init) refers to main.o(.bss) for .bss
    main.o(i.MX_GPIO_Init) refers to main.o(i.USB_Reset) for USB_Reset
    main.o(i.MX_GPIO_Init) refers to stm32f1xx_hal_gpio.o(i.HAL_GPIO_WritePin) for HAL_GPIO_WritePin
    main.o(i.MX_GPIO_Init) refers to stm32f1xx_hal_gpio.o(i.HAL_GPIO_Init) for HAL_GPIO_Init
    main.o(i.MX_SPI1_Init) refers to stm32f1xx_hal_spi.o(i.HAL_SPI_Init) for HAL_SPI_Init
    main.o(i.MX_SPI1_Init) refers to main.o(.bss) for .bss
    main.o(i.MX_TIM4_Init) refers to memseta.o(.text) for __aeabi_memclr4
    main.o(i.MX_TIM4_Init) refers to stm32f1xx_hal_tim.o(i.HAL_TIM_PWM_Init) for HAL_TIM_PWM_Init
    main.o(i.MX_TIM4_Init) refers to stm32f1xx_hal_tim_ex.o(i.HAL_TIMEx_MasterConfigSynchronization) for HAL_TIMEx_MasterConfigSynchronization
    main.o(i.MX_TIM4_Init) refers to stm32f1xx_hal_tim.o(i.HAL_TIM_PWM_ConfigChannel) for HAL_TIM_PWM_ConfigChannel
    main.o(i.MX_TIM4_Init) refers to stm32f1xx_hal_msp.o(i.HAL_TIM_MspPostInit) for HAL_TIM_MspPostInit
    main.o(i.MX_TIM4_Init) refers to main.o(.bss) for .bss
    main.o(i.SystemClock_Config) refers to memseta.o(.text) for __aeabi_memclr4
    main.o(i.SystemClock_Config) refers to stm32f1xx_hal_rcc.o(i.HAL_RCC_OscConfig) for HAL_RCC_OscConfig
    main.o(i.SystemClock_Config) refers to stm32f1xx_hal_rcc.o(i.HAL_RCC_ClockConfig) for HAL_RCC_ClockConfig
    main.o(i.SystemClock_Config) refers to stm32f1xx_hal_rcc_ex.o(i.HAL_RCCEx_PeriphCLKConfig) for HAL_RCCEx_PeriphCLKConfig
    main.o(i.USB_Reset) refers to stm32f1xx_hal_gpio.o(i.HAL_GPIO_Init) for HAL_GPIO_Init
    main.o(i.USB_Reset) refers to stm32f1xx_hal_gpio.o(i.HAL_GPIO_WritePin) for HAL_GPIO_WritePin
    main.o(i.main) refers to stm32f1xx_hal.o(i.HAL_Init) for HAL_Init
    main.o(i.main) refers to radio_mod.o(i.DWT_Init) for DWT_Init
    main.o(i.main) refers to main.o(i.SystemClock_Config) for SystemClock_Config
    main.o(i.main) refers to main.o(i.MX_GPIO_Init) for MX_GPIO_Init
    main.o(i.main) refers to main.o(i.MX_SPI1_Init) for MX_SPI1_Init
    main.o(i.main) refers to usb_device.o(i.MX_USB_DEVICE_Init) for MX_USB_DEVICE_Init
    main.o(i.main) refers to stm32f1xx_hal_cortex.o(i.HAL_NVIC_SetPriority) for HAL_NVIC_SetPriority
    main.o(i.main) refers to stm32f1xx_hal_cortex.o(i.HAL_NVIC_EnableIRQ) for HAL_NVIC_EnableIRQ
    main.o(i.main) refers to main.o(i.MX_ADC1_Init) for MX_ADC1_Init
    main.o(i.main) refers to main.o(i.MX_TIM4_Init) for MX_TIM4_Init
    main.o(i.main) refers to stm32f1xx_hal_tim.o(i.HAL_TIM_PWM_Start_IT) for HAL_TIM_PWM_Start_IT
    main.o(i.main) refers to stm32f1xx_hal_adc_ex.o(i.HAL_ADCEx_Calibration_Start) for HAL_ADCEx_Calibration_Start
    main.o(i.main) refers to stm32f1xx_hal_adc.o(i.HAL_ADC_Start_DMA) for HAL_ADC_Start_DMA
    main.o(i.main) refers to radio_mod.o(i.isChipConnected) for isChipConnected
    main.o(i.main) refers to radio_mod.o(i.NRF_Init) for NRF_Init
    main.o(i.main) refers to radio_mod.o(i.enableAckPayload) for enableAckPayload
    main.o(i.main) refers to radio_mod.o(i.setChannel) for setChannel
[...]
    i.HAL_NVIC_SetPriority                   0x08001020   Section        0  stm32f1xx_hal_cortex.o(i.HAL_NVIC_SetPriority)
    i.HAL_NVIC_SetPriorityGrouping           0x08001060   Section        0  stm32f1xx_hal_cortex.o(i.HAL_NVIC_SetPriorityGrouping)
    i.HAL_PCDEx_PMAConfig                    0x08001084   Section        0  stm32f1xx_hal_pcd_ex.o(i.HAL_PCDEx_PMAConfig)
    i.HAL_PCDEx_SetConnectionState           0x080010b8   Section        0  usbd_conf.o(i.HAL_PCDEx_SetConnectionState)
    i.HAL_PCD_DataInStageCallback            0x080010ba   Section        0  usbd_conf.o(i.HAL_PCD_DataInStageCallback)
    i.HAL_PCD_DataOutStageCallback           0x080010c8   Section        0  usbd_conf.o(i.HAL_PCD_DataOutStageCallback)
    i.HAL_PCD_EP_Close                       0x080010d8   Section        0  stm32f1xx_hal_pcd.o(i.HAL_PCD_EP_Close)
    i.HAL_PCD_EP_ClrStall                    0x08001120   Section        0  stm32f1xx_hal_pcd.o(i.HAL_PCD_EP_ClrStall)
    i.HAL_PCD_EP_GetRxCount                  0x08001178   Section        0  stm32f1xx_hal_pcd.o(i.HAL_PCD_EP_GetRxCount)
    i.HAL_PCD_EP_Open                        0x08001186   Section        0  stm32f1xx_hal_pcd.o(i.HAL_PCD_EP_Open)
    i.HAL_PCD_EP_Receive                     0x080011e2   Section        0  stm32f1xx_hal_pcd.o(i.HAL_PCD_EP_Receive)
    i.HAL_PCD_EP_SetStall                    0x08001210   Section        0  stm32f1xx_hal_pcd.o(i.HAL_PCD_EP_SetStall)
    i.HAL_PCD_EP_Transmit                    0x0800127a   Section        0  stm32f1xx_hal_pcd.o(i.HAL_PCD_EP_Transmit)
    i.HAL_PCD_IRQHandler                     0x080012a4   Section        0  stm32f1xx_hal_pcd.o(i.HAL_PCD_IRQHandler)
    i.HAL_PCD_Init                           0x080013bc   Section        0  stm32f1xx_hal_pcd.o(i.HAL_PCD_Init)
    i.HAL_PCD_MspInit                        0x08001490   Section        0  usbd_conf.o(i.HAL_PCD_MspInit)
    i.HAL_PCD_ResetCallback                  0x080014cc   Section        0  usbd_conf.o(i.HAL_PCD_ResetCallback)
    i.HAL_PCD_ResumeCallback                 0x080014f2   Section        0  usbd_conf.o(i.HAL_PCD_ResumeCallback)
    i.HAL_PCD_SOFCallback                    0x080014fa   Section        0  usbd_conf.o(i.HAL_PCD_SOFCallback)
    i.HAL_PCD_SetAddress                     0x08001502   Section        0  stm32f1xx_hal_pcd.o(i.HAL_PCD_SetAddress)
    i.HAL_PCD_SetupStageCallback             0x0800152a   Section        0  usbd_conf.o(i.HAL_PCD_SetupStageCallback)
    i.HAL_PCD_Start                          0x08001538   Section        0  stm32f1xx_hal_pcd.o(i.HAL_PCD_Start)
    i.HAL_PCD_SuspendCallback                0x0800156c   Section        0  usbd_conf.o(i.HAL_PCD_SuspendCallback)
    i.HAL_RCCEx_GetPeriphCLKFreq             0x08001590   Section        0  stm32f1xx_hal_rcc_ex.o(i.HAL_RCCEx_GetPeriphCLKFreq)
    i.HAL_RCCEx_PeriphCLKConfig              0x08001658   Section        0  stm32f1xx_hal_rcc_ex.o(i.HAL_RCCEx_PeriphCLKConfig)
    i.HAL_RCC_ClockConfig                    0x08001744   Section        0  stm32f1xx_hal_rcc.o(i.HAL_RCC_ClockConfig)
    i.HAL_RCC_GetPCLK2Freq                   0x08001870   Section        0  stm32f1xx_hal_rcc.o(i.HAL_RCC_GetPCLK2Freq)
    i.HAL_RCC_GetSysClockFreq                0x08001890   Section        0  stm32f1xx_hal_rcc.o(i.HAL_RCC_GetSysClockFreq)
    i.HAL_RCC_OscConfig                      0x080018fc   Section        0  stm32f1xx_hal_rcc.o(i.HAL_RCC_OscConfig)
    i.HAL_SPI_Init                           0x08001c1c   Section        0  stm32f1xx_hal_spi.o(i.HAL_SPI_Init)
    i.HAL_SPI_MspInit                        0x08001c98   Section        0  stm32f1xx_hal_msp.o(i.HAL_SPI_MspInit)
    i.HAL_SPI_Receive                        0x08001d08   Section        0  stm32f1xx_hal_spi.o(i.HAL_SPI_Receive)
    i.HAL_SPI_Transmit                       0x08001e58   Section        0  stm32f1xx_hal_spi.o(i.HAL_SPI_Transmit)
    i.HAL_SPI_TransmitReceive                0x08001fb4   Section        0  stm32f1xx_hal_spi.o(i.HAL_SPI_TransmitReceive)
    i.HAL_SYSTICK_Config                     0x08002196   Section        0  stm32f1xx_hal_cortex.o(i.HAL_SYSTICK_Config)
    i.HAL_TIMEx_MasterConfigSynchronization  0x080021be   Section        0  stm32f1xx_hal_tim_ex.o(i.HAL_TIMEx_MasterConfigSynchronization)
    i.HAL_TIM_MspPostInit                    0x08002200   Section        0  stm32f1xx_hal_msp.o(i.HAL_TIM_MspPostInit)
    i.HAL_TIM_PWM_ConfigChannel              0x0800224c   Section        0  stm32f1xx_hal_tim.o(i.HAL_TIM_PWM_ConfigChannel)
    i.HAL_TIM_PWM_Init                       0x0800231c   Section        0  stm32f1xx_hal_tim.o(i.HAL_TIM_PWM_Init)
    i.HAL_TIM_PWM_MspInit                    0x08002354   Section        0  stm32f1xx_hal_msp.o(i.HAL_TIM_PWM_MspInit)
    i.HAL_TIM_PWM_Start_IT                   0x0800237c   Section        0  stm32f1xx_hal_tim.o(i.HAL_TIM_PWM_Start_IT)
    i.HardFault_Handler                      0x080023e8   Section        0  stm32f1xx_it.o(i.HardFault_Handler)
    i.IntToUnicode                           0x080023ec   Section        0  usbd_desc.o(i.IntToUnicode)
    IntToUnicode                             0x080023ed   Thumb Code    56  usbd_desc.o(i.IntToUnicode)
    i.MX_ADC1_Init                           0x08002424   Section        0  main.o(i.MX_ADC1_Init)
    MX_ADC1_Init                             0x08002425   Thumb Code    70  main.o(i.MX_ADC1_Init)
    i.MX_GPIO_Init                           0x08002474   Section        0  main.o(i.MX_GPIO_Init)
    MX_GPIO_Init                             0x08002475   Thumb Code   174  main.o(i.MX_GPIO_Init)
    i.MX_SPI1_Init                           0x08002534   Section        0  main.o(i.MX_SPI1_Init)
    MX_SPI1_Init                             0x08002535   Thumb Code    46  main.o(i.MX_SPI1_Init)
    i.MX_TIM4_Init                           0x0800256c   Section        0  main.o(i.MX_TIM4_Init)
    MX_TIM4_Init                             0x0800256d   Thumb Code   110  main.o(i.MX_TIM4_Init)
    i.MX_USB_DEVICE_Init                     0x080025e4   Section        0  usb_device.o(i.MX_USB_DEVICE_Init)
    i.MemManage_Handler                      0x08002638   Section        0  stm32f1xx_it.o(i.MemManage_Handler)
    i.NMI_Handler                            0x0800263a   Section        0  stm32f1xx_it.o(i.NMI_Handler)
    i.NRF_Init                               0x0800263c   Section        0  radio_mod.o(i.NRF_Init)
    i.PCD_EP_ISR_Handler                     0x080026ec   Section        0  stm32f1xx_hal_pcd.o(i.PCD_EP_ISR_Handler)
    PCD_EP_ISR_Handler                       0x080026ed   Thumb Code   706  stm32f1xx_hal_pcd.o(i.PCD_EP_ISR_Handler)
    i.PendSV_Handler                         0x080029ae   Section        0  stm32f1xx_it.o(i.PendSV_Handler)
    i.SPI_EndRxTransaction                   0x080029b0   Section        0  stm32f1xx_hal_spi.o(i.SPI_EndRxTransaction)
    SPI_EndRxTransaction                     0x080029b1   Thumb Code    92  stm32f1xx_hal_spi.o(i.SPI_EndRxTransaction)
    i.SPI_EndRxTxTransaction                 0x08002a0c   Section        0  stm32f1xx_hal_spi.o(i.SPI_EndRxTxTransaction)
    SPI_EndRxTxTransaction                   0x08002a0d   Thumb Code    32  stm32f1xx_hal_spi.o(i.SPI_EndRxTxTransaction)
    i.SPI_WaitFlagStateUntilTimeout          0x08002a2c   Section        0  stm32f1xx_hal_spi.o(i.SPI_WaitFlagStateUntilTimeout)
    SPI_WaitFlagStateUntilTimeout            0x08002a2d   Thumb Code   148  stm32f1xx_hal_spi.o(i.SPI_WaitFlagStateUntilTimeout)
    i.SVC_Handler                            0x08002ac0   Section        0  stm32f1xx_it.o(i.SVC_Handler)
    i.SysTick_Handler                        0x08002ac2   Section        0  stm32f1xx_it.o(i.SysTick_Handler)
    i.SystemClock_Config                     0x08002ac6   Section        0  main.o(i.SystemClock_Config)
    i.SystemInit                             0x08002b2c   Section        0  system_stm32f1xx.o(i.SystemInit)
    i.TIM_Base_SetConfig                     0x08002b74   Section        0  stm32f1xx_hal_tim.o(i.TIM_Base_SetConfig)
    i.TIM_CCxChannelCmd                      0x08002be0   Section        0  stm32f1xx_hal_tim.o(i.TIM_CCxChannelCmd)
    i.TIM_OC1_SetConfig                      0x08002bfc   Section        0  stm32f1xx_hal_tim.o(i.TIM_OC1_SetConfig)
    TIM_OC1_SetConfig                        0x08002bfd   Thumb Code    74  stm32f1xx_hal_tim.o(i.TIM_OC1_SetConfig)
    i.TIM_OC2_SetConfig                      0x08002c4c   Section        0  stm32f1xx_hal_tim.o(i.TIM_OC2_SetConfig)
    i.TIM_OC3_SetConfig                      0x08002ca4   Section        0  stm32f1xx_hal_tim.o(i.TIM_OC3_SetConfig)
    TIM_OC3_SetConfig                        0x08002ca5   Thumb Code    82  stm32f1xx_hal_tim.o(i.TIM_OC3_SetConfig)
    i.TIM_OC4_SetConfig                      0x08002cfc   Section        0  stm32f1xx_hal_tim.o(i.TIM_OC4_SetConfig)
    TIM_OC4_SetConfig                        0x08002cfd   Thumb Code    64  stm32f1xx_hal_tim.o(i.TIM_OC4_SetConfig)
    i.USBD_CDC_DataIn                        0x08002d40   Section        0  usbd_cdc.o(i.USBD_CDC_DataIn)
    USBD_CDC_DataIn                          0x08002d41   Thumb Code    70  usbd_cdc.o(i.USBD_CDC_DataIn)
    i.USBD_CDC_DataOut                       0x08002d86   Section        0  usbd_cdc.o(i.USBD_CDC_DataOut)
    USBD_CDC_DataOut                         0x08002d87   Thumb Code    46  usbd_cdc.o(i.USBD_CDC_DataOut)
    i.USBD_CDC_DeInit                        0x08002db4   Section        0  usbd_cdc.o(i.USBD_CDC_DeInit)
    USBD_CDC_DeInit                          0x08002db5   Thumb Code    68  usbd_cdc.o(i.USBD_CDC_DeInit)
    i.USBD_CDC_EP0_RxReady                   0x08002df8   Section        0  usbd_cdc.o(i.USBD_CDC_EP0_RxReady)
    USBD_CDC_EP0_RxReady                     0x08002df9   Thumb Code    36  usbd_cdc.o(i.USBD_CDC_EP0_RxReady)
    i.USBD_CDC_GetDeviceQualifierDescriptor  0x08002e1c   Section        0  usbd_cdc.o(i.USBD_CDC_GetDeviceQualifierDescriptor)
    i.USBD_CDC_GetFSCfgDesc                  0x08002e28   Section        0  usbd_cdc.o(i.USBD_CDC_GetFSCfgDesc)
    USBD_CDC_GetFSCfgDesc                    0x08002e29   Thumb Code     8  usbd_cdc.o(i.USBD_CDC_GetFSCfgDesc)
    i.USBD_CDC_GetHSCfgDesc                  0x08002e34   Section        0  usbd_cdc.o(i.USBD_CDC_GetHSCfgDesc)
    USBD_CDC_GetHSCfgDesc                    0x08002e35   Thumb Code     8  usbd_cdc.o(i.USBD_CDC_GetHSCfgDesc)
    i.USBD_CDC_GetOtherSpeedCfgDesc          0x08002e40   Section        0  usbd_cdc.o(i.USBD_CDC_GetOtherSpeedCfgDesc)
    USBD_CDC_GetOtherSpeedCfgDesc            0x08002e41   Thumb Code     8  usbd_cdc.o(i.USBD_CDC_GetOtherSpeedCfgDesc)
    i.USBD_CDC_Init                          0x08002e4c   Section        0  usbd_cdc.o(i.USBD_CDC_Init)
    USBD_CDC_Init                            0x08002e4d   Thumb Code   148  usbd_cdc.o(i.USBD_CDC_Init)
    i.USBD_CDC_ReceivePacket                 0x08002ee0   Section        0  usbd_cdc.o(i.USBD_CDC_ReceivePacket)
    i.USBD_CDC_RegisterInterface             0x08002f08   Section        0  usbd_cdc.o(i.USBD_CDC_RegisterInterface)
    i.USBD_CDC_SetRxBuffer                   0x08002f18   Section        0  usbd_cdc.o(i.USBD_CDC_SetRxBuffer)
    i.USBD_CDC_SetTxBuffer                   0x08002f24   Section        0  usbd_cdc.o(i.USBD_CDC_SetTxBuffer)
    i.USBD_CDC_Setup                         0x08002f34   Section        0  usbd_cdc.o(i.USBD_CDC_Setup)
    USBD_CDC_Setup                           0x08002f35   Thumb Code   172  usbd_cdc.o(i.USBD_CDC_Setup)
    i.USBD_ClrClassConfig                    0x08002fe0   Section        0  usbd_core.o(i.USBD_ClrClassConfig)
    i.USBD_CtlContinueRx                     0x08002fee   Section        0  usbd_ioreq.o(i.USBD_CtlContinueRx)
    i.USBD_CtlContinueSendData               0x08002ffe   Section        0  usbd_ioreq.o(i.USBD_CtlContinueSendData)
    i.USBD_CtlError                          0x0800300e   Section        0  usbd_ctlreq.o(i.USBD_CtlError)
    i.USBD_CtlPrepareRx                      0x08003024   Section        0  usbd_ioreq.o(i.USBD_CtlPrepareRx)
    i.USBD_CtlReceiveStatus                  0x08003042   Section        0  usbd_ioreq.o(i.USBD_CtlReceiveStatus)
    i.USBD_CtlSendData                       0x08003058   Section        0  usbd_ioreq.o(i.USBD_CtlSendData)
    i.USBD_CtlSendStatus                     0x08003072   Section        0  usbd_ioreq.o(i.USBD_CtlSendStatus)
    i.USBD_FS_ConfigStrDescriptor            0x08003088   Section        0  usbd_desc.o(i.USBD_FS_ConfigStrDescriptor)
    i.USBD_FS_DeviceDescriptor               0x080030a8   Section        0  usbd_desc.o(i.USBD_FS_DeviceDescriptor)
    i.USBD_FS_InterfaceStrDescriptor         0x080030b4   Section        0  usbd_desc.o(i.USBD_FS_InterfaceStrDescriptor)
    i.USBD_FS_LangIDStrDescriptor            0x080030d8   Section        0  usbd_desc.o(i.USBD_FS_LangIDStrDescriptor)
    i.USBD_FS_ManufacturerStrDescriptor      0x080030e4   Section        0  usbd_desc.o(i.USBD_FS_ManufacturerStrDescriptor)
    i.USBD_FS_ProductStrDescriptor           0x0800310c   Section        0  usbd_desc.o(i.USBD_FS_ProductStrDescriptor)
    i.USBD_FS_SerialStrDescriptor            0x08003138   Section        0  usbd_desc.o(i.USBD_FS_SerialStrDescriptor)
    i.USBD_GetDescriptor                     0x08003170   Section        0  usbd_ctlreq.o(i.USBD_GetDescriptor)
    USBD_GetDescriptor                       0x08003171   Thumb Code   232  usbd_ctlreq.o(i.USBD_GetDescriptor)
    i.USBD_GetString                         0x08003258   Section        0  usbd_ctlreq.o(i.USBD_GetString)
    i.USBD_Get_USB_Status                    0x080032a0   Section        0  usbd_conf.o(i.USBD_Get_USB_Status)
    USBD_Get_USB_Status                      0x080032a1   Thumb Code    24  usbd_conf.o(i.USBD_Get_USB_Status)
    i.USBD_Init                              0x080032b8   Section        0  usbd_core.o(i.USBD_Init)
    i.USBD_LL_ClearStallEP                   0x080032e2   Section        0  usbd_conf.o(i.USBD_LL_ClearStallEP)
    i.USBD_LL_CloseEP                        0x080032f4   Section        0  usbd_conf.o(i.USBD_LL_CloseEP)
    i.USBD_LL_DataInStage                    0x08003306   Section        0  usbd_core.o(i.USBD_LL_DataInStage)
    i.USBD_LL_DataOutStage                   0x080033cc   Section        0  usbd_core.o(i.USBD_LL_DataOutStage)
    i.USBD_LL_GetRxDataSize                  0x0800344e   Section        0  usbd_conf.o(i.USBD_LL_GetRxDataSize)
    i.USBD_LL_Init                           0x08003458   Section        0  usbd_conf.o(i.USBD_LL_Init)
    i.USBD_LL_IsStallEP                      0x080034d8   Section        0  usbd_conf.o(i.USBD_LL_IsStallEP)
    i.USBD_LL_OpenEP                         0x080034f4   Section        0  usbd_conf.o(i.USBD_LL_OpenEP)
    i.USBD_LL_PrepareReceive                 0x0800350c   Section        0  usbd_conf.o(i.USBD_LL_PrepareReceive)
    i.USBD_LL_Reset                          0x0800351e   Section        0  usbd_core.o(i.USBD_LL_Reset)
    i.USBD_LL_Resume                         0x0800356e   Section        0  usbd_core.o(i.USBD_LL_Resume)
    i.USBD_LL_SOF                            0x08003582   Section        0  usbd_core.o(i.USBD_LL_SOF)
    i.USBD_LL_SetSpeed                       0x0800359a   Section        0  usbd_core.o(i.USBD_LL_SetSpeed)
    i.USBD_LL_SetUSBAddress                  0x080035a0   Section        0  usbd_conf.o(i.USBD_LL_SetUSBAddress)
    i.USBD_LL_SetupStage                     0x080035b2   Section        0  usbd_core.o(i.USBD_LL_SetupStage)
    i.USBD_LL_StallEP                        0x0800360c   Section        0  usbd_conf.o(i.USBD_LL_StallEP)
    i.USBD_LL_Start                          0x0800361e   Section        0  usbd_conf.o(i.USBD_LL_Start)
    i.USBD_LL_Suspend                        0x08003630   Section        0  usbd_core.o(i.USBD_LL_Suspend)
    i.USBD_LL_Transmit                       0x08003642   Section        0  usbd_conf.o(i.USBD_LL_Transmit)
    i.USBD_ParseSetupRequest                 0x08003654   Section        0  usbd_ctlreq.o(i.USBD_ParseSetupRequest)
    i.USBD_RegisterClass                     0x0800367c   Section        0  usbd_core.o(i.USBD_RegisterClass)
    i.USBD_SetClassConfig                    0x0800368c   Section        0  usbd_core.o(i.USBD_SetClassConfig)
    i.USBD_SetConfig                         0x080036a4   Section        0  usbd_ctlreq.o(i.USBD_SetConfig)
    USBD_SetConfig                           0x080036a5   Thumb Code   128  usbd_ctlreq.o(i.USBD_SetConfig)
    i.USBD_Start                             0x08003728   Section        0  usbd_core.o(i.USBD_Start)
    i.USBD_StdDevReq                         0x08003732   Section        0  usbd_ctlreq.o(i.USBD_StdDevReq)
    i.USBD_StdEPReq                          0x08003844   Section        0  usbd_ctlreq.o(i.USBD_StdEPReq)
    i.USBD_StdItfReq                         0x08003994   Section        0  usbd_ctlreq.o(i.USBD_StdItfReq)
    i.USBD_static_free                       0x080039e2   Section        0  usbd_conf.o(i.USBD_static_free)
    i.USBD_static_malloc                     0x080039e4   Section        0  usbd_conf.o(i.USBD_static_malloc)
    i.USB_ActivateEndpoint                   0x080039ec   Section        0  stm32f1xx_ll_usb.o(i.USB_ActivateEndpoint)
    i.USB_CoreInit                           0x08003c52   Section        0  stm32f1xx_ll_usb.o(i.USB_CoreInit)
    i.USB_DeactivateEndpoint                 0x08003c56   Section        0  stm32f1xx_ll_usb.o(i.USB_DeactivateEndpoint)
    i.USB_DevConnect                         0x08003d64   Section        0  stm32f1xx_ll_usb.o(i.USB_DevConnect)
    i.USB_DevDisconnect                      0x08003d68   Section        0  stm32f1xx_ll_usb.o(i.USB_DevDisconnect)
    i.USB_DevInit                            0x08003d6c   Section        0  stm32f1xx_ll_usb.o(i.USB_DevInit)
    i.USB_DisableGlobalInt                   0x08003d8a   Section        0  stm32f1xx_ll_usb.o(i.USB_DisableGlobalInt)
    i.USB_EP0_OutStart                       0x08003d98   Section        0  stm32f1xx_ll_usb.o(i.USB_EP0_OutStart)
    i.USB_EPClearStall                       0x08003d9c   Section        0  stm32f1xx_ll_usb.o(i.USB_EPClearStall)
    i.USB_EPSetStall                         0x08003e14   Section        0  stm32f1xx_ll_usb.o(i.USB_EPSetStall)
    i.USB_EPStartXfer                        0x08003e46   Section        0  stm32f1xx_ll_usb.o(i.USB_EPStartXfer)
    i.USB_EnableGlobalInt                    0x08003fe2   Section        0  stm32f1xx_ll_usb.o(i.USB_EnableGlobalInt)
    i.USB_LP_CAN1_RX0_IRQHandler             0x08003ff0   Section        0  stm32f1xx_it.o(i.USB_LP_CAN1_RX0_IRQHandler)
    i.USB_ReadInterrupts                     0x08003ffc   Section        0  stm32f1xx_ll_usb.o(i.USB_ReadInterrupts)
    i.USB_ReadPMA                            0x08004004   Section        0  stm32f1xx_ll_usb.o(i.USB_ReadPMA)
    i.USB_Reset                              0x08004030   Section        0  main.o(i.USB_Reset)
    i.USB_SetCurrentMode                     0x08004084   Section        0  stm32f1xx_ll_usb.o(i.USB_SetCurrentMode)
    i.USB_SetDevAddress                      0x08004088   Section        0  stm32f1xx_ll_usb.o(i.USB_SetDevAddress)
    i.USB_WritePMA                           0x08004094   Section        0  stm32f1xx_ll_usb.o(i.USB_WritePMA)
    i.UsageFault_Handler                     0x080040ba   Section        0  stm32f1xx_it.o(i.UsageFault_Handler)
    i.__NVIC_SetPriority                     0x080040bc   Section        0  stm32f1xx_hal_cortex.o(i.__NVIC_SetPriority)
    __NVIC_SetPriority                       0x080040bd   Thumb Code    32  stm32f1xx_hal_cortex.o(i.__NVIC_SetPriority)
    i.__scatterload_copy                     0x080040dc   Section       14  handlers.o(i.__scatterload_copy)
    i.__scatterload_null                     0x080040ea   Section        2  handlers.o(i.__scatterload_null)
    i.__scatterload_zeroinit                 0x080040ec   Section       14  handlers.o(i.__scatterload_zeroinit)
    i.available                              0x080040fa   Section        0  radio_mod.o(i.available)
    i.ce                                     0x0800411c   Section        0  radio_mod.o(i.ce)
    i.closeReadingPipe                       0x0800412c   Section        0  radio_mod.o(i.closeReadingPipe)
    i.csn                                    0x08004150   Section        0  radio_mod.o(i.csn)
    i.delay_us                               0x0800416c   Section        0  radio_mod.o(i.delay_us)
    i.enableAckPayload                       0x08004194   Section        0  radio_mod.o(i.enableAckPayload)
    i.getDynamicPayloadSize                  0x080041c4   Section        0  radio_mod.o(i.getDynamicPayloadSize)
    i.get_status                             0x08004218   Section        0  radio_mod.o(i.get_status)
    i.isChipConnected                        0x0800421e   Section        0  radio_mod.o(i.isChipConnected)
    i.main                                   0x08004234   Section        0  main.o(i.main)
    i.map                                    0x08004548   Section        0  main.o(i.map)
    i.maskIRQ                                0x0800455c   Section        0  radio_mod.o(i.maskIRQ)
    i.openReadingPipe                        0x08004584   Section        0  radio_mod.o(i.openReadingPipe)
    i.powerUp                                0x080045e4   Section        0  radio_mod.o(i.powerUp)
    i.read                                   0x08004606   Section        0  radio_mod.o(i.read)
    i.read_payload                           0x08004618   Section        0  radio_mod.o(i.read_payload)
    i.read_register                          0x0800468c   Section        0  radio_mod.o(i.read_register)
    i.setChannel                             0x080046d0   Section        0  radio_mod.o(i.setChannel)
    i.setDataRate                            0x080046d8   Section        0  radio_mod.o(i.setDataRate)
    i.setPALevel                             0x08004724   Section        0  radio_mod.o(i.setPALevel)
    i.setRetries                             0x0800474e   Section        0  radio_mod.o(i.setRetries)
    i.spiTrans                               0x0800475c   Section        0  radio_mod.o(i.spiTrans)
    i.startListening                         0x0800478c   Section        0  radio_mod.o(i.startListening)
    i.toggle_features                        0x080047e8   Section        0  radio_mod.o(i.toggle_features)
    i.writeAckPayload                        0x08004820   Section        0  radio_mod.o(i.writeAckPayload)
    i.write_register                         0x08004868   Section        0  radio_mod.o(i.write_register)
    i.write_registerMy                       0x080048b4   Section        0  radio_mod.o(i.write_registerMy)
    .constdata                               0x08004900   Section       18  radio_mod.o(.constdata)
    child_pipe_enable                        0x08004900   Data           6  radio_mod.o(.constdata)
    child_pipe                               0x08004906   Data           6  radio_mod.o(.constdata)
    child_payload_size                       0x0800490c   Data           6  radio_mod.o(.constdata)
    .constdata                               0x08004912   Section       16  system_stm32f1xx.o(.constdata)
    .constdata                               0x08004922   Section        8  system_stm32f1xx.o(.constdata)
    .data                                    0x20000000   Section       28  main.o(.data)
    remsg                                    0x20000002   Data           1  main.o(.data)
    .data                                    0x2000001c   Section       28  usbd_desc.o(.data)
    .data                                    0x20000038   Section       50  usbd_desc.o(.data)
    .data                                    0x2000006c   Section       16  usbd_cdc_if.o(.data)
    .data                                    0x2000007c   Section       10  radio_mod.o(.data)
    .data                                    0x20000088   Section       12  stm32f1xx_hal.o(.data)
    .data                                    0x20000094   Section        4  system_stm32f1xx.o(.data)
    .data                                    0x20000098   Section        1  usbd_ctlreq.o(.data)
    cfgidx                                   0x20000098   Data           1  usbd_ctlreq.o(.data)
    .data                                    0x2000009c   Section      215  usbd_cdc.o(.data)
    USBD_CDC_DeviceQualifierDesc             0x2000009c   Data          10  usbd_cdc.o(.data)
    .data                                    0x20000174   Section       56  usbd_cdc.o(.data)
    .bss                                     0x200001ac   Section      200  main.o(.bss)
    .bss                                     0x20000274   Section       68  main.o(.bss)
    .bss                                     0x200002b8   Section      708  usb_device.o(.bss)
    .bss                                     0x2000057c   Section     1164  usbd_conf.o(.bss)
    mem                                      0x2000057c   Data         544  usbd_conf.o(.bss)
    .bss                                     0x20000a08   Section      512  usbd_desc.o(.bss)
    .bss                                     0x20000c08   Section     2000  usbd_cdc_if.o(.bss)
    STACK                                    0x200013d8   Section     1024  startup_stm32f103xb.o(STACK)

    Global Symbols

    Symbol Name                              Value     Ov Type        Size  Object(Section)

    BuildAttributes$$THM_ISAv4$P$D$K$B$S$PE$A:L22UL41UL21$X:L11$S22US41US21$IEEE1$IW$USESV6$~STKCKD$USESV7$~SHL$OTIME$ROPI$EBA8$MICROLIB$REQ8$PRES8$EABIv2 0x00000000   Number         0  anon$$obj.o ABSOLUTE
    __ARM_use_no_argv                        0x00000000   Number         0  main.o ABSOLUTE
    __arm_fini_                               - Undefined Weak Reference
    __cpp_initialize__aeabi_                  - Undefined Weak Reference
    __cxa_finalize                            - Undefined Weak Reference
    _clock_init                               - Undefined Weak Reference
    _microlib_exit                            - Undefined Weak Reference
    __Vectors_Size                           0x000000ec   Number         0  startup_stm32f103xb.o ABSOLUTE
    __Vectors                                0x08000000   Data           4  startup_stm32f103xb.o(RESET)
    __Vectors_End                            0x080000ec   Data           0  startup_stm32f103xb.o(RESET)
    __main                                   0x080000ed   Thumb Code     0  entry.o(.ARM.Collect$$$$00000000)
    _main_stk                                0x080000ed   Thumb Code     0  entry2.o(.ARM.Collect$$$$00000001)
    _main_scatterload                        0x080000f1   Thumb Code     0  entry5.o(.ARM.Collect$$$$00000004)
    __main_after_scatterload                 0x080000f5   Thumb Code     0  entry5.o(.ARM.Collect$$$$00000004)
    _main_clock                              0x080000f5   Thumb Code     0  entry7b.o(.ARM.Collect$$$$00000008)
    _main_cpp_init                           0x080000f5   Thumb Code     0  entry8b.o(.ARM.Collect$$$$0000000A)
    _main_init                               0x080000f5   Thumb Code     0  entry9a.o(.ARM.Collect$$$$0000000B)
    __rt_lib_shutdown_fini                   0x080000fd   Thumb Code     0  entry12b.o(.ARM.Collect$$$$0000000E)
    __rt_final_cpp                           0x08000101   Thumb Code     0  entry10a.o(.ARM.Collect$$$$0000000F)
    __rt_final_exit                          0x08000101   Thumb Code     0  entry11a.o(.ARM.Collect$$$$00000011)
    Reset_Handler                            0x08000105   Thumb Code     8  startup_stm32f103xb.o(.text)
    ADC1_2_IRQHandler                        0x0800011f   Thumb Code     0  startup_stm32f103xb.o(.text)
    CAN1_RX1_IRQHandler                      0x0800011f   Thumb Code     0  startup_stm32f103xb.o(.text)
    CAN1_SCE_IRQHandler                      0x0800011f   Thumb Code     0  startup_stm32f103xb.o(.text)
    DMA1_Channel2_IRQHandler                 0x0800011f   Thumb Code     0  startup_stm32f103xb.o(.text)
    DMA1_Channel3_IRQHandler                 0x0800011f   Thumb Code     0  startup_stm32f103xb.o(.text)
    DMA1_Channel4_IRQHandler                 0x0800011f   Thumb Code     0  startup_stm32f103xb.o(.text)
    DMA1_Channel5_IRQHandler                 0x0800011f   Thumb Code     0  startup_stm32f103xb.o(.text)
    DMA1_Channel6_IRQHandler                 0x0800011f   Thumb Code     0  startup_stm32f103xb.o(.text)
    DMA1_Channel7_IRQHandler                 0x0800011f   Thumb Code     0  startup_stm32f103xb.o(.text)
    EXTI0_IRQHandler                         0x0800011f   Thumb Code     0  startup_stm32f103xb.o(.text)
    EXTI15_10_IRQHandler                     0x0800011f   Thumb Code     0  startup_stm32f103xb.o(.text)
    EXTI1_IRQHandler                         0x0800011f   Thumb Code     0  startup_stm32f103xb.o(.text)
    EXTI2_IRQHandler                         0x0800011f   Thumb Code     0  startup_stm32f103xb.o(.text)
    EXTI3_IRQHandler                         0x0800011f   Thumb Code     0  startup_stm32f103xb.o(.text)
    EXTI4_IRQHandler                         0x0800011f   Thumb Code     0  startup_stm32f103xb.o(.text)
    EXTI9_5_IRQHandler                       0x0800011f   Thumb Code     0  startup_stm32f103xb.o(.text)
    FLASH_IRQHandler                         0x0800011f   Thumb Code     0  startup_stm32f103xb.o(.text)
    I2C1_ER_IRQHandler                       0x0800011f   Thumb Code     0  startup_stm32f103xb.o(.text)
    I2C1_EV_IRQHandler                       0x0800011f   Thumb Code     0  startup_stm32f103xb.o(.text)
    I2C2_ER_IRQHandler                       0x0800011f   Thumb Code     0  startup_stm32f103xb.o(.text)
    I2C2_EV_IRQHandler                       0x0800011f   Thumb Code     0  startup_stm32f103xb.o(.text)
    PVD_IRQHandler                           0x0800011f   Thumb Code     0  startup_stm32f103xb.o(.text)
    RCC_IRQHandler                           0x0800011f   Thumb Code     0  startup_stm32f103xb.o(.text)
    RTC_Alarm_IRQHandler                     0x0800011f   Thumb Code     0  startup_stm32f103xb.o(.text)
    RTC_IRQHandler                           0x0800011f   Thumb Code     0  startup_stm32f103xb.o(.text)
    SPI1_IRQHandler                          0x0800011f   Thumb Code     0  startup_stm32f103xb.o(.text)
    SPI2_IRQHandler                          0x0800011f   Thumb Code     0  startup_stm32f103xb.o(.text)
    TAMPER_IRQHandler                        0x0800011f   Thumb Code     0  startup_stm32f103xb.o(.text)
    TIM1_BRK_IRQHandler                      0x0800011f   Thumb Code     0  startup_stm32f103xb.o(.text)
    TIM1_CC_IRQHandler                       0x0800011f   Thumb Code     0  startup_stm32f103xb.o(.text)
    TIM1_TRG_COM_IRQHandler                  0x0800011f   Thumb Code     0  startup_stm32f103xb.o(.text)
    TIM1_UP_IRQHandler                       0x0800011f   Thumb Code     0  startup_stm32f103xb.o(.text)
    TIM2_IRQHandler                          0x0800011f   Thumb Code     0  startup_stm32f103xb.o(.text)
    TIM3_IRQHandler                          0x0800011f   Thumb Code     0  startup_stm32f103xb.o(.text)
    TIM4_IRQHandler                          0x0800011f   Thumb Code     0  startup_stm32f103xb.o(.text)
    USART1_IRQHandler                        0x0800011f   Thumb Code     0  startup_stm32f103xb.o(.text)
    USART2_IRQHandler                        0x0800011f   Thumb Code     0  startup_stm32f103xb.o(.text)
    USART3_IRQHandler                        0x0800011f   Thumb Code     0  startup_stm32f103xb.o(.text)
    USBWakeUp_IRQHandler                     0x0800011f   Thumb Code     0  startup_stm32f103xb.o(.text)
    USB_HP_CAN1_TX_IRQHandler                0x0800011f   Thumb Code     0  startup_stm32f103xb.o(.text)
    WWDG_IRQHandler                          0x0800011f   Thumb Code     0  startup_stm32f103xb.o(.text)
    __aeabi_llsr                             0x08000129   Thumb Code    32  llushr.o(.text)
    _ll_ushift_r                             0x08000129   Thumb Code     0  llushr.o(.text)
    __aeabi_memcpy                           0x08000149   Thumb Code    36  memcpya.o(.text)
    __aeabi_memcpy4                          0x08000149   Thumb Code     0  memcpya.o(.text)
    __aeabi_memcpy8                          0x08000149   Thumb Code     0  memcpya.o(.text)
    __aeabi_memset                           0x0800016d   Thumb Code    14  memseta.o(.text)
    __aeabi_memset4                          0x0800016d   Thumb Code     0  memseta.o(.text)
    __aeabi_memset8                          0x0800016d   Thumb Code     0  memseta.o(.text)
    __aeabi_memclr                           0x0800017b   Thumb Code     4  memseta.o(.text)
    __aeabi_memclr4                          0x0800017b   Thumb Code     0  memseta.o(.text)
    __aeabi_memclr8                          0x0800017b   Thumb Code     0  memseta.o(.text)
    _memset$wrapper                          0x0800017f   Thumb Code    18  memseta.o(.text)
    __aeabi_dmul                             0x08000191   Thumb Code   228  dmul.o(.text)
    __aeabi_ui2d                             0x08000275   Thumb Code    26  dfltui.o(.text)
    __aeabi_f2uiz                            0x0800028f   Thumb Code    40  ffixui.o(.text)
    __aeabi_d2f                              0x080002b7   Thumb Code    56  d2f.o(.text)
    __I$use$fp                               0x080002ef   Thumb Code     0  iusefp.o(.text)
    _float_round                             0x080002ef   Thumb Code    18  fepilogue.o(.text)
    _float_epilogue                          0x08000301   Thumb Code    92  fepilogue.o(.text)
    _double_round                            0x0800035d   Thumb Code    30  depilogue.o(.text)
    _double_epilogue                         0x0800037b   Thumb Code   156  depilogue.o(.text)
    __scatterload                            0x08000419   Thumb Code    28  init.o(.text)
    __scatterload_rt2                        0x08000419   Thumb Code     0  init.o(.text)
    __aeabi_llsl                             0x0800043d   Thumb Code    30  llshl.o(.text)
    _ll_shift_l                              0x0800043d   Thumb Code     0  llshl.o(.text)
    __decompress                             0x0800045b   Thumb Code     0  __dczerorl2.o(.text)
    __decompress1                            0x0800045b   Thumb Code    86  __dczerorl2.o(.text)
    ADC_ConversionStop_Disable               0x080004b1   Thumb Code    76  stm32f1xx_hal_adc.o(i.ADC_ConversionStop_Disable)
    ADC_DMAConvCplt                          0x080004fd   Thumb Code    78  stm32f1xx_hal_adc.o(i.ADC_DMAConvCplt)
    ADC_DMAError                             0x0800054b   Thumb Code    26  stm32f1xx_hal_adc.o(i.ADC_DMAError)
    ADC_DMAHalfConvCplt                      0x08000565   Thumb Code    10  stm32f1xx_hal_adc.o(i.ADC_DMAHalfConvCplt)
    ADC_Enable                               0x08000571   Thumb Code   104  stm32f1xx_hal_adc.o(i.ADC_Enable)
    BusFault_Handler                         0x080005e1   Thumb Code     2  stm32f1xx_it.o(i.BusFault_Handler)
    DMA1_Channel1_IRQHandler                 0x08000629   Thumb Code     6  stm32f1xx_it.o(i.DMA1_Channel1_IRQHandler)
    DWT_Init                                 0x08000661   Thumb Code    22  radio_mod.o(i.DWT_Init)
    DebugMon_Handler                         0x08000681   Thumb Code     2  stm32f1xx_it.o(i.DebugMon_Handler)
    Error_Handler                            0x08000683   Thumb Code     2  main.o(i.Error_Handler)
    HAL_ADCEx_Calibration_Start              0x08000685   Thumb Code   194  stm32f1xx_hal_adc_ex.o(i.HAL_ADCEx_Calibration_Start)
    HAL_ADC_ConfigChannel                    0x0800074d   Thumb Code   240  stm32f1xx_hal_adc.o(i.HAL_ADC_ConfigChannel)
    HAL_ADC_ConvCpltCallback                 0x08000849   Thumb Code    16  main.o(i.HAL_ADC_ConvCpltCallback)
    HAL_ADC_ConvHalfCpltCallback             0x08000861   Thumb Code     2  stm32f1xx_hal_adc.o(i.HAL_ADC_ConvHalfCpltCallback)
    HAL_ADC_ErrorCallback                    0x08000863   Thumb Code     2  stm32f1xx_hal_adc.o(i.HAL_ADC_ErrorCallback)
    HAL_ADC_Init                             0x08000865   Thumb Code   272  stm32f1xx_hal_adc.o(i.HAL_ADC_Init)
    HAL_ADC_MspInit                          0x08000981   Thumb Code   120  stm32f1xx_hal_msp.o(i.HAL_ADC_MspInit)
    HAL_ADC_Start_DMA                        0x08000a0d   Thumb Code   246  stm32f1xx_hal_adc.o(i.HAL_ADC_Start_DMA)
    HAL_DMA_IRQHandler                       0x08000b19   Thumb Code   316  stm32f1xx_hal_dma.o(i.HAL_DMA_IRQHandler)
    HAL_DMA_Init                             0x08000c6d   Thumb Code    84  stm32f1xx_hal_dma.o(i.HAL_DMA_Init)
    HAL_DMA_Start_IT                         0x08000cc9   Thumb Code   112  stm32f1xx_hal_dma.o(i.HAL_DMA_Start_IT)
    HAL_Delay                                0x08000d39   Thumb Code    32  stm32f1xx_hal.o(i.HAL_Delay)
    HAL_GPIO_Init                            0x08000d5d   Thumb Code   446  stm32f1xx_hal_gpio.o(i.HAL_GPIO_Init)
    HAL_GPIO_WritePin                        0x08000f3d   Thumb Code    10  stm32f1xx_hal_gpio.o(i.HAL_GPIO_WritePin)
    HAL_GetTick                              0x08000f49   Thumb Code     6  stm32f1xx_hal.o(i.HAL_GetTick)
    HAL_IncTick                              0x08000f55   Thumb Code    12  stm32f1xx_hal.o(i.HAL_IncTick)
    HAL_Init                                 0x08000f65   Thumb Code    32  stm32f1xx_hal.o(i.HAL_Init)
    HAL_InitTick                             0x08000f89   Thumb Code    54  stm32f1xx_hal.o(i.HAL_InitTick)
    HAL_MspInit                              0x08000fc9   Thumb Code    52  stm32f1xx_hal_msp.o(i.HAL_MspInit)
    HAL_NVIC_EnableIRQ                       0x08001005   Thumb Code    26  stm32f1xx_hal_cortex.o(i.HAL_NVIC_EnableIRQ)
    HAL_NVIC_SetPriority                     0x08001021   Thumb Code    60  stm32f1xx_hal_cortex.o(i.HAL_NVIC_SetPriority)
    HAL_NVIC_SetPriorityGrouping             0x08001061   Thumb Code    26  stm32f1xx_hal_cortex.o(i.HAL_NVIC_SetPriorityGrouping)
    HAL_PCDEx_PMAConfig                      0x08001085   Thumb Code    52  stm32f1xx_hal_pcd_ex.o(i.HAL_PCDEx_PMAConfig)
    HAL_PCDEx_SetConnectionState             0x080010b9   Thumb Code     2  usbd_conf.o(i.HAL_PCDEx_SetConnectionState)
    HAL_PCD_DataInStageCallback              0x080010bb   Thumb Code    14  usbd_conf.o(i.HAL_PCD_DataInStageCallback)
    HAL_PCD_DataOutStageCallback             0x080010c9   Thumb Code    16  usbd_conf.o(i.HAL_PCD_DataOutStageCallback)
    HAL_PCD_EP_Close                         0x080010d9   Thumb Code    72  stm32f1xx_hal_pcd.o(i.HAL_PCD_EP_Close)
    HAL_PCD_EP_ClrStall                      0x08001121   Thumb Code    88  stm32f1xx_hal_pcd.o(i.HAL_PCD_EP_ClrStall)
    HAL_PCD_EP_GetRxCount                    0x08001179   Thumb Code    14  stm32f1xx_hal_pcd.o(i.HAL_PCD_EP_GetRxCount)
    HAL_PCD_EP_Open                          0x08001187   Thumb Code    92  stm32f1xx_hal_pcd.o(i.HAL_PCD_EP_Open)
    HAL_PCD_EP_Receive                       0x080011e3   Thumb Code    46  stm32f1xx_hal_pcd.o(i.HAL_PCD_EP_Receive)
    HAL_PCD_EP_SetStall                      0x08001211   Thumb Code   106  stm32f1xx_hal_pcd.o(i.HAL_PCD_EP_SetStall)
    HAL_PCD_EP_Transmit                      0x0800127b   Thumb Code    42  stm32f1xx_hal_pcd.o(i.HAL_PCD_EP_Transmit)
    HAL_PCD_IRQHandler                       0x080012a5   Thumb Code   278  stm32f1xx_hal_pcd.o(i.HAL_PCD_IRQHandler)
    HAL_PCD_Init                             0x080013bd   Thumb Code   210  stm32f1xx_hal_pcd.o(i.HAL_PCD_Init)
    HAL_PCD_MspInit                          0x08001491   Thumb Code    50  usbd_conf.o(i.HAL_PCD_MspInit)
    HAL_PCD_ResetCallback                    0x080014cd   Thumb Code    38  usbd_conf.o(i.HAL_PCD_ResetCallback)
    HAL_PCD_ResumeCallback                   0x080014f3   Thumb Code     8  usbd_conf.o(i.HAL_PCD_ResumeCallback)
    HAL_PCD_SOFCallback                      0x080014fb   Thumb Code     8  usbd_conf.o(i.HAL_PCD_SOFCallback)
    HAL_PCD_SetAddress                       0x08001503   Thumb Code    40  stm32f1xx_hal_pcd.o(i.HAL_PCD_SetAddress)
    HAL_PCD_SetupStageCallback               0x0800152b   Thumb Code    14  usbd_conf.o(i.HAL_PCD_SetupStageCallback)
    HAL_PCD_Start                            0x08001539   Thumb Code    50  stm32f1xx_hal_pcd.o(i.HAL_PCD_Start)
    HAL_PCD_SuspendCallback                  0x0800156d   Thumb Code    30  usbd_conf.o(i.HAL_PCD_SuspendCallback)
    HAL_RCCEx_GetPeriphCLKFreq               0x08001591   Thumb Code   166  stm32f1xx_hal_rcc_ex.o(i.HAL_RCCEx_GetPeriphCLKFreq)
    HAL_RCCEx_PeriphCLKConfig                0x08001659   Thumb Code   224  stm32f1xx_hal_rcc_ex.o(i.HAL_RCCEx_PeriphCLKConfig)
    HAL_RCC_ClockConfig                      0x08001745   Thumb Code   280  stm32f1xx_hal_rcc.o(i.HAL_RCC_ClockConfig)
    HAL_RCC_GetPCLK2Freq                     0x08001871   Thumb Code    20  stm32f1xx_hal_rcc.o(i.HAL_RCC_GetPCLK2Freq)
    HAL_RCC_GetSysClockFreq                  0x08001891   Thumb Code    74  stm32f1xx_hal_rcc.o(i.HAL_RCC_GetSysClockFreq)
    HAL_RCC_OscConfig                        0x080018fd   Thumb Code   778  stm32f1xx_hal_rcc.o(i.HAL_RCC_OscConfig)
    HAL_SPI_Init                             0x08001c1d   Thumb Code   124  stm32f1xx_hal_spi.o(i.HAL_SPI_Init)
    HAL_SPI_MspInit                          0x08001c99   Thumb Code    98  stm32f1xx_hal_msp.o(i.HAL_SPI_MspInit)
    HAL_SPI_Receive                          0x08001d09   Thumb Code   336  stm32f1xx_hal_spi.o(i.HAL_SPI_Receive)
    HAL_SPI_Transmit                         0x08001e59   Thumb Code   348  stm32f1xx_hal_spi.o(i.HAL_SPI_Transmit)
    HAL_SPI_TransmitReceive                  0x08001fb5   Thumb Code   482  stm32f1xx_hal_spi.o(i.HAL_SPI_TransmitReceive)
    HAL_SYSTICK_Config                       0x08002197   Thumb Code    40  stm32f1xx_hal_cortex.o(i.HAL_SYSTICK_Config)
    HAL_TIMEx_MasterConfigSynchronization    0x080021bf   Thumb Code    66  stm32f1xx_hal_tim_ex.o(i.HAL_TIMEx_MasterConfigSynchronization)
    HAL_TIM_MspPostInit                      0x08002201   Thumb Code    64  stm32f1xx_hal_msp.o(i.HAL_TIM_MspPostInit)
    HAL_TIM_PWM_ConfigChannel                0x0800224d   Thumb Code   208  stm32f1xx_hal_tim.o(i.HAL_TIM_PWM_ConfigChannel)
    HAL_TIM_PWM_Init                         0x0800231d   Thumb Code    54  stm32f1xx_hal_tim.o(i.HAL_TIM_PWM_Init)
    HAL_TIM_PWM_MspInit                      0x08002355   Thumb Code    30  stm32f1xx_hal_msp.o(i.HAL_TIM_PWM_MspInit)
    HAL_TIM_PWM_Start_IT                     0x0800237d   Thumb Code   102  stm32f1xx_hal_tim.o(i.HAL_TIM_PWM_Start_IT)
    HardFault_Handler                        0x080023e9   Thumb Code     2  stm32f1xx_it.o(i.HardFault_Handler)
    MX_USB_DEVICE_Init                       0x080025e5   Thumb Code    66  usb_device.o(i.MX_USB_DEVICE_Init)
    MemManage_Handler                        0x08002639   Thumb Code     2  stm32f1xx_it.o(i.MemManage_Handler)
    NMI_Handler                              0x0800263b   Thumb Code     2  stm32f1xx_it.o(i.NMI_Handler)
    NRF_Init                                 0x0800263d   Thumb Code   170  radio_mod.o(i.NRF_Init)
    PendSV_Handler                           0x080029af   Thumb Code     2  stm32f1xx_it.o(i.PendSV_Handler)
    SVC_Handler                              0x08002ac1   Thumb Code     2  stm32f1xx_it.o(i.SVC_Handler)
    SysTick_Handler                          0x08002ac3   Thumb Code     4  stm32f1xx_it.o(i.SysTick_Handler)
    SystemClock_Config                       0x08002ac7   Thumb Code   100  main.o(i.SystemClock_Config)
    SystemInit                               0x08002b2d   Thumb Code    56  system_stm32f1xx.o(i.SystemInit)
    TIM_Base_SetConfig                       0x08002b75   Thumb Code    94  stm32f1xx_hal_tim.o(i.TIM_Base_SetConfig)
    TIM_CCxChannelCmd                        0x08002be1   Thumb Code    26  stm32f1xx_hal_tim.o(i.TIM_CCxChannelCmd)
    TIM_OC2_SetConfig                        0x08002c4d   Thumb Code    84  stm32f1xx_hal_tim.o(i.TIM_OC2_SetConfig)
    USBD_CDC_GetDeviceQualifierDescriptor    0x08002e1d   Thumb Code     8  usbd_cdc.o(i.USBD_CDC_GetDeviceQualifierDescriptor)
    USBD_CDC_ReceivePacket                   0x08002ee1   Thumb Code    40  usbd_cdc.o(i.USBD_CDC_ReceivePacket)
    USBD_CDC_RegisterInterface               0x08002f09   Thumb Code    16  usbd_cdc.o(i.USBD_CDC_RegisterInterface)
    USBD_CDC_SetRxBuffer                     0x08002f19   Thumb Code    12  usbd_cdc.o(i.USBD_CDC_SetRxBuffer)
    USBD_CDC_SetTxBuffer                     0x08002f25   Thumb Code    16  usbd_cdc.o(i.USBD_CDC_SetTxBuffer)
    USBD_ClrClassConfig                      0x08002fe1   Thumb Code    14  usbd_core.o(i.USBD_ClrClassConfig)
    USBD_CtlContinueRx                       0x08002fef   Thumb Code    16  usbd_ioreq.o(i.USBD_CtlContinueRx)
    USBD_CtlContinueSendData                 0x08002fff   Thumb Code    16  usbd_ioreq.o(i.USBD_CtlContinueSendData)
    USBD_CtlError                            0x0800300f   Thumb Code    22  usbd_ctlreq.o(i.USBD_CtlError)
    USBD_CtlPrepareRx                        0x08003025   Thumb Code    30  usbd_ioreq.o(i.USBD_CtlPrepareRx)
    USBD_CtlReceiveStatus                    0x08003043   Thumb Code    22  usbd_ioreq.o(i.USBD_CtlReceiveStatus)
    USBD_CtlSendData                         0x08003059   Thumb Code    26  usbd_ioreq.o(i.USBD_CtlSendData)
    USBD_CtlSendStatus                       0x08003073   Thumb Code    22  usbd_ioreq.o(i.USBD_CtlSendStatus)
    USBD_FS_ConfigStrDescriptor              0x08003089   Thumb Code    16  usbd_desc.o(i.USBD_FS_ConfigStrDescriptor)
    USBD_FS_DeviceDescriptor                 0x080030a9   Thumb Code     8  usbd_desc.o(i.USBD_FS_DeviceDescriptor)
    USBD_FS_InterfaceStrDescriptor           0x080030b5   Thumb Code    16  usbd_desc.o(i.USBD_FS_InterfaceStrDescriptor)
    USBD_FS_LangIDStrDescriptor              0x080030d9   Thumb Code     8  usbd_desc.o(i.USBD_FS_LangIDStrDescriptor)
    USBD_FS_ManufacturerStrDescriptor        0x080030e5   Thumb Code    16  usbd_desc.o(i.USBD_FS_ManufacturerStrDescriptor)
    USBD_FS_ProductStrDescriptor             0x0800310d   Thumb Code    16  usbd_desc.o(i.USBD_FS_ProductStrDescriptor)
    USBD_FS_SerialStrDescriptor              0x08003139   Thumb Code    48  usbd_desc.o(i.USBD_FS_SerialStrDescriptor)
    USBD_GetString                           0x08003259   Thumb Code    72  usbd_ctlreq.o(i.USBD_GetString)
    USBD_Init                                0x080032b9   Thumb Code    42  usbd_core.o(i.USBD_Init)
    USBD_LL_ClearStallEP                     0x080032e3   Thumb Code    18  usbd_conf.o(i.USBD_LL_ClearStallEP)
    USBD_LL_CloseEP                          0x080032f5   Thumb Code    18  usbd_conf.o(i.USBD_LL_CloseEP)
    USBD_LL_DataInStage                      0x08003307   Thumb Code   198  usbd_core.o(i.USBD_LL_DataInStage)
    USBD_LL_DataOutStage                     0x080033cd   Thumb Code   130  usbd_core.o(i.USBD_LL_DataOutStage)
    USBD_LL_GetRxDataSize                    0x0800344f   Thumb Code     8  usbd_conf.o(i.USBD_LL_GetRxDataSize)
    USBD_LL_Init                             0x08003459   Thumb Code   118  usbd_conf.o(i.USBD_LL_Init)
    USBD_LL_IsStallEP                        0x080034d9   Thumb Code    28  usbd_conf.o(i.USBD_LL_IsStallEP)
    USBD_LL_OpenEP                           0x080034f5   Thumb Code    24  usbd_conf.o(i.USBD_LL_OpenEP)
    USBD_LL_PrepareReceive                   0x0800350d   Thumb Code    18  usbd_conf.o(i.USBD_LL_PrepareReceive)
    USBD_LL_Reset                            0x0800351f   Thumb Code    80  usbd_core.o(i.USBD_LL_Reset)
    USBD_LL_Resume                           0x0800356f   Thumb Code    20  usbd_core.o(i.USBD_LL_Resume)
    USBD_LL_SOF                              0x08003583   Thumb Code    24  usbd_core.o(i.USBD_LL_SOF)
    USBD_LL_SetSpeed                         0x0800359b   Thumb Code     6  usbd_core.o(i.USBD_LL_SetSpeed)
    USBD_LL_SetUSBAddress                    0x080035a1   Thumb Code    18  usbd_conf.o(i.USBD_LL_SetUSBAddress)
    USBD_LL_SetupStage                       0x080035b3   Thumb Code    90  usbd_core.o(i.USBD_LL_SetupStage)
    USBD_LL_StallEP                          0x0800360d   Thumb Code    18  usbd_conf.o(i.USBD_LL_StallEP)
    USBD_LL_Start                            0x0800361f   Thumb Code    18  usbd_conf.o(i.USBD_LL_Start)
    USBD_LL_Suspend                          0x08003631   Thumb Code    18  usbd_core.o(i.USBD_LL_Suspend)
    USBD_LL_Transmit                         0x08003643   Thumb Code    18  usbd_conf.o(i.USBD_LL_Transmit)
    USBD_ParseSetupRequest                   0x08003655   Thumb Code    40  usbd_ctlreq.o(i.USBD_ParseSetupRequest)
    USBD_RegisterClass                       0x0800367d   Thumb Code    16  usbd_core.o(i.USBD_RegisterClass)
    USBD_SetClassConfig                      0x0800368d   Thumb Code    22  usbd_core.o(i.USBD_SetClassConfig)
    USBD_Start                               0x08003729   Thumb Code    10  usbd_core.o(i.USBD_Start)
    USBD_StdDevReq                           0x08003733   Thumb Code   274  usbd_ctlreq.o(i.USBD_StdDevReq)
    USBD_StdEPReq                            0x08003845   Thumb Code   336  usbd_ctlreq.o(i.USBD_StdEPReq)
    USBD_StdItfReq                           0x08003995   Thumb Code    78  usbd_ctlreq.o(i.USBD_StdItfReq)
    USBD_static_free                         0x080039e3   Thumb Code     2  usbd_conf.o(i.USBD_static_free)
    USBD_static_malloc                       0x080039e5   Thumb Code     4  usbd_conf.o(i.USBD_static_malloc)
    USB_ActivateEndpoint                     0x080039ed   Thumb Code   614  stm32f1xx_ll_usb.o(i.USB_ActivateEndpoint)
    USB_CoreInit                             0x08003c53   Thumb Code     4  stm32f1xx_ll_usb.o(i.USB_CoreInit)
    USB_DeactivateEndpoint                   0x08003c57   Thumb Code   270  stm32f1xx_ll_usb.o(i.USB_DeactivateEndpoint)
    USB_DevConnect                           0x08003d65   Thumb Code     4  stm32f1xx_ll_usb.o(i.USB_DevConnect)
    USB_DevDisconnect                        0x08003d69   Thumb Code     4  stm32f1xx_ll_usb.o(i.USB_DevDisconnect)
    USB_DevInit                              0x08003d6d   Thumb Code    30  stm32f1xx_ll_usb.o(i.USB_DevInit)
    USB_DisableGlobalInt                     0x08003d8b   Thumb Code    14  stm32f1xx_ll_usb.o(i.USB_DisableGlobalInt)
    USB_EP0_OutStart                         0x08003d99   Thumb Code     4  stm32f1xx_ll_usb.o(i.USB_EP0_OutStart)
    USB_EPClearStall                         0x08003d9d   Thumb Code   120  stm32f1xx_ll_usb.o(i.USB_EPClearStall)
    USB_EPSetStall                           0x08003e15   Thumb Code    50  stm32f1xx_ll_usb.o(i.USB_EPSetStall)
    USB_EPStartXfer                          0x08003e47   Thumb Code   412  stm32f1xx_ll_usb.o(i.USB_EPStartXfer)
    USB_EnableGlobalInt                      0x08003fe3   Thumb Code    14  stm32f1xx_ll_usb.o(i.USB_EnableGlobalInt)
    USB_LP_CAN1_RX0_IRQHandler               0x08003ff1   Thumb Code     6  stm32f1xx_it.o(i.USB_LP_CAN1_RX0_IRQHandler)
    USB_ReadInterrupts                       0x08003ffd   Thumb Code     6  stm32f1xx_ll_usb.o(i.USB_ReadInterrupts)
    USB_ReadPMA                              0x08004005   Thumb Code    44  stm32f1xx_ll_usb.o(i.USB_ReadPMA)
    USB_Reset                                0x08004031   Thumb Code    78  main.o(i.USB_Reset)
    USB_SetCurrentMode                       0x08004085   Thumb Code     4  stm32f1xx_ll_usb.o(i.USB_SetCurrentMode)
    USB_SetDevAddress                        0x08004089   Thumb Code    12  stm32f1xx_ll_usb.o(i.USB_SetDevAddress)
    USB_WritePMA                             0x08004095   Thumb Code    38  stm32f1xx_ll_usb.o(i.USB_WritePMA)
    UsageFault_Handler                       0x080040bb   Thumb Code     2  stm32f1xx_it.o(i.UsageFault_Handler)
    __scatterload_copy                       0x080040dd   Thumb Code    14  handlers.o(i.__scatterload_copy)
    __scatterload_null                       0x080040eb   Thumb Code     2  handlers.o(i.__scatterload_null)
    __scatterload_zeroinit                   0x080040ed   Thumb Code    14  handlers.o(i.__scatterload_zeroinit)
    available                                0x080040fb   Thumb Code    34  radio_mod.o(i.available)
    ce                                       0x0800411d   Thumb Code    10  radio_mod.o(i.ce)
    closeReadingPipe                         0x0800412d   Thumb Code    32  radio_mod.o(i.closeReadingPipe)
    csn                                      0x08004151   Thumb Code    22  radio_mod.o(i.csn)
    delay_us                                 0x0800416d   Thumb Code    26  radio_mod.o(i.delay_us)
    enableAckPayload                         0x08004195   Thumb Code    42  radio_mod.o(i.enableAckPayload)
    getDynamicPayloadSize                    0x080041c5   Thumb Code    80  radio_mod.o(i.getDynamicPayloadSize)
    get_status                               0x08004219   Thumb Code     6  radio_mod.o(i.get_status)
    isChipConnected                          0x0800421f   Thumb Code    22  radio_mod.o(i.isChipConnected)
    main                                     0x08004235   Thumb Code   746  main.o(i.main)
    map                                      0x08004549   Thumb Code    20  main.o(i.map)
    maskIRQ                                  0x0800455d   Thumb Code    40  radio_mod.o(i.maskIRQ)
    openReadingPipe                          0x08004585   Thumb Code    88  radio_mod.o(i.openReadingPipe)
    powerUp                                  0x080045e5   Thumb Code    34  radio_mod.o(i.powerUp)
    read                                     0x08004607   Thumb Code    18  radio_mod.o(i.read)
    read_payload                             0x08004619   Thumb Code   106  radio_mod.o(i.read_payload)
    read_register                            0x0800468d   Thumb Code    64  radio_mod.o(i.read_register)
    setChannel                               0x080046d1   Thumb Code     8  radio_mod.o(i.setChannel)
    setDataRate                              0x080046d9   Thumb Code    72  radio_mod.o(i.setDataRate)
    setPALevel                               0x08004725   Thumb Code    42  radio_mod.o(i.setPALevel)
    setRetries                               0x0800474f   Thumb Code    14  radio_mod.o(i.setRetries)
    spiTrans                                 0x0800475d   Thumb Code    44  radio_mod.o(i.spiTrans)
    startListening                           0x0800478d   Thumb Code    86  radio_mod.o(i.startListening)
    toggle_features                          0x080047e9   Thumb Code    50  radio_mod.o(i.toggle_features)
    writeAckPayload                          0x08004821   Thumb Code    66  radio_mod.o(i.writeAckPayload)
    write_register                           0x08004869   Thumb Code    72  radio_mod.o(i.write_register)
    write_registerMy                         0x080048b5   Thumb Code    70  radio_mod.o(i.write_registerMy)
    AHBPrescTable                            0x08004912   Data          16  system_stm32f1xx.o(.constdata)
    APBPrescTable                            0x08004922   Data           8  system_stm32f1xx.o(.constdata)
    Region$$Table$$Base                      0x0800492c   Number         0  anon$$obj.o(Region$$Table)
    Region$$Table$$Limit                     0x0800494c   Number         0  anon$$obj.o(Region$$Table)
    flag                                     0x20000000   Data           1  main.o(.data)
    wing                                     0x20000001   Data           1  main.o(.data)
    adc                                      0x20000004   Data           4  main.o(.data)
    subtrim                                  0x20000008   Data           4  main.o(.data)
    sens1                                    0x2000000c   Data           4  main.o(.data)
    sens2                                    0x20000010   Data           4  main.o(.data)
    vbat1                                    0x20000014   Data           4  main.o(.data)
    vbat2                                    0x20000018   Data           4  main.o(.data)
    FS_Desc                                  0x2000001c   Data          28  usbd_desc.o(.data)
    USBD_LangIDDesc                          0x20000038   Data           4  usbd_desc.o(.data)
    USBD_FS_DeviceDesc                       0x2000003c   Data          18  usbd_desc.o(.data)
    USBD_StringSerial                        0x20000050   Data          26  usbd_desc.o(.data)
    USBD_Interface_fops_FS                   0x2000006c   Data          16  usbd_cdc_if.o(.data)
    payload_size                             0x2000007c   Data           1  radio_mod.o(.data)
    addr_width                               0x2000007d   Data           1  radio_mod.o(.data)
    txDelay                                  0x2000007e   Data           1  radio_mod.o(.data)
    p_variant                                0x2000007f   Data           1  radio_mod.o(.data)
    dynamic_payloads_enabled                 0x20000080   Data           1  radio_mod.o(.data)
    pipe0_reading_address                    0x20000081   Data           5  radio_mod.o(.data)
    uwTickFreq                               0x20000088   Data           1  stm32f1xx_hal.o(.data)
    uwTickPrio                               0x2000008c   Data           4  stm32f1xx_hal.o(.data)
    uwTick                                   0x20000090   Data           4  stm32f1xx_hal.o(.data)
    SystemCoreClock                          0x20000094   Data           4  system_stm32f1xx.o(.data)
    USBD_CDC_CfgHSDesc                       0x200000a8   Data          67  usbd_cdc.o(.data)
    USBD_CDC_CfgFSDesc                       0x200000ec   Data          67  usbd_cdc.o(.data)
    USBD_CDC_OtherSpeedCfgDesc               0x20000130   Data          67  usbd_cdc.o(.data)
    USBD_CDC                                 0x20000174   Data          56  usbd_cdc.o(.data)
    hadc1                                    0x200001ac   Data          48  main.o(.bss)
    hspi1                                    0x200001dc   Data          88  main.o(.bss)
    htim4                                    0x20000234   Data          64  main.o(.bss)
    hdma_adc1                                0x20000274   Data          68  main.o(.bss)
    hUsbDeviceFS                             0x200002b8   Data         708  usb_device.o(.bss)
    hpcd_USB_FS                              0x2000079c   Data         620  usbd_conf.o(.bss)
    USBD_StrDesc                             0x20000a08   Data         512  usbd_desc.o(.bss)
    UserRxBufferFS                           0x20000c08   Data        1000  usbd_cdc_if.o(.bss)
    UserTxBufferFS                           0x20000ff0   Data        1000  usbd_cdc_if.o(.bss)
    __initial_sp                             0x200017d8   Data           0  startup_stm32f103xb.o(STACK)



==============================================================================

Memory Map of the image

  Image Entry point : 0x080000ed

  Load Region LR_IROM1 (Base: 0x08000000, Size: 0x00004af8, Max: 0x00010000, ABSOLUTE, COMPRESSED[0x00004a18])

    Execution Region ER_IROM1 (Exec base: 0x08000000, Load base: 0x08000000, Size: 0x0000494c, Max: 0x00010000, ABSOLUTE)

    Exec Addr    Load Addr    Size         Type   Attr      Idx    E Section Name        Object

    0x08000000   0x08000000   0x000000ec   Data   RO            3    RESET               startup_stm32f103xb.o
    0x080000ec   0x080000ec   0x00000000   Code   RO         4615  * .ARM.Collect$$$$00000000  mc_w.l(entry.o)
    0x080000ec   0x080000ec   0x00000004   Code   RO         4634    .ARM.Collect$$$$00000001  mc_w.l(entry2.o)
    0x080000f0   0x080000f0   0x00000004   Code   RO         4637    .ARM.Collect$$$$00000004  mc_w.l(entry5.o)
    0x080000f4   0x080000f4   0x00000000   Code   RO         4639    .ARM.Collect$$$$00000008  mc_w.l(entry7b.o)
    0x080000f4   0x080000f4   0x00000000   Code   RO         4641    .ARM.Collect$$$$0000000A  mc_w.l(entry8b.o)
    0x080000f4   0x080000f4   0x00000008   Code   RO         4642    .ARM.Collect$$$$0000000B  mc_w.l(entry9a.o)
    0x080000fc   0x080000fc   0x00000004   Code   RO         4649    .ARM.Collect$$$$0000000E  mc_w.l(entry12b.o)
    0x08000100   0x08000100   0x00000000   Code   RO         4644    .ARM.Collect$$$$0000000F  mc_w.l(entry10a.o)
    0x08000100   0x08000100   0x00000000   Code   RO         4646    .ARM.Collect$$$$00000011  mc_w.l(entry11a.o)
    0x08000100   0x08000100   0x00000004   Code   RO         4635    .ARM.Collect$$$$00002712  mc_w.l(entry2.o)
    0x08000104   0x08000104   0x00000024   Code   RO            4    .text               startup_stm32f103xb.o
    0x08000128   0x08000128   0x00000020   Code   RO         4618    .text               mc_w.l(llushr.o)
    0x08000148   0x08000148   0x00000024   Code   RO         4620    .text               mc_w.l(memcpya.o)
    0x0800016c   0x0800016c   0x00000024   Code   RO         4622    .text               mc_w.l(memseta.o)
    0x08000190   0x08000190   0x000000e4   Code   RO         4626    .text               mf_w.l(dmul.o)
    0x08000274   0x08000274   0x0000001a   Code   RO         4628    .text               mf_w.l(dfltui.o)
    0x0800028e   0x0800028e   0x00000028   Code   RO         4630    .text               mf_w.l(ffixui.o)
    0x080002b6   0x080002b6   0x00000038   Code   RO         4632    .text               mf_w.l(d2f.o)
    0x080002ee   0x080002ee   0x00000000   Code   RO         4650    .text               mc_w.l(iusefp.o)
    0x080002ee   0x080002ee   0x0000006e   Code   RO         4651    .text               mf_w.l(fepilogue.o)
    0x0800035c   0x0800035c   0x000000ba   Code   RO         4653    .text               mf_w.l(depilogue.o)
    0x08000416   0x08000416   0x00000002   PAD
    0x08000418   0x08000418   0x00000024   Code   RO         4655    .text               mc_w.l(init.o)
    0x0800043c   0x0800043c   0x0000001e   Code   RO         4657    .text               mc_w.l(llshl.o)
    0x0800045a   0x0800045a   0x00000056   Code   RO         4667    .text               mc_w.l(__dczerorl2.o)
    0x080004b0   0x080004b0   0x0000004c   Code   RO         1710    i.ADC_ConversionStop_Disable  stm32f1xx_hal_adc.o
    0x080004fc   0x080004fc   0x0000004e   Code   RO         1711    i.ADC_DMAConvCplt   stm32f1xx_hal_adc.o
    0x0800054a   0x0800054a   0x0000001a   Code   RO         1712    i.ADC_DMAError      stm32f1xx_hal_adc.o
    0x08000564   0x08000564   0x0000000a   Code   RO         1713    i.ADC_DMAHalfConvCplt  stm32f1xx_hal_adc.o
    0x0800056e   0x0800056e   0x00000002   PAD
    0x08000570   0x08000570   0x00000070   Code   RO         1714    i.ADC_Enable        stm32f1xx_hal_adc.o
    0x080005e0   0x080005e0   0x00000002   Code   RO          735    i.BusFault_Handler  stm32f1xx_it.o
    0x080005e2   0x080005e2   0x00000004   Code   RO          683    i.CDC_Control_FS    usbd_cdc_if.o
    0x080005e6   0x080005e6   0x00000004   Code   RO          684    i.CDC_DeInit_FS     usbd_cdc_if.o
    0x080005ea   0x080005ea   0x00000002   PAD
    0x080005ec   0x080005ec   0x00000024   Code   RO          685    i.CDC_Init_FS       usbd_cdc_if.o
    0x08000610   0x08000610   0x00000018   Code   RO          686    i.CDC_Receive_FS    usbd_cdc_if.o
    0x08000628   0x08000628   0x0000000c   Code   RO          736    i.DMA1_Channel1_IRQHandler  stm32f1xx_it.o
    0x08000634   0x08000634   0x0000002a   Code   RO         3614    i.DMA_SetConfig     stm32f1xx_hal_dma.o
    0x0800065e   0x0800065e   0x00000002   PAD
    0x08000660   0x08000660   0x00000020   Code   RO          890    i.DWT_Init          radio_mod.o
    0x08000680   0x08000680   0x00000002   Code   RO          737    i.DebugMon_Handler  stm32f1xx_it.o
    0x08000682   0x08000682   0x00000002   Code   RO           13    i.Error_Handler     main.o
    0x08000684   0x08000684   0x000000c8   Code   RO         1890    i.HAL_ADCEx_Calibration_Start  stm32f1xx_hal_adc_ex.o
    0x0800074c   0x0800074c   0x000000fc   Code   RO         1716    i.HAL_ADC_ConfigChannel  stm32f1xx_hal_adc.o
    0x08000848   0x08000848   0x00000018   Code   RO           14    i.HAL_ADC_ConvCpltCallback  main.o
    0x08000860   0x08000860   0x00000002   Code   RO         1718    i.HAL_ADC_ConvHalfCpltCallback  stm32f1xx_hal_adc.o
    0x08000862   0x08000862   0x00000002   Code   RO         1720    i.HAL_ADC_ErrorCallback  stm32f1xx_hal_adc.o
    0x08000864   0x08000864   0x0000011c   Code   RO         1725    i.HAL_ADC_Init      stm32f1xx_hal_adc.o
    0x08000980   0x08000980   0x0000008c   Code   RO          824    i.HAL_ADC_MspInit   stm32f1xx_hal_msp.o
    0x08000a0c   0x08000a0c   0x0000010c   Code   RO         1732    i.HAL_ADC_Start_DMA  stm32f1xx_hal_adc.o
    0x08000b18   0x08000b18   0x00000154   Code   RO         3620    i.HAL_DMA_IRQHandler  stm32f1xx_hal_dma.o
    0x08000c6c   0x08000c6c   0x0000005c   Code   RO         3621    i.HAL_DMA_Init      stm32f1xx_hal_dma.o
    0x08000cc8   0x08000cc8   0x00000070   Code   RO         3625    i.HAL_DMA_Start_IT  stm32f1xx_hal_dma.o
    0x08000d38   0x08000d38   0x00000024   Code   RO         3243    i.HAL_Delay         stm32f1xx_hal.o
    0x08000d5c   0x08000d5c   0x000001e0   Code   RO         3551    i.HAL_GPIO_Init     stm32f1xx_hal_gpio.o
    0x08000f3c   0x08000f3c   0x0000000a   Code   RO         3555    i.HAL_GPIO_WritePin  stm32f1xx_hal_gpio.o
    0x08000f46   0x08000f46   0x00000002   PAD
    0x08000f48   0x08000f48   0x0000000c   Code   RO         3247    i.HAL_GetTick       stm32f1xx_hal.o
    0x08000f54   0x08000f54   0x00000010   Code   RO         3253    i.HAL_IncTick       stm32f1xx_hal.o
    0x08000f64   0x08000f64   0x00000024   Code   RO         3254    i.HAL_Init          stm32f1xx_hal.o
    0x08000f88   0x08000f88   0x00000040   Code   RO         3255    i.HAL_InitTick      stm32f1xx_hal.o
    0x08000fc8   0x08000fc8   0x0000003c   Code   RO          825    i.HAL_MspInit       stm32f1xx_hal_msp.o
    0x08001004   0x08001004   0x0000001a   Code   RO         3711    i.HAL_NVIC_EnableIRQ  stm32f1xx_hal_cortex.o
    0x0800101e   0x0800101e   0x00000002   PAD
    0x08001020   0x08001020   0x00000040   Code   RO         3717    i.HAL_NVIC_SetPriority  stm32f1xx_hal_cortex.o
    0x08001060   0x08001060   0x00000024   Code   RO         3718    i.HAL_NVIC_SetPriorityGrouping  stm32f1xx_hal_cortex.o
    0x08001084   0x08001084   0x00000034   Code   RO         1473    i.HAL_PCDEx_PMAConfig  stm32f1xx_hal_pcd_ex.o
    0x080010b8   0x080010b8   0x00000002   Code   RO          385    i.HAL_PCDEx_SetConnectionState  usbd_conf.o
    0x080010ba   0x080010ba   0x0000000e   Code   RO          387    i.HAL_PCD_DataInStageCallback  usbd_conf.o
    0x080010c8   0x080010c8   0x00000010   Code   RO          388    i.HAL_PCD_DataOutStageCallback  usbd_conf.o
    0x080010d8   0x080010d8   0x00000048   Code   RO         1265    i.HAL_PCD_EP_Close  stm32f1xx_hal_pcd.o
    0x08001120   0x08001120   0x00000058   Code   RO         1266    i.HAL_PCD_EP_ClrStall  stm32f1xx_hal_pcd.o
    0x08001178   0x08001178   0x0000000e   Code   RO         1268    i.HAL_PCD_EP_GetRxCount  stm32f1xx_hal_pcd.o
    0x08001186   0x08001186   0x0000005c   Code   RO         1269    i.HAL_PCD_EP_Open   stm32f1xx_hal_pcd.o
    0x080011e2   0x080011e2   0x0000002e   Code   RO         1270    i.HAL_PCD_EP_Receive  stm32f1xx_hal_pcd.o
    0x08001210   0x08001210   0x0000006a   Code   RO         1271    i.HAL_PCD_EP_SetStall  stm32f1xx_hal_pcd.o
    0x0800127a   0x0800127a   0x0000002a   Code   RO         1272    i.HAL_PCD_EP_Transmit  stm32f1xx_hal_pcd.o
    0x080012a4   0x080012a4   0x00000116   Code   RO         1274    i.HAL_PCD_IRQHandler  stm32f1xx_hal_pcd.o
    0x080013ba   0x080013ba   0x00000002   PAD
    0x080013bc   0x080013bc   0x000000d2   Code   RO         1277    i.HAL_PCD_Init      stm32f1xx_hal_pcd.o
    0x0800148e   0x0800148e   0x00000002   PAD
    0x08001490   0x08001490   0x0000003c   Code   RO          393    i.HAL_PCD_MspInit   usbd_conf.o
    0x080014cc   0x080014cc   0x00000026   Code   RO          394    i.HAL_PCD_ResetCallback  usbd_conf.o
    0x080014f2   0x080014f2   0x00000008   Code   RO          395    i.HAL_PCD_ResumeCallback  usbd_conf.o
    0x080014fa   0x080014fa   0x00000008   Code   RO          396    i.HAL_PCD_SOFCallback  usbd_conf.o
    0x08001502   0x08001502   0x00000028   Code   RO         1283    i.HAL_PCD_SetAddress  stm32f1xx_hal_pcd.o
    0x0800152a   0x0800152a   0x0000000e   Code   RO          397    i.HAL_PCD_SetupStageCallback  usbd_conf.o
    0x08001538   0x08001538   0x00000032   Code   RO         1285    i.HAL_PCD_Start     stm32f1xx_hal_pcd.o
    0x0800156a   0x0800156a   0x00000002   PAD
    0x0800156c   0x0800156c   0x00000024   Code   RO          398    i.HAL_PCD_SuspendCallback  usbd_conf.o
    0x08001590   0x08001590   0x000000c8   Code   RO         3513    i.HAL_RCCEx_GetPeriphCLKFreq  stm32f1xx_hal_rcc_ex.o
    0x08001658   0x08001658   0x000000ec   Code   RO         3514    i.HAL_RCCEx_PeriphCLKConfig  stm32f1xx_hal_rcc_ex.o
    0x08001744   0x08001744   0x0000012c   Code   RO         3411    i.HAL_RCC_ClockConfig  stm32f1xx_hal_rcc.o
    0x08001870   0x08001870   0x00000020   Code   RO         3419    i.HAL_RCC_GetPCLK2Freq  stm32f1xx_hal_rcc.o
    0x08001890   0x08001890   0x0000006c   Code   RO         3420    i.HAL_RCC_GetSysClockFreq  stm32f1xx_hal_rcc.o
    0x080018fc   0x080018fc   0x00000320   Code   RO         3423    i.HAL_RCC_OscConfig  stm32f1xx_hal_rcc.o
    0x08001c1c   0x08001c1c   0x0000007c   Code   RO         1997    i.HAL_SPI_Init      stm32f1xx_hal_spi.o
    0x08001c98   0x08001c98   0x00000070   Code   RO          827    i.HAL_SPI_MspInit   stm32f1xx_hal_msp.o
    0x08001d08   0x08001d08   0x00000150   Code   RO         2000    i.HAL_SPI_Receive   stm32f1xx_hal_spi.o
    0x08001e58   0x08001e58   0x0000015c   Code   RO         2005    i.HAL_SPI_Transmit  stm32f1xx_hal_spi.o
    0x08001fb4   0x08001fb4   0x000001e2   Code   RO         2006    i.HAL_SPI_TransmitReceive  stm32f1xx_hal_spi.o
    0x08002196   0x08002196   0x00000028   Code   RO         3722    i.HAL_SYSTICK_Config  stm32f1xx_hal_cortex.o
    0x080021be   0x080021be   0x00000042   Code   RO         3003    i.HAL_TIMEx_MasterConfigSynchronization  stm32f1xx_hal_tim_ex.o
    0x08002200   0x08002200   0x0000004c   Code   RO          828    i.HAL_TIM_MspPostInit  stm32f1xx_hal_msp.o
    0x0800224c   0x0800224c   0x000000d0   Code   RO         2377    i.HAL_TIM_PWM_ConfigChannel  stm32f1xx_hal_tim.o
    0x0800231c   0x0800231c   0x00000036   Code   RO         2380    i.HAL_TIM_PWM_Init  stm32f1xx_hal_tim.o
    0x08002352   0x08002352   0x00000002   PAD
    0x08002354   0x08002354   0x00000028   Code   RO          830    i.HAL_TIM_PWM_MspInit  stm32f1xx_hal_msp.o
    0x0800237c   0x0800237c   0x0000006c   Code   RO         2387    i.HAL_TIM_PWM_Start_IT  stm32f1xx_hal_tim.o
    0x080023e8   0x080023e8   0x00000002   Code   RO          738    i.HardFault_Handler  stm32f1xx_it.o
    0x080023ea   0x080023ea   0x00000002   PAD
    0x080023ec   0x080023ec   0x00000038   Code   RO          597    i.IntToUnicode      usbd_desc.o
    0x08002424   0x08002424   0x00000050   Code   RO           15    i.MX_ADC1_Init      main.o
    0x08002474   0x08002474   0x000000c0   Code   RO           16    i.MX_GPIO_Init      main.o
    0x08002534   0x08002534   0x00000038   Code   RO           17    i.MX_SPI1_Init      main.o
    0x0800256c   0x0800256c   0x00000078   Code   RO           18    i.MX_TIM4_Init      main.o
    0x080025e4   0x080025e4   0x00000054   Code   RO          235    i.MX_USB_DEVICE_Init  usb_device.o
    0x08002638   0x08002638   0x00000002   Code   RO          739    i.MemManage_Handler  stm32f1xx_it.o
    0x0800263a   0x0800263a   0x00000002   Code   RO          740    i.NMI_Handler       stm32f1xx_it.o
    0x0800263c   0x0800263c   0x000000b0   Code   RO          891    i.NRF_Init          radio_mod.o
    0x080026ec   0x080026ec   0x000002c2   Code   RO         1288    i.PCD_EP_ISR_Handler  stm32f1xx_hal_pcd.o
    0x080029ae   0x080029ae   0x00000002   Code   RO          741    i.PendSV_Handler    stm32f1xx_it.o
    0x080029b0   0x080029b0   0x0000005c   Code   RO         2034    i.SPI_EndRxTransaction  stm32f1xx_hal_spi.o
    0x08002a0c   0x08002a0c   0x00000020   Code   RO         2035    i.SPI_EndRxTxTransaction  stm32f1xx_hal_spi.o
    0x08002a2c   0x08002a2c   0x00000094   Code   RO         2040    i.SPI_WaitFlagStateUntilTimeout  stm32f1xx_hal_spi.o
    0x08002ac0   0x08002ac0   0x00000002   Code   RO          742    i.SVC_Handler       stm32f1xx_it.o
    0x08002ac2   0x08002ac2   0x00000004   Code   RO          743    i.SysTick_Handler   stm32f1xx_it.o
    0x08002ac6   0x08002ac6   0x00000064   Code   RO           19    i.SystemClock_Config  main.o
    0x08002b2a   0x08002b2a   0x00000002   PAD
    0x08002b2c   0x08002b2c   0x00000048   Code   RO         4212    i.SystemInit        system_stm32f1xx.o
    0x08002b74   0x08002b74   0x0000006c   Code   RO         2398    i.TIM_Base_SetConfig  stm32f1xx_hal_tim.o
    0x08002be0   0x08002be0   0x0000001a   Code   RO         2399    i.TIM_CCxChannelCmd  stm32f1xx_hal_tim.o
    0x08002bfa   0x08002bfa   0x00000002   PAD
    0x08002bfc   0x08002bfc   0x00000050   Code   RO         2411    i.TIM_OC1_SetConfig  stm32f1xx_hal_tim.o
    0x08002c4c   0x08002c4c   0x00000058   Code   RO         2412    i.TIM_OC2_SetConfig  stm32f1xx_hal_tim.o
    0x08002ca4   0x08002ca4   0x00000058   Code   RO         2413    i.TIM_OC3_SetConfig  stm32f1xx_hal_tim.o
    0x08002cfc   0x08002cfc   0x00000044   Code   RO         2414    i.TIM_OC4_SetConfig  stm32f1xx_hal_tim.o
    0x08002d40   0x08002d40   0x00000046   Code   RO         4512    i.USBD_CDC_DataIn   usbd_cdc.o
    0x08002d86   0x08002d86   0x0000002e   Code   RO         4513    i.USBD_CDC_DataOut  usbd_cdc.o
    0x08002db4   0x08002db4   0x00000044   Code   RO         4514    i.USBD_CDC_DeInit   usbd_cdc.o
    0x08002df8   0x08002df8   0x00000024   Code   RO         4515    i.USBD_CDC_EP0_RxReady  usbd_cdc.o
    0x08002e1c   0x08002e1c   0x0000000c   Code   RO         4516    i.USBD_CDC_GetDeviceQualifierDescriptor  usbd_cdc.o
    0x08002e28   0x08002e28   0x0000000c   Code   RO         4517    i.USBD_CDC_GetFSCfgDesc  usbd_cdc.o
    0x08002e34   0x08002e34   0x0000000c   Code   RO         4518    i.USBD_CDC_GetHSCfgDesc  usbd_cdc.o
    0x08002e40   0x08002e40   0x0000000c   Code   RO         4519    i.USBD_CDC_GetOtherSpeedCfgDesc  usbd_cdc.o
    0x08002e4c   0x08002e4c   0x00000094   Code   RO         4520    i.USBD_CDC_Init     usbd_cdc.o
    0x08002ee0   0x08002ee0   0x00000028   Code   RO         4521    i.USBD_CDC_ReceivePacket  usbd_cdc.o
    0x08002f08   0x08002f08   0x00000010   Code   RO         4522    i.USBD_CDC_RegisterInterface  usbd_cdc.o
    0x08002f18   0x08002f18   0x0000000c   Code   RO         4523    i.USBD_CDC_SetRxBuffer  usbd_cdc.o
    0x08002f24   0x08002f24   0x00000010   Code   RO         4524    i.USBD_CDC_SetTxBuffer  usbd_cdc.o
    0x08002f34   0x08002f34   0x000000ac   Code   RO         4525    i.USBD_CDC_Setup    usbd_cdc.o
    0x08002fe0   0x08002fe0   0x0000000e   Code   RO         4249    i.USBD_ClrClassConfig  usbd_core.o
    0x08002fee   0x08002fee   0x00000010   Code   RO         4452    i.USBD_CtlContinueRx  usbd_ioreq.o
    0x08002ffe   0x08002ffe   0x00000010   Code   RO         4453    i.USBD_CtlContinueSendData  usbd_ioreq.o
    0x0800300e   0x0800300e   0x00000016   Code   RO         4387    i.USBD_CtlError     usbd_ctlreq.o
    0x08003024   0x08003024   0x0000001e   Code   RO         4454    i.USBD_CtlPrepareRx  usbd_ioreq.o
    0x08003042   0x08003042   0x00000016   Code   RO         4455    i.USBD_CtlReceiveStatus  usbd_ioreq.o
    0x08003058   0x08003058   0x0000001a   Code   RO         4456    i.USBD_CtlSendData  usbd_ioreq.o
    0x08003072   0x08003072   0x00000016   Code   RO         4457    i.USBD_CtlSendStatus  usbd_ioreq.o
    0x08003088   0x08003088   0x00000020   Code   RO          598    i.USBD_FS_ConfigStrDescriptor  usbd_desc.o
    0x080030a8   0x080030a8   0x0000000c   Code   RO          599    i.USBD_FS_DeviceDescriptor  usbd_desc.o
    0x080030b4   0x080030b4   0x00000024   Code   RO          600    i.USBD_FS_InterfaceStrDescriptor  usbd_desc.o
    0x080030d8   0x080030d8   0x0000000c   Code   RO          601    i.USBD_FS_LangIDStrDescriptor  usbd_desc.o
    0x080030e4   0x080030e4   0x00000028   Code   RO          602    i.USBD_FS_ManufacturerStrDescriptor  usbd_desc.o
    0x0800310c   0x0800310c   0x0000002c   Code   RO          603    i.USBD_FS_ProductStrDescriptor  usbd_desc.o
    0x08003138   0x08003138   0x00000038   Code   RO          604    i.USBD_FS_SerialStrDescriptor  usbd_desc.o
    0x08003170   0x08003170   0x000000e8   Code   RO         4388    i.USBD_GetDescriptor  usbd_ctlreq.o
    0x08003258   0x08003258   0x00000048   Code   RO         4389    i.USBD_GetString    usbd_ctlreq.o
    0x080032a0   0x080032a0   0x00000018   Code   RO          399    i.USBD_Get_USB_Status  usbd_conf.o
    0x080032b8   0x080032b8   0x0000002a   Code   RO         4251    i.USBD_Init         usbd_core.o
    0x080032e2   0x080032e2   0x00000012   Code   RO          400    i.USBD_LL_ClearStallEP  usbd_conf.o
    0x080032f4   0x080032f4   0x00000012   Code   RO          401    i.USBD_LL_CloseEP   usbd_conf.o
    0x08003306   0x08003306   0x000000c6   Code   RO         4252    i.USBD_LL_DataInStage  usbd_core.o
    0x080033cc   0x080033cc   0x00000082   Code   RO         4253    i.USBD_LL_DataOutStage  usbd_core.o
    0x0800344e   0x0800344e   0x00000008   Code   RO          405    i.USBD_LL_GetRxDataSize  usbd_conf.o
    0x08003456   0x08003456   0x00000002   PAD
    0x08003458   0x08003458   0x00000080   Code   RO          406    i.USBD_LL_Init      usbd_conf.o
    0x080034d8   0x080034d8   0x0000001c   Code   RO          407    i.USBD_LL_IsStallEP  usbd_conf.o
    0x080034f4   0x080034f4   0x00000018   Code   RO          408    i.USBD_LL_OpenEP    usbd_conf.o
    0x0800350c   0x0800350c   0x00000012   Code   RO          409    i.USBD_LL_PrepareReceive  usbd_conf.o
    0x0800351e   0x0800351e   0x00000050   Code   RO         4258    i.USBD_LL_Reset     usbd_core.o
    0x0800356e   0x0800356e   0x00000014   Code   RO         4259    i.USBD_LL_Resume    usbd_core.o
    0x08003582   0x08003582   0x00000018   Code   RO         4260    i.USBD_LL_SOF       usbd_core.o
    0x0800359a   0x0800359a   0x00000006   Code   RO         4261    i.USBD_LL_SetSpeed  usbd_core.o
    0x080035a0   0x080035a0   0x00000012   Code   RO          410    i.USBD_LL_SetUSBAddress  usbd_conf.o
    0x080035b2   0x080035b2   0x0000005a   Code   RO         4262    i.USBD_LL_SetupStage  usbd_core.o
    0x0800360c   0x0800360c   0x00000012   Code   RO          411    i.USBD_LL_StallEP   usbd_conf.o
    0x0800361e   0x0800361e   0x00000012   Code   RO          412    i.USBD_LL_Start     usbd_conf.o
    0x08003630   0x08003630   0x00000012   Code   RO         4263    i.USBD_LL_Suspend   usbd_core.o
    0x08003642   0x08003642   0x00000012   Code   RO          414    i.USBD_LL_Transmit  usbd_conf.o
    0x08003654   0x08003654   0x00000028   Code   RO         4390    i.USBD_ParseSetupRequest  usbd_ctlreq.o
    0x0800367c   0x0800367c   0x00000010   Code   RO         4264    i.USBD_RegisterClass  usbd_core.o
    0x0800368c   0x0800368c   0x00000016   Code   RO         4266    i.USBD_SetClassConfig  usbd_core.o
    0x080036a2   0x080036a2   0x00000002   PAD
    0x080036a4   0x080036a4   0x00000084   Code   RO         4391    i.USBD_SetConfig    usbd_ctlreq.o
    0x08003728   0x08003728   0x0000000a   Code   RO         4267    i.USBD_Start        usbd_core.o
    0x08003732   0x08003732   0x00000112   Code   RO         4392    i.USBD_StdDevReq    usbd_ctlreq.o
    0x08003844   0x08003844   0x00000150   Code   RO         4393    i.USBD_StdEPReq     usbd_ctlreq.o
    0x08003994   0x08003994   0x0000004e   Code   RO         4394    i.USBD_StdItfReq    usbd_ctlreq.o
    0x080039e2   0x080039e2   0x00000002   Code   RO          415    i.USBD_static_free  usbd_conf.o
    0x080039e4   0x080039e4   0x00000008   Code   RO          416    i.USBD_static_malloc  usbd_conf.o
    0x080039ec   0x080039ec   0x00000266   Code   RO         1513    i.USB_ActivateEndpoint  stm32f1xx_ll_usb.o
    0x08003c52   0x08003c52   0x00000004   Code   RO         1516    i.USB_CoreInit      stm32f1xx_ll_usb.o
    0x08003c56   0x08003c56   0x0000010e   Code   RO         1518    i.USB_DeactivateEndpoint  stm32f1xx_ll_usb.o
    0x08003d64   0x08003d64   0x00000004   Code   RO         1519    i.USB_DevConnect    stm32f1xx_ll_usb.o
    0x08003d68   0x08003d68   0x00000004   Code   RO         1520    i.USB_DevDisconnect  stm32f1xx_ll_usb.o
    0x08003d6c   0x08003d6c   0x0000001e   Code   RO         1521    i.USB_DevInit       stm32f1xx_ll_usb.o
    0x08003d8a   0x08003d8a   0x0000000e   Code   RO         1522    i.USB_DisableGlobalInt  stm32f1xx_ll_usb.o
    0x08003d98   0x08003d98   0x00000004   Code   RO         1523    i.USB_EP0_OutStart  stm32f1xx_ll_usb.o
    0x08003d9c   0x08003d9c   0x00000078   Code   RO         1524    i.USB_EPClearStall  stm32f1xx_ll_usb.o
    0x08003e14   0x08003e14   0x00000032   Code   RO         1525    i.USB_EPSetStall    stm32f1xx_ll_usb.o
    0x08003e46   0x08003e46   0x0000019c   Code   RO         1526    i.USB_EPStartXfer   stm32f1xx_ll_usb.o
    0x08003fe2   0x08003fe2   0x0000000e   Code   RO         1527    i.USB_EnableGlobalInt  stm32f1xx_ll_usb.o
    0x08003ff0   0x08003ff0   0x0000000c   Code   RO          744    i.USB_LP_CAN1_RX0_IRQHandler  stm32f1xx_it.o
    0x08003ffc   0x08003ffc   0x00000006   Code   RO         1534    i.USB_ReadInterrupts  stm32f1xx_ll_usb.o
    0x08004002   0x08004002   0x00000002   PAD
    0x08004004   0x08004004   0x0000002c   Code   RO         1535    i.USB_ReadPMA       stm32f1xx_ll_usb.o
    0x08004030   0x08004030   0x00000054   Code   RO           20    i.USB_Reset         main.o
    0x08004084   0x08004084   0x00000004   Code   RO         1537    i.USB_SetCurrentMode  stm32f1xx_ll_usb.o
    0x08004088   0x08004088   0x0000000c   Code   RO         1538    i.USB_SetDevAddress  stm32f1xx_ll_usb.o
    0x08004094   0x08004094   0x00000026   Code   RO         1541    i.USB_WritePMA      stm32f1xx_ll_usb.o
    0x080040ba   0x080040ba   0x00000002   Code   RO          745    i.UsageFault_Handler  stm32f1xx_it.o
    0x080040bc   0x080040bc   0x00000020   Code   RO         3724    i.__NVIC_SetPriority  stm32f1xx_hal_cortex.o
    0x080040dc   0x080040dc   0x0000000e   Code   RO         4661    i.__scatterload_copy  mc_w.l(handlers.o)
    0x080040ea   0x080040ea   0x00000002   Code   RO         4662    i.__scatterload_null  mc_w.l(handlers.o)
    0x080040ec   0x080040ec   0x0000000e   Code   RO         4663    i.__scatterload_zeroinit  mc_w.l(handlers.o)
    0x080040fa   0x080040fa   0x00000022   Code   RO          892    i.available         radio_mod.o
    0x0800411c   0x0800411c   0x00000010   Code   RO          894    i.ce                radio_mod.o
    0x0800412c   0x0800412c   0x00000024   Code   RO          895    i.closeReadingPipe  radio_mod.o
    0x08004150   0x08004150   0x0000001c   Code   RO          896    i.csn               radio_mod.o
    0x0800416c   0x0800416c   0x00000028   Code   RO          897    i.delay_us          radio_mod.o
    0x08004194   0x08004194   0x00000030   Code   RO          900    i.enableAckPayload  radio_mod.o
    0x080041c4   0x080041c4   0x00000054   Code   RO          908    i.getDynamicPayloadSize  radio_mod.o
    0x08004218   0x08004218   0x00000006   Code   RO          911    i.get_status        radio_mod.o
    0x0800421e   0x0800421e   0x00000016   Code   RO          913    i.isChipConnected   radio_mod.o
    0x08004234   0x08004234   0x00000314   Code   RO           21    i.main              main.o
    0x08004548   0x08004548   0x00000014   Code   RO           22    i.map               main.o
    0x0800455c   0x0800455c   0x00000028   Code   RO          915    i.maskIRQ           radio_mod.o
    0x08004584   0x08004584   0x00000060   Code   RO          916    i.openReadingPipe   radio_mod.o
    0x080045e4   0x080045e4   0x00000022   Code   RO          919    i.powerUp           radio_mod.o
    0x08004606   0x08004606   0x00000012   Code   RO          920    i.read              radio_mod.o
    0x08004618   0x08004618   0x00000074   Code   RO          921    i.read_payload      radio_mod.o
    0x0800468c   0x0800468c   0x00000044   Code   RO          922    i.read_register     radio_mod.o
    0x080046d0   0x080046d0   0x00000008   Code   RO          927    i.setChannel        radio_mod.o
    0x080046d8   0x080046d8   0x0000004c   Code   RO          928    i.setDataRate       radio_mod.o
    0x08004724   0x08004724   0x0000002a   Code   RO          929    i.setPALevel        radio_mod.o
    0x0800474e   0x0800474e   0x0000000e   Code   RO          931    i.setRetries        radio_mod.o
    0x0800475c   0x0800475c   0x00000030   Code   RO          932    i.spiTrans          radio_mod.o
    0x0800478c   0x0800478c   0x0000005c   Code   RO          934    i.startListening    radio_mod.o
    0x080047e8   0x080047e8   0x00000038   Code   RO          936    i.toggle_features   radio_mod.o
    0x08004820   0x08004820   0x00000048   Code   RO          939    i.writeAckPayload   radio_mod.o
    0x08004868   0x08004868   0x0000004c   Code   RO          941    i.write_register    radio_mod.o
    0x080048b4   0x080048b4   0x0000004c   Code   RO          942    i.write_registerMy  radio_mod.o
    0x08004900   0x08004900   0x00000012   Data   RO          943    .constdata          radio_mod.o
    0x08004912   0x08004912   0x00000010   Data   RO         4213    .constdata          system_stm32f1xx.o
    0x08004922   0x08004922   0x00000008   Data   RO         4214    .constdata          system_stm32f1xx.o
    0x0800492a   0x0800492a   0x00000002   PAD
    0x0800492c   0x0800492c   0x00000020   Data   RO         4659    Region$$Table       anon$$obj.o


    Execution Region RW_IRAM1 (Exec base: 0x20000000, Load base: 0x0800494c, Size: 0x000017d8, Max: 0x00005000, ABSOLUTE, COMPRESSED[0x000000cc])

    Exec Addr    Load Addr    Size         Type   Attr      Idx    E Section Name        Object

    0x20000000   COMPRESSED   0x0000001c   Data   RW           27    .data               main.o
    0x2000001c   COMPRESSED   0x0000001c   Data   RW          606    .data               usbd_desc.o
    0x20000038   COMPRESSED   0x00000032   Data   RW          607    .data               usbd_desc.o
    0x2000006a   COMPRESSED   0x00000002   PAD
    0x2000006c   COMPRESSED   0x00000010   Data   RW          689    .data               usbd_cdc_if.o
    0x2000007c   COMPRESSED   0x0000000a   Data   RW          944    .data               radio_mod.o
    0x20000086   COMPRESSED   0x00000002   PAD
    0x20000088   COMPRESSED   0x0000000c   Data   RW         3261    .data               stm32f1xx_hal.o
    0x20000094   COMPRESSED   0x00000004   Data   RW         4215    .data               system_stm32f1xx.o
    0x20000098   COMPRESSED   0x00000001   Data   RW         4395    .data               usbd_ctlreq.o
    0x20000099   COMPRESSED   0x00000003   PAD
    0x2000009c   COMPRESSED   0x000000d7   Data   RW         4527    .data               usbd_cdc.o
    0x20000173   COMPRESSED   0x00000001   PAD
    0x20000174   COMPRESSED   0x00000038   Data   RW         4528    .data               usbd_cdc.o
    0x200001ac        -       0x000000c8   Zero   RW           23    .bss                main.o
    0x20000274        -       0x00000044   Zero   RW           24    .bss                main.o
    0x200002b8        -       0x000002c4   Zero   RW          236    .bss                usb_device.o
    0x2000057c        -       0x0000048c   Zero   RW          417    .bss                usbd_conf.o
    0x20000a08        -       0x00000200   Zero   RW          605    .bss                usbd_desc.o
    0x20000c08        -       0x000007d0   Zero   RW          688    .bss                usbd_cdc_if.o
    0x200013d8        -       0x00000400   Zero   RW            1    STACK               startup_stm32f103xb.o


==============================================================================

Image component sizes


      Code (inc. data)   RO Data    RW Data    ZI Data      Debug   Object Name

      1466        104          0         28        268     440041   main.o
      1454        114         18         10          0      16616   radio_mod.o
        36          8        236          0       1024        764   startup_stm32f103xb.o
       164         28          0         12          0       5573   stm32f1xx_hal.o
      1110         54          0          0          0       7555   stm32f1xx_hal_adc.o
       200          6          0          0          0       1334   stm32f1xx_hal_adc_ex.o
       198         14          0          0          0      28695   stm32f1xx_hal_cortex.o
       586         32          0          0          0       3395   stm32f1xx_hal_dma.o
       490         34          0          0          0       2772   stm32f1xx_hal_gpio.o
       428         64          0          0          0       3250   stm32f1xx_hal_msp.o
      1744          0          0          0          0       9805   stm32f1xx_hal_pcd.o
        52          0          0          0          0       1094   stm32f1xx_hal_pcd_ex.o
      1240         88          0          0          0       4425   stm32f1xx_hal_rcc.o
       436         46          0          0          0       2409   stm32f1xx_hal_rcc_ex.o
      1562          0          0          0          0       7638   stm32f1xx_hal_spi.o
       828         40          0          0          0       7353   stm32f1xx_hal_tim.o
        66          0          0          0          0       1224   stm32f1xx_hal_tim_ex.o
        44         12          0          0          0       4238   stm32f1xx_it.o
      1644          0          0          0          0      13821   stm32f1xx_ll_usb.o
        72         16         24          4          0       1039   system_stm32f1xx.o
        84         18          0          0        708     455071   usb_device.o
       672         16          0        271          0      11616   usbd_cdc.o
        68         16          0         16       2000       2282   usbd_cdc_if.o
       544         30          0          0       1164      12441   usbd_conf.o
       670          0          0          0          0       8903   usbd_core.o
      1186         28          0          1          0       7556   usbd_ctlreq.o
       288        104          0         78        512       5257   usbd_desc.o
       132          0          0          0          0       4044   usbd_ioreq.o

    ----------------------------------------------------------------------
     17494        872        312        428       5676    1070211   Object Totals
         0          0         32          0          0          0   (incl. Generated)
        30          0          2          8          0          0   (incl. Padding)

    ----------------------------------------------------------------------

      Code (inc. data)   RO Data    RW Data    ZI Data      Debug   Library Member Name

        86          0          0          0          0          0   __dczerorl2.o
         0          0          0          0          0          0   entry.o
         0          0          0          0          0          0   entry10a.o
         0          0          0          0          0          0   entry11a.o
         4          0          0          0          0          0   entry12b.o
         8          4          0          0          0          0   entry2.o
         4          0          0          0          0          0   entry5.o
         0          0          0          0          0          0   entry7b.o
         0          0          0          0          0          0   entry8b.o
         8          4          0          0          0          0   entry9a.o
        30          0          0          0          0          0   handlers.o
        36          8          0          0          0         68   init.o
         0          0          0          0          0          0   iusefp.o
        30          0          0          0          0         68   llshl.o
        32          0          0          0          0         68   llushr.o
        36          0          0          0          0         68   memcpya.o
        36          0          0          0          0        108   memseta.o
        56          0          0          0          0         88   d2f.o
       186          0          0          0          0        176   depilogue.o
        26          0          0          0          0         76   dfltui.o
       228          0          0          0          0         96   dmul.o
       110          0          0          0          0        168   fepilogue.o
        40          0          0          0          0         68   ffixui.o

    ----------------------------------------------------------------------
       958         16          0          0          0       1052   Library Totals
         2          0          0          0          0          0   (incl. Padding)

    ----------------------------------------------------------------------

      Code (inc. data)   RO Data    RW Data    ZI Data      Debug   Library Name

       310         16          0          0          0        380   mc_w.l
       646          0          0          0          0        672   mf_w.l

    ----------------------------------------------------------------------
       958         16          0          0          0       1052   Library Totals

    ----------------------------------------------------------------------

==============================================================================


      Code (inc. data)   RO Data    RW Data    ZI Data      Debug   

     18452        888        312        428       5676    1060263   Grand Totals
     18452        888        312        204       5676    1060263   ELF Image Totals (compressed)
     18452        888        312        204          0          0   ROM Totals

==============================================================================

    Total RO  Size (Code + RO Data)                18764 (  18.32kB)
    Total RW  Size (RW Data + ZI Data)              6104 (   5.96kB)
    Total ROM Size (Code + RO Data + RW Data)      18968 (  18.52kB)

==============================================================================

