Component: ARM Compiler 5.06 update 7 (build 960) Tool: armlink [4d3601]

==============================================================================

Section Cross References

    startup_stm32f103xb.o(RESET) refers to startup_stm32f103xb.o(STACK) for __initial_sp
    startup_stm32f103xb.o(RESET) refers to startup_stm32f103xb.o(.text) for Reset_Handler
    startup_stm32f103xb.o(RESET) refers to stm32f1xx_it.o(i.NMI_Handler) for NMI_Handler
    startup_stm32f103xb.o(RESET) refers to stm32f1xx_it.o(i.HardFault_Handler) for HardFault_Handler
    startup_stm32f103xb.o(RESET) refers to stm32f1xx_it.o(i.MemManage_Handler) for MemManage_Handler
    startup_stm32f103xb.o(RESET) refers to stm32f1xx_it.o(i.BusFault_Handler) for BusFault_Handler
    startup_stm32f103xb.o(RESET) refers to stm32f1xx_it.o(i.UsageFault_Handler) for UsageFault_Handler
    startup_stm32f103xb.o(RESET) refers to stm32f1xx_it.o(i.SVC_Handler) for SVC_Handler
    startup_stm32f103xb.o(RESET) refers to stm32f1xx_it.o(i.DebugMon_Handler) for DebugMon_Handler
    startup_stm32f103xb.o(RESET) refers to stm32f1xx_it.o(i.PendSV_Handler) for PendSV_Handler
    startup_stm32f103xb.o(RESET) refers to stm32f1xx_it.o(i.SysTick_Handler) for SysTick_Handler
    startup_stm32f103xb.o(RESET) refers to stm32f1xx_it.o(i.DMA1_Channel1_IRQHandler) for DMA1_Channel1_IRQHandler
    startup_stm32f103xb.o(RESET) refers to stm32f1xx_it.o(i.USB_LP_CAN1_RX0_IRQHandler) for USB_LP_CAN1_RX0_IRQHandler
    startup_stm32f103xb.o(.text) refers to system_stm32f1xx.o(i.SystemInit) for SystemInit
    startup_stm32f103xb.o(.text) refers to entry.o(.ARM.Collect$$$$00000000) for __main
    radio_mod.o(i.NRF_Init) refers to radio_mod.o(i.ce) for ce
    radio_mod.o(i.NRF_Init) refers to radio_mod.o(i.csn) for csn
    radio_mod.o(i.NRF_Init) refers to stm32f1xx_hal.o(i.HAL_Delay) for HAL_Delay
    radio_mod.o(i.NRF_Init) refers to radio_mod.o(i.write_register) for write_register
    radio_mod.o(i.NRF_Init) refers to radio_mod.o(i.setRetries) for setRetries
    radio_mod.o(i.NRF_Init) refers to radio_mod.o(i.setPALevel) for setPALevel
    radio_mod.o(i.NRF_Init) refers to radio_mod.o(i.setDataRate) for setDataRate
    radio_mod.o(i.NRF_Init) refers to radio_mod.o(i.read_register) for read_register
    radio_mod.o(i.NRF_Init) refers to radio_mod.o(i.toggle_features) for toggle_features
    radio_mod.o(i.NRF_Init) refers to radio_mod.o(i.setChannel) for setChannel
    radio_mod.o(i.NRF_Init) refers to radio_mod.o(i.spiTrans) for spiTrans
    radio_mod.o(i.NRF_Init) refers to radio_mod.o(i.powerUp) for powerUp
    radio_mod.o(i.NRF_Init) refers to radio_mod.o(.data) for .data
    radio_mod.o(i.available) refers to radio_mod.o(i.read_register) for read_register
    radio_mod.o(i.available) refers to radio_mod.o(i.get_status) for get_status
    radio_mod.o(i.availableMy) refers to radio_mod.o(i.available) for available
    radio_mod.o(i.ce) refers to stm32f1xx_hal_gpio.o(i.HAL_GPIO_WritePin) for HAL_GPIO_WritePin
    radio_mod.o(i.closeReadingPipe) refers to radio_mod.o(i.read_register) for read_register
    radio_mod.o(i.closeReadingPipe) refers to radio_mod.o(i.write_register) for write_register
    radio_mod.o(i.closeReadingPipe) refers to radio_mod.o(.constdata) for .constdata
    radio_mod.o(i.csn) refers to stm32f1xx_hal_gpio.o(i.HAL_GPIO_WritePin) for HAL_GPIO_WritePin
    radio_mod.o(i.csn) refers to radio_mod.o(i.delay_us) for delay_us
    radio_mod.o(i.delay_us) refers to system_stm32f1xx.o(.data) for SystemCoreClock
    radio_mod.o(i.disableCRC) refers to radio_mod.o(i.read_register) for read_register
    radio_mod.o(i.disableCRC) refers to radio_mod.o(i.write_register) for write_register
    radio_mod.o(i.disableDynamicPayloads) refers to radio_mod.o(i.write_register) for write_register
    radio_mod.o(i.disableDynamicPayloads) refers to radio_mod.o(.data) for .data
    radio_mod.o(i.enableAckPayload) refers to radio_mod.o(i.read_register) for read_register
    radio_mod.o(i.enableAckPayload) refers to radio_mod.o(i.write_register) for write_register
    radio_mod.o(i.enableAckPayload) refers to radio_mod.o(.data) for .data
    radio_mod.o(i.enableDynamicAck) refers to radio_mod.o(i.read_register) for read_register
    radio_mod.o(i.enableDynamicAck) refers to radio_mod.o(i.write_register) for write_register
    radio_mod.o(i.enableDynamicPayloads) refers to radio_mod.o(i.read_register) for read_register
    radio_mod.o(i.enableDynamicPayloads) refers to radio_mod.o(i.write_register) for write_register
    radio_mod.o(i.enableDynamicPayloads) refers to radio_mod.o(.data) for .data
    radio_mod.o(i.flush_rx) refers to radio_mod.o(i.spiTrans) for spiTrans
    radio_mod.o(i.flush_tx) refers to radio_mod.o(i.spiTrans) for spiTrans
    radio_mod.o(i.getCRCLength) refers to radio_mod.o(i.read_register) for read_register
    radio_mod.o(i.getChannel) refers to radio_mod.o(i.read_register) for read_register
[...]
    i.USBD_LL_CloseEP                        0x0800387c   Section        0  usbd_conf.o(i.USBD_LL_CloseEP)
    i.USBD_LL_DataInStage                    0x0800388e   Section        0  usbd_core.o(i.USBD_LL_DataInStage)
    i.USBD_LL_DataOutStage                   0x08003954   Section        0  usbd_core.o(i.USBD_LL_DataOutStage)
    i.USBD_LL_GetRxDataSize                  0x080039d6   Section        0  usbd_conf.o(i.USBD_LL_GetRxDataSize)
    i.USBD_LL_Init                           0x080039e0   Section        0  usbd_conf.o(i.USBD_LL_Init)
    i.USBD_LL_IsStallEP                      0x08003a60   Section        0  usbd_conf.o(i.USBD_LL_IsStallEP)
    i.USBD_LL_OpenEP                         0x08003a7c   Section        0  usbd_conf.o(i.USBD_LL_OpenEP)
    i.USBD_LL_PrepareReceive                 0x08003a94   Section        0  usbd_conf.o(i.USBD_LL_PrepareReceive)
    i.USBD_LL_Reset                          0x08003aa6   Section        0  usbd_core.o(i.USBD_LL_Reset)
    i.USBD_LL_Resume                         0x08003af6   Section        0  usbd_core.o(i.USBD_LL_Resume)
    i.USBD_LL_SOF                            0x08003b0a   Section        0  usbd_core.o(i.USBD_LL_SOF)
    i.USBD_LL_SetSpeed                       0x08003b22   Section        0  usbd_core.o(i.USBD_LL_SetSpeed)
    i.USBD_LL_SetUSBAddress                  0x08003b28   Section        0  usbd_conf.o(i.USBD_LL_SetUSBAddress)
    i.USBD_LL_SetupStage                     0x08003b3a   Section        0  usbd_core.o(i.USBD_LL_SetupStage)
    i.USBD_LL_StallEP                        0x08003b94   Section        0  usbd_conf.o(i.USBD_LL_StallEP)
    i.USBD_LL_Start                          0x08003ba6   Section        0  usbd_conf.o(i.USBD_LL_Start)
    i.USBD_LL_Suspend                        0x08003bb8   Section        0  usbd_core.o(i.USBD_LL_Suspend)
    i.USBD_LL_Transmit                       0x08003bca   Section        0  usbd_conf.o(i.USBD_LL_Transmit)
    i.USBD_ParseSetupRequest                 0x08003bdc   Section        0  usbd_ctlreq.o(i.USBD_ParseSetupRequest)
    i.USBD_RegisterClass                     0x08003c04   Section        0  usbd_core.o(i.USBD_RegisterClass)
    i.USBD_SetClassConfig                    0x08003c14   Section        0  usbd_core.o(i.USBD_SetClassConfig)
    i.USBD_SetConfig                         0x08003c2c   Section        0  usbd_ctlreq.o(i.USBD_SetConfig)
    USBD_SetConfig                           0x08003c2d   Thumb Code   128  usbd_ctlreq.o(i.USBD_SetConfig)
    i.USBD_Start                             0x08003cb0   Section        0  usbd_core.o(i.USBD_Start)
    i.USBD_StdDevReq                         0x08003cba   Section        0  usbd_ctlreq.o(i.USBD_StdDevReq)
    i.USBD_StdEPReq                          0x08003dcc   Section        0  usbd_ctlreq.o(i.USBD_StdEPReq)
    i.USBD_StdItfReq                         0x08003f1c   Section        0  usbd_ctlreq.o(i.USBD_StdItfReq)
    i.USBD_static_free                       0x08003f6a   Section        0  usbd_conf.o(i.USBD_static_free)
    i.USBD_static_malloc                     0x08003f6c   Section        0  usbd_conf.o(i.USBD_static_malloc)
    i.USB_ActivateEndpoint                   0x08003f74   Section        0  stm32f1xx_ll_usb.o(i.USB_ActivateEndpoint)
    i.USB_CoreInit                           0x080041da   Section        0  stm32f1xx_ll_usb.o(i.USB_CoreInit)
    i.USB_DeactivateEndpoint                 0x080041de   Section        0  stm32f1xx_ll_usb.o(i.USB_DeactivateEndpoint)
    i.USB_DevConnect                         0x080042ec   Section        0  stm32f1xx_ll_usb.o(i.USB_DevConnect)
    i.USB_DevDisconnect                      0x080042f0   Section        0  stm32f1xx_ll_usb.o(i.USB_DevDisconnect)
    i.USB_DevInit                            0x080042f4   Section        0  stm32f1xx_ll_usb.o(i.USB_DevInit)
    i.USB_DisableGlobalInt                   0x08004312   Section        0  stm32f1xx_ll_usb.o(i.USB_DisableGlobalInt)
    i.USB_EP0_OutStart                       0x08004320   Section        0  stm32f1xx_ll_usb.o(i.USB_EP0_OutStart)
    i.USB_EPClearStall                       0x08004324   Section        0  stm32f1xx_ll_usb.o(i.USB_EPClearStall)
    i.USB_EPSetStall                         0x0800439c   Section        0  stm32f1xx_ll_usb.o(i.USB_EPSetStall)
    i.USB_EPStartXfer                        0x080043ce   Section        0  stm32f1xx_ll_usb.o(i.USB_EPStartXfer)
    i.USB_EnableGlobalInt                    0x0800456a   Section        0  stm32f1xx_ll_usb.o(i.USB_EnableGlobalInt)
    i.USB_LP_CAN1_RX0_IRQHandler             0x08004578   Section        0  stm32f1xx_it.o(i.USB_LP_CAN1_RX0_IRQHandler)
    i.USB_ReadInterrupts                     0x08004584   Section        0  stm32f1xx_ll_usb.o(i.USB_ReadInterrupts)
    i.USB_ReadPMA                            0x0800458c   Section        0  stm32f1xx_ll_usb.o(i.USB_ReadPMA)
    i.USB_Reset                              0x080045b8   Section        0  main.o(i.USB_Reset)
    i.USB_SetCurrentMode                     0x0800460c   Section        0  stm32f1xx_ll_usb.o(i.USB_SetCurrentMode)
    i.USB_SetDevAddress                      0x08004610   Section        0  stm32f1xx_ll_usb.o(i.USB_SetDevAddress)
    i.USB_WritePMA                           0x0800461c   Section        0  stm32f1xx_ll_usb.o(i.USB_WritePMA)
    i.UsageFault_Handler                     0x08004642   Section        0  stm32f1xx_it.o(i.UsageFault_Handler)
    i.__0snprintf$1                          0x08004644   Section        0  printf1.o(i.__0snprintf$1)
    i.__NVIC_SetPriority                     0x08004678   Section        0  stm32f1xx_hal_cortex.o(i.__NVIC_SetPriority)
    __NVIC_SetPriority                       0x08004679   Thumb Code    32  stm32f1xx_hal_cortex.o(i.__NVIC_SetPriority)
    i.__scatterload_copy                     0x08004698   Section       14  handlers.o(i.__scatterload_copy)
    i.__scatterload_null                     0x080046a6   Section        2  handlers.o(i.__scatterload_null)
    i.__scatterload_zeroinit                 0x080046a8   Section       14  handlers.o(i.__scatterload_zeroinit)
    i._printf_core                           0x080046b8   Section        0  printf1.o(i._printf_core)
    _printf_core                             0x080046b9   Thumb Code   336  printf1.o(i._printf_core)
    i._snputc                                0x0800480c   Section        0  printf1.o(i._snputc)
    _snputc                                  0x0800480d   Thumb Code    22  printf1.o(i._snputc)
    i.ce                                     0x08004824   Section        0  radio_mod.o(i.ce)
    i.csn                                    0x08004834   Section        0  radio_mod.o(i.csn)
    i.delay_us                               0x08004850   Section        0  radio_mod.o(i.delay_us)
    i.enableAckPayload                       0x08004878   Section        0  radio_mod.o(i.enableAckPayload)
    i.flight                                 0x080048a8   Section        0  main.o(i.flight)
    i.get_status                             0x08004b10   Section        0  radio_mod.o(i.get_status)
    i.isAckPayloadAvailable                  0x08004b16   Section        0  radio_mod.o(i.isAckPayloadAvailable)
    i.isChipConnected                        0x08004b26   Section        0  radio_mod.o(i.isChipConnected)
    i.led_lcd                                0x08004b3c   Section        0  main.o(i.led_lcd)
    i.main                                   0x08004b90   Section        0  main.o(i.main)
    i.main_menu                              0x08004cb8   Section        0  main.o(i.main_menu)
    i.map                                    0x08004dc8   Section        0  main.o(i.map)
    i.maskIRQ                                0x08004ddc   Section        0  radio_mod.o(i.maskIRQ)
    i.menu                                   0x08004e04   Section        0  main.o(i.menu)
    i.openWritingPipe                        0x08004f2c   Section        0  radio_mod.o(i.openWritingPipe)
    i.powerUp                                0x08004f54   Section        0  radio_mod.o(i.powerUp)
    i.read                                   0x08004f76   Section        0  radio_mod.o(i.read)
    i.read_payload                           0x08004f88   Section        0  radio_mod.o(i.read_payload)
    i.read_register                          0x08004ffc   Section        0  radio_mod.o(i.read_register)
    i.sensors                                0x08005040   Section        0  main.o(i.sensors)
    i.setChannel                             0x080053d8   Section        0  radio_mod.o(i.setChannel)
    i.setDataRate                            0x080053e0   Section        0  radio_mod.o(i.setDataRate)
    i.setPALevel                             0x0800542c   Section        0  radio_mod.o(i.setPALevel)
    i.setRetries                             0x08005456   Section        0  radio_mod.o(i.setRetries)
    i.settings                               0x08005464   Section        0  main.o(i.settings)
    i.spiTrans                               0x080057a4   Section        0  radio_mod.o(i.spiTrans)
    i.startFastWrite                         0x080057d4   Section        0  radio_mod.o(i.startFastWrite)
    i.toggle_features                        0x080057f4   Section        0  radio_mod.o(i.toggle_features)
    i.twobuttons                             0x0800582c   Section        0  main.o(i.twobuttons)
    i.write                                  0x08005894   Section        0  radio_mod.o(i.write)
    i.write_payload                          0x080058cc   Section        0  radio_mod.o(i.write_payload)
    i.write_register                         0x0800593c   Section        0  radio_mod.o(i.write_register)
    i.write_registerMy                       0x08005988   Section        0  radio_mod.o(i.write_registerMy)
    .constdata                               0x080059d4   Section      576  nokia5110_lcd.o(.constdata)
    ASCII                                    0x080059d4   Data         576  nokia5110_lcd.o(.constdata)
    .constdata                               0x08005c14   Section       16  system_stm32f1xx.o(.constdata)
    .constdata                               0x08005c24   Section        8  system_stm32f1xx.o(.constdata)
    .conststring                             0x08005c2c   Section      100  main.o(.conststring)
    .data                                    0x20000000   Section       10  radio_mod.o(.data)
    .data                                    0x2000000a   Section       22  main.o(.data)
    .data                                    0x20000020   Section       28  usbd_desc.o(.data)
    .data                                    0x2000003c   Section       50  usbd_desc.o(.data)
    .data                                    0x20000070   Section       16  usbd_cdc_if.o(.data)
    .data                                    0x20000080   Section        4  system_stm32f1xx.o(.data)
    .data                                    0x20000084   Section       12  stm32f1xx_hal.o(.data)
    .data                                    0x20000090   Section        1  usbd_ctlreq.o(.data)
    cfgidx                                   0x20000090   Data           1  usbd_ctlreq.o(.data)
    .data                                    0x20000094   Section      215  usbd_cdc.o(.data)
    USBD_CDC_DeviceQualifierDesc             0x20000094   Data          10  usbd_cdc.o(.data)
    .data                                    0x2000016c   Section       56  usbd_cdc.o(.data)
    .bss                                     0x200001a4   Section      548  nokia5110_lcd.o(.bss)
    .bss                                     0x200003c8   Section      324  main.o(.bss)
    .bss                                     0x2000050c   Section       68  main.o(.bss)
    .bss                                     0x20000550   Section      708  usb_device.o(.bss)
    .bss                                     0x20000814   Section     1164  usbd_conf.o(.bss)
    mem                                      0x20000814   Data         544  usbd_conf.o(.bss)
    .bss                                     0x20000ca0   Section      512  usbd_desc.o(.bss)
    .bss                                     0x20000ea0   Section     2000  usbd_cdc_if.o(.bss)
    STACK                                    0x20001670   Section     1024  startup_stm32f103xb.o(STACK)

    Global Symbols

    Symbol Name                              Value     Ov Type        Size  Object(Section)

    BuildAttributes$$THM_ISAv4$P$D$K$B$S$PE$A:L22UL41UL21$X:L11$S22US41US21$IEEE1$IW$USESV6$~STKCKD$USESV7$~SHL$OTIME$ROPI$EBA8$MICROLIB$REQ8$PRES8$EABIv2 0x00000000   Number         0  anon$$obj.o ABSOLUTE
    __ARM_use_no_argv                        0x00000000   Number         0  main.o ABSOLUTE
    _printf_a                                0x00000000   Number         0  stubs.o ABSOLUTE
    _printf_c                                0x00000000   Number         0  stubs.o ABSOLUTE
    _printf_charcount                        0x00000000   Number         0  stubs.o ABSOLUTE
    _printf_d                                0x00000000   Number         0  stubs.o ABSOLUTE
    _printf_e                                0x00000000   Number         0  stubs.o ABSOLUTE
    _printf_f                                0x00000000   Number         0  stubs.o ABSOLUTE
    _printf_flags                            0x00000000   Number         0  stubs.o ABSOLUTE
    _printf_fp_dec                           0x00000000   Number         0  stubs.o ABSOLUTE
    _printf_fp_hex                           0x00000000   Number         0  stubs.o ABSOLUTE
    _printf_g                                0x00000000   Number         0  stubs.o ABSOLUTE
    _printf_i                                0x00000000   Number         0  stubs.o ABSOLUTE
    _printf_int_dec                          0x00000000   Number         0  stubs.o ABSOLUTE
    _printf_l                                0x00000000   Number         0  stubs.o ABSOLUTE
    _printf_lc                               0x00000000   Number         0  stubs.o ABSOLUTE
    _printf_ll                               0x00000000   Number         0  stubs.o ABSOLUTE
    _printf_lld                              0x00000000   Number         0  stubs.o ABSOLUTE
    _printf_lli                              0x00000000   Number         0  stubs.o ABSOLUTE
    _printf_llo                              0x00000000   Number         0  stubs.o ABSOLUTE
    _printf_llu                              0x00000000   Number         0  stubs.o ABSOLUTE
    _printf_llx                              0x00000000   Number         0  stubs.o ABSOLUTE
    _printf_longlong_dec                     0x00000000   Number         0  stubs.o ABSOLUTE
    _printf_longlong_hex                     0x00000000   Number         0  stubs.o ABSOLUTE
    _printf_longlong_oct                     0x00000000   Number         0  stubs.o ABSOLUTE
    _printf_ls                               0x00000000   Number         0  stubs.o ABSOLUTE
    _printf_mbtowc                           0x00000000   Number         0  stubs.o ABSOLUTE
    _printf_n                                0x00000000   Number         0  stubs.o ABSOLUTE
    _printf_o                                0x00000000   Number         0  stubs.o ABSOLUTE
    _printf_p                                0x00000000   Number         0  stubs.o ABSOLUTE
    _printf_percent                          0x00000000   Number         0  stubs.o ABSOLUTE
    _printf_pre_padding                      0x00000000   Number         0  stubs.o ABSOLUTE
    _printf_return_value                     0x00000000   Number         0  stubs.o ABSOLUTE
    _printf_s                                0x00000000   Number         0  stubs.o ABSOLUTE
    _printf_sizespec                         0x00000000   Number         0  stubs.o ABSOLUTE
    _printf_str                              0x00000000   Number         0  stubs.o ABSOLUTE
    _printf_truncate_signed                  0x00000000   Number         0  stubs.o ABSOLUTE
    _printf_truncate_unsigned                0x00000000   Number         0  stubs.o ABSOLUTE
    _printf_u                                0x00000000   Number         0  stubs.o ABSOLUTE
    _printf_wc                               0x00000000   Number         0  stubs.o ABSOLUTE
    _printf_wctomb                           0x00000000   Number         0  stubs.o ABSOLUTE
    _printf_widthprec                        0x00000000   Number         0  stubs.o ABSOLUTE
    _printf_x                                0x00000000   Number         0  stubs.o ABSOLUTE
    __arm_fini_                               - Undefined Weak Reference
    __cpp_initialize__aeabi_                  - Undefined Weak Reference
    __cxa_finalize                            - Undefined Weak Reference
    _clock_init                               - Undefined Weak Reference
    _microlib_exit                            - Undefined Weak Reference
    __Vectors_Size                           0x000000ec   Number         0  startup_stm32f103xb.o ABSOLUTE
    __Vectors                                0x08000000   Data           4  startup_stm32f103xb.o(RESET)
    __Vectors_End                            0x080000ec   Data           0  startup_stm32f103xb.o(RESET)
    __main                                   0x080000ed   Thumb Code     0  entry.o(.ARM.Collect$$$$00000000)
    _main_stk                                0x080000ed   Thumb Code     0  entry2.o(.ARM.Collect$$$$00000001)
    _main_scatterload                        0x080000f1   Thumb Code     0  entry5.o(.ARM.Collect$$$$00000004)
    __main_after_scatterload                 0x080000f5   Thumb Code     0  entry5.o(.ARM.Collect$$$$00000004)
    _main_clock                              0x080000f5   Thumb Code     0  entry7b.o(.ARM.Collect$$$$00000008)
    _main_cpp_init                           0x080000f5   Thumb Code     0  entry8b.o(.ARM.Collect$$$$0000000A)
    _main_init                               0x080000f5   Thumb Code     0  entry9a.o(.ARM.Collect$$$$0000000B)
    __rt_lib_shutdown_fini                   0x080000fd   Thumb Code     0  entry12b.o(.ARM.Collect$$$$0000000E)
    __rt_final_cpp                           0x08000101   Thumb Code     0  entry10a.o(.ARM.Collect$$$$0000000F)
    __rt_final_exit                          0x08000101   Thumb Code     0  entry11a.o(.ARM.Collect$$$$00000011)
    Reset_Handler                            0x08000105   Thumb Code     8  startup_stm32f103xb.o(.text)
    ADC1_2_IRQHandler                        0x0800011f   Thumb Code     0  startup_stm32f103xb.o(.text)
    CAN1_RX1_IRQHandler                      0x0800011f   Thumb Code     0  startup_stm32f103xb.o(.text)
    CAN1_SCE_IRQHandler                      0x0800011f   Thumb Code     0  startup_stm32f103xb.o(.text)
    DMA1_Channel2_IRQHandler                 0x0800011f   Thumb Code     0  startup_stm32f103xb.o(.text)
    DMA1_Channel3_IRQHandler                 0x0800011f   Thumb Code     0  startup_stm32f103xb.o(.text)
    DMA1_Channel4_IRQHandler                 0x0800011f   Thumb Code     0  startup_stm32f103xb.o(.text)
    DMA1_Channel5_IRQHandler                 0x0800011f   Thumb Code     0  startup_stm32f103xb.o(.text)
    DMA1_Channel6_IRQHandler                 0x0800011f   Thumb Code     0  startup_stm32f103xb.o(.text)
    DMA1_Channel7_IRQHandler                 0x0800011f   Thumb Code     0  startup_stm32f103xb.o(.text)
    EXTI0_IRQHandler                         0x0800011f   Thumb Code     0  startup_stm32f103xb.o(.text)
    EXTI15_10_IRQHandler                     0x0800011f   Thumb Code     0  startup_stm32f103xb.o(.text)
    EXTI1_IRQHandler                         0x0800011f   Thumb Code     0  startup_stm32f103xb.o(.text)
    EXTI2_IRQHandler                         0x0800011f   Thumb Code     0  startup_stm32f103xb.o(.text)
    EXTI3_IRQHandler                         0x0800011f   Thumb Code     0  startup_stm32f103xb.o(.text)
    EXTI4_IRQHandler                         0x0800011f   Thumb Code     0  startup_stm32f103xb.o(.text)
    EXTI9_5_IRQHandler                       0x0800011f   Thumb Code     0  startup_stm32f103xb.o(.text)
    FLASH_IRQHandler                         0x0800011f   Thumb Code     0  startup_stm32f103xb.o(.text)
    I2C1_ER_IRQHandler                       0x0800011f   Thumb Code     0  startup_stm32f103xb.o(.text)
    I2C1_EV_IRQHandler                       0x0800011f   Thumb Code     0  startup_stm32f103xb.o(.text)
    I2C2_ER_IRQHandler                       0x0800011f   Thumb Code     0  startup_stm32f103xb.o(.text)
    I2C2_EV_IRQHandler                       0x0800011f   Thumb Code     0  startup_stm32f103xb.o(.text)
    PVD_IRQHandler                           0x0800011f   Thumb Code     0  startup_stm32f103xb.o(.text)
    RCC_IRQHandler                           0x0800011f   Thumb Code     0  startup_stm32f103xb.o(.text)
    RTC_Alarm_IRQHandler                     0x0800011f   Thumb Code     0  startup_stm32f103xb.o(.text)
    RTC_IRQHandler                           0x0800011f   Thumb Code     0  startup_stm32f103xb.o(.text)
    SPI1_IRQHandler                          0x0800011f   Thumb Code     0  startup_stm32f103xb.o(.text)
    SPI2_IRQHandler                          0x0800011f   Thumb Code     0  startup_stm32f103xb.o(.text)
    TAMPER_IRQHandler                        0x0800011f   Thumb Code     0  startup_stm32f103xb.o(.text)
    TIM1_BRK_IRQHandler                      0x0800011f   Thumb Code     0  startup_stm32f103xb.o(.text)
    TIM1_CC_IRQHandler                       0x0800011f   Thumb Code     0  startup_stm32f103xb.o(.text)
    TIM1_TRG_COM_IRQHandler                  0x0800011f   Thumb Code     0  startup_stm32f103xb.o(.text)
    TIM1_UP_IRQHandler                       0x0800011f   Thumb Code     0  startup_stm32f103xb.o(.text)
    TIM2_IRQHandler                          0x0800011f   Thumb Code     0  startup_stm32f103xb.o(.text)
    TIM3_IRQHandler                          0x0800011f   Thumb Code     0  startup_stm32f103xb.o(.text)
    TIM4_IRQHandler                          0x0800011f   Thumb Code     0  startup_stm32f103xb.o(.text)
    USART1_IRQHandler                        0x0800011f   Thumb Code     0  startup_stm32f103xb.o(.text)
    USART2_IRQHandler                        0x0800011f   Thumb Code     0  startup_stm32f103xb.o(.text)
    USART3_IRQHandler                        0x0800011f   Thumb Code     0  startup_stm32f103xb.o(.text)
    USBWakeUp_IRQHandler                     0x0800011f   Thumb Code     0  startup_stm32f103xb.o(.text)
    USB_HP_CAN1_TX_IRQHandler                0x0800011f   Thumb Code     0  startup_stm32f103xb.o(.text)
    WWDG_IRQHandler                          0x0800011f   Thumb Code     0  startup_stm32f103xb.o(.text)
    __aeabi_llsr                             0x08000129   Thumb Code    32  llushr.o(.text)
    _ll_ushift_r                             0x08000129   Thumb Code     0  llushr.o(.text)
    __aeabi_memcpy                           0x08000149   Thumb Code    36  memcpya.o(.text)
    __aeabi_memcpy4                          0x08000149   Thumb Code     0  memcpya.o(.text)
    __aeabi_memcpy8                          0x08000149   Thumb Code     0  memcpya.o(.text)
    __aeabi_memset                           0x0800016d   Thumb Code    14  memseta.o(.text)
    __aeabi_memset4                          0x0800016d   Thumb Code     0  memseta.o(.text)
    __aeabi_memset8                          0x0800016d   Thumb Code     0  memseta.o(.text)
    __aeabi_memclr                           0x0800017b   Thumb Code     4  memseta.o(.text)
    __aeabi_memclr4                          0x0800017b   Thumb Code     0  memseta.o(.text)
    __aeabi_memclr8                          0x0800017b   Thumb Code     0  memseta.o(.text)
    _memset$wrapper                          0x0800017f   Thumb Code    18  memseta.o(.text)
    strlen                                   0x08000191   Thumb Code    14  strlen.o(.text)
    __aeabi_dmul                             0x0800019f   Thumb Code   228  dmul.o(.text)
    __aeabi_ui2f                             0x08000283   Thumb Code    10  ffltui.o(.text)
    __aeabi_ui2d                             0x0800028d   Thumb Code    26  dfltui.o(.text)
    __aeabi_f2iz                             0x080002a7   Thumb Code    50  ffixi.o(.text)
    __aeabi_f2uiz                            0x080002d9   Thumb Code    40  ffixui.o(.text)
    __aeabi_d2f                              0x08000301   Thumb Code    56  d2f.o(.text)
    __aeabi_uidiv                            0x08000339   Thumb Code     0  uidiv.o(.text)
    __aeabi_uidivmod                         0x08000339   Thumb Code    44  uidiv.o(.text)
    __aeabi_llsl                             0x08000365   Thumb Code    30  llshl.o(.text)
    _ll_shift_l                              0x08000365   Thumb Code     0  llshl.o(.text)
    __I$use$fp                               0x08000383   Thumb Code     0  iusefp.o(.text)
    _float_round                             0x08000383   Thumb Code    18  fepilogue.o(.text)
    _float_epilogue                          0x08000395   Thumb Code    92  fepilogue.o(.text)
    _double_round                            0x080003f1   Thumb Code    30  depilogue.o(.text)
    _double_epilogue                         0x0800040f   Thumb Code   156  depilogue.o(.text)
    __scatterload                            0x080004ad   Thumb Code    28  init.o(.text)
    __scatterload_rt2                        0x080004ad   Thumb Code     0  init.o(.text)
    __decompress                             0x080004d1   Thumb Code     0  __dczerorl2.o(.text)
    __decompress1                            0x080004d1   Thumb Code    86  __dczerorl2.o(.text)
    ADC_ConversionStop_Disable               0x08000529   Thumb Code    76  stm32f1xx_hal_adc.o(i.ADC_ConversionStop_Disable)
    ADC_DMAConvCplt                          0x08000575   Thumb Code    78  stm32f1xx_hal_adc.o(i.ADC_DMAConvCplt)
    ADC_DMAError                             0x080005c3   Thumb Code    26  stm32f1xx_hal_adc.o(i.ADC_DMAError)
    ADC_DMAHalfConvCplt                      0x080005dd   Thumb Code    10  stm32f1xx_hal_adc.o(i.ADC_DMAHalfConvCplt)
    ADC_Enable                               0x080005e9   Thumb Code   104  stm32f1xx_hal_adc.o(i.ADC_Enable)
    BusFault_Handler                         0x08000659   Thumb Code     2  stm32f1xx_it.o(i.BusFault_Handler)
    CDC_Transmit_FS                          0x080006a1   Thumb Code    38  usbd_cdc_if.o(i.CDC_Transmit_FS)
    DMA1_Channel1_IRQHandler                 0x080006cd   Thumb Code     6  stm32f1xx_it.o(i.DMA1_Channel1_IRQHandler)
    DWT_Init                                 0x08000705   Thumb Code    22  radio_mod.o(i.DWT_Init)
    DebugMon_Handler                         0x08000725   Thumb Code     2  stm32f1xx_it.o(i.DebugMon_Handler)
    Error_Handler                            0x08000727   Thumb Code     2  main.o(i.Error_Handler)
    HAL_ADCEx_Calibration_Start              0x08000729   Thumb Code   194  stm32f1xx_hal_adc_ex.o(i.HAL_ADCEx_Calibration_Start)
    HAL_ADC_ConfigChannel                    0x080007f1   Thumb Code   240  stm32f1xx_hal_adc.o(i.HAL_ADC_ConfigChannel)
    HAL_ADC_ConvCpltCallback                 0x080008ed   Thumb Code    16  main.o(i.HAL_ADC_ConvCpltCallback)
    HAL_ADC_ConvHalfCpltCallback             0x08000905   Thumb Code     2  stm32f1xx_hal_adc.o(i.HAL_ADC_ConvHalfCpltCallback)
    HAL_ADC_ErrorCallback                    0x08000907   Thumb Code     2  stm32f1xx_hal_adc.o(i.HAL_ADC_ErrorCallback)
    HAL_ADC_Init                             0x08000909   Thumb Code   272  stm32f1xx_hal_adc.o(i.HAL_ADC_Init)
    HAL_ADC_MspInit                          0x08000a25   Thumb Code   148  stm32f1xx_hal_msp.o(i.HAL_ADC_MspInit)
    HAL_ADC_Start_DMA                        0x08000ad1   Thumb Code   246  stm32f1xx_hal_adc.o(i.HAL_ADC_Start_DMA)
    HAL_ADC_Start_IT                         0x08000bdd   Thumb Code   194  stm32f1xx_hal_adc.o(i.HAL_ADC_Start_IT)
    HAL_ADC_Stop_DMA                         0x08000ca9   Thumb Code    76  stm32f1xx_hal_adc.o(i.HAL_ADC_Stop_DMA)
    HAL_DMA_Abort                            0x08000cf5   Thumb Code    70  stm32f1xx_hal_dma.o(i.HAL_DMA_Abort)
    HAL_DMA_IRQHandler                       0x08000d3d   Thumb Code   316  stm32f1xx_hal_dma.o(i.HAL_DMA_IRQHandler)
    HAL_DMA_Init                             0x08000e91   Thumb Code    84  stm32f1xx_hal_dma.o(i.HAL_DMA_Init)
    HAL_DMA_Start_IT                         0x08000eed   Thumb Code   112  stm32f1xx_hal_dma.o(i.HAL_DMA_Start_IT)
    HAL_Delay                                0x08000f5d   Thumb Code    32  stm32f1xx_hal.o(i.HAL_Delay)
    HAL_GPIO_Init                            0x08000f81   Thumb Code   446  stm32f1xx_hal_gpio.o(i.HAL_GPIO_Init)
    HAL_GPIO_ReadPin                         0x08001161   Thumb Code    10  stm32f1xx_hal_gpio.o(i.HAL_GPIO_ReadPin)
    HAL_GPIO_TogglePin                       0x0800116b   Thumb Code    14  stm32f1xx_hal_gpio.o(i.HAL_GPIO_TogglePin)
    HAL_GPIO_WritePin                        0x08001179   Thumb Code    10  stm32f1xx_hal_gpio.o(i.HAL_GPIO_WritePin)
    HAL_GetTick                              0x08001185   Thumb Code     6  stm32f1xx_hal.o(i.HAL_GetTick)
    HAL_IncTick                              0x08001191   Thumb Code    12  stm32f1xx_hal.o(i.HAL_IncTick)
    HAL_Init                                 0x080011a1   Thumb Code    32  stm32f1xx_hal.o(i.HAL_Init)
    HAL_InitTick                             0x080011c5   Thumb Code    54  stm32f1xx_hal.o(i.HAL_InitTick)
    HAL_MspInit                              0x08001205   Thumb Code    52  stm32f1xx_hal_msp.o(i.HAL_MspInit)
    HAL_NVIC_EnableIRQ                       0x08001241   Thumb Code    26  stm32f1xx_hal_cortex.o(i.HAL_NVIC_EnableIRQ)
    HAL_NVIC_SetPriority                     0x0800125d   Thumb Code    60  stm32f1xx_hal_cortex.o(i.HAL_NVIC_SetPriority)
    HAL_NVIC_SetPriorityGrouping             0x0800129d   Thumb Code    26  stm32f1xx_hal_cortex.o(i.HAL_NVIC_SetPriorityGrouping)
    HAL_PCDEx_PMAConfig                      0x080012c1   Thumb Code    52  stm32f1xx_hal_pcd_ex.o(i.HAL_PCDEx_PMAConfig)
    HAL_PCDEx_SetConnectionState             0x080012f5   Thumb Code     2  usbd_conf.o(i.HAL_PCDEx_SetConnectionState)
    HAL_PCD_DataInStageCallback              0x080012f7   Thumb Code    14  usbd_conf.o(i.HAL_PCD_DataInStageCallback)
    HAL_PCD_DataOutStageCallback             0x08001305   Thumb Code    16  usbd_conf.o(i.HAL_PCD_DataOutStageCallback)
    HAL_PCD_EP_Close                         0x08001315   Thumb Code    72  stm32f1xx_hal_pcd.o(i.HAL_PCD_EP_Close)
    HAL_PCD_EP_ClrStall                      0x0800135d   Thumb Code    88  stm32f1xx_hal_pcd.o(i.HAL_PCD_EP_ClrStall)
    HAL_PCD_EP_GetRxCount                    0x080013b5   Thumb Code    14  stm32f1xx_hal_pcd.o(i.HAL_PCD_EP_GetRxCount)
    HAL_PCD_EP_Open                          0x080013c3   Thumb Code    92  stm32f1xx_hal_pcd.o(i.HAL_PCD_EP_Open)
    HAL_PCD_EP_Receive                       0x0800141f   Thumb Code    46  stm32f1xx_hal_pcd.o(i.HAL_PCD_EP_Receive)
    HAL_PCD_EP_SetStall                      0x0800144d   Thumb Code   106  stm32f1xx_hal_pcd.o(i.HAL_PCD_EP_SetStall)
    HAL_PCD_EP_Transmit                      0x080014b7   Thumb Code    42  stm32f1xx_hal_pcd.o(i.HAL_PCD_EP_Transmit)
    HAL_PCD_IRQHandler                       0x080014e1   Thumb Code   278  stm32f1xx_hal_pcd.o(i.HAL_PCD_IRQHandler)
    HAL_PCD_Init                             0x080015f9   Thumb Code   210  stm32f1xx_hal_pcd.o(i.HAL_PCD_Init)
    HAL_PCD_MspInit                          0x080016cd   Thumb Code    50  usbd_conf.o(i.HAL_PCD_MspInit)
    HAL_PCD_ResetCallback                    0x08001709   Thumb Code    38  usbd_conf.o(i.HAL_PCD_ResetCallback)
    HAL_PCD_ResumeCallback                   0x0800172f   Thumb Code     8  usbd_conf.o(i.HAL_PCD_ResumeCallback)
    HAL_PCD_SOFCallback                      0x08001737   Thumb Code     8  usbd_conf.o(i.HAL_PCD_SOFCallback)
    HAL_PCD_SetAddress                       0x0800173f   Thumb Code    40  stm32f1xx_hal_pcd.o(i.HAL_PCD_SetAddress)
    HAL_PCD_SetupStageCallback               0x08001767   Thumb Code    14  usbd_conf.o(i.HAL_PCD_SetupStageCallback)
    HAL_PCD_Start                            0x08001775   Thumb Code    50  stm32f1xx_hal_pcd.o(i.HAL_PCD_Start)
    HAL_PCD_SuspendCallback                  0x080017a9   Thumb Code    30  usbd_conf.o(i.HAL_PCD_SuspendCallback)
    HAL_RCCEx_GetPeriphCLKFreq               0x080017cd   Thumb Code   166  stm32f1xx_hal_rcc_ex.o(i.HAL_RCCEx_GetPeriphCLKFreq)
    HAL_RCCEx_PeriphCLKConfig                0x08001895   Thumb Code   224  stm32f1xx_hal_rcc_ex.o(i.HAL_RCCEx_PeriphCLKConfig)
    HAL_RCC_ClockConfig                      0x08001981   Thumb Code   280  stm32f1xx_hal_rcc.o(i.HAL_RCC_ClockConfig)
    HAL_RCC_GetPCLK2Freq                     0x08001aad   Thumb Code    20  stm32f1xx_hal_rcc.o(i.HAL_RCC_GetPCLK2Freq)
    HAL_RCC_GetSysClockFreq                  0x08001acd   Thumb Code    74  stm32f1xx_hal_rcc.o(i.HAL_RCC_GetSysClockFreq)
    HAL_RCC_OscConfig                        0x08001b39   Thumb Code   778  stm32f1xx_hal_rcc.o(i.HAL_RCC_OscConfig)
    HAL_SPI_Init                             0x08001e59   Thumb Code   124  stm32f1xx_hal_spi.o(i.HAL_SPI_Init)
    HAL_SPI_MspInit                          0x08001ed5   Thumb Code    98  stm32f1xx_hal_msp.o(i.HAL_SPI_MspInit)
    HAL_SPI_Receive                          0x08001f45   Thumb Code   336  stm32f1xx_hal_spi.o(i.HAL_SPI_Receive)
    HAL_SPI_Transmit                         0x08002095   Thumb Code   348  stm32f1xx_hal_spi.o(i.HAL_SPI_Transmit)
    HAL_SPI_TransmitReceive                  0x080021f1   Thumb Code   482  stm32f1xx_hal_spi.o(i.HAL_SPI_TransmitReceive)
    HAL_SYSTICK_Config                       0x080023d3   Thumb Code    40  stm32f1xx_hal_cortex.o(i.HAL_SYSTICK_Config)
    HAL_TIMEx_MasterConfigSynchronization    0x080023fb   Thumb Code    66  stm32f1xx_hal_tim_ex.o(i.HAL_TIMEx_MasterConfigSynchronization)
    HAL_TIM_MspPostInit                      0x0800243d   Thumb Code    64  stm32f1xx_hal_msp.o(i.HAL_TIM_MspPostInit)
    HAL_TIM_PWM_ConfigChannel                0x08002489   Thumb Code   208  stm32f1xx_hal_tim.o(i.HAL_TIM_PWM_ConfigChannel)
    HAL_TIM_PWM_Init                         0x08002559   Thumb Code    54  stm32f1xx_hal_tim.o(i.HAL_TIM_PWM_Init)
    HAL_TIM_PWM_MspInit                      0x08002591   Thumb Code    30  stm32f1xx_hal_msp.o(i.HAL_TIM_PWM_MspInit)
    HAL_TIM_PWM_Start_IT                     0x080025b9   Thumb Code   102  stm32f1xx_hal_tim.o(i.HAL_TIM_PWM_Start_IT)
    HAL_TIM_PWM_Stop_IT                      0x08002625   Thumb Code   122  stm32f1xx_hal_tim.o(i.HAL_TIM_PWM_Stop_IT)
    HardFault_Handler                        0x080026a5   Thumb Code     2  stm32f1xx_it.o(i.HardFault_Handler)
    LCD_clrScr                               0x080026e1   Thumb Code    34  nokia5110_lcd.o(i.LCD_clrScr)
    LCD_goXY                                 0x08002709   Thumb Code    28  nokia5110_lcd.o(i.LCD_goXY)
    LCD_init                                 0x08002725   Thumb Code    88  nokia5110_lcd.o(i.LCD_init)
    LCD_invertText                           0x08002781   Thumb Code    12  nokia5110_lcd.o(i.LCD_invertText)
    LCD_print                                0x08002791   Thumb Code    30  nokia5110_lcd.o(i.LCD_print)
    LCD_putChar                              0x080027b1   Thumb Code    50  nokia5110_lcd.o(i.LCD_putChar)
    LCD_send                                 0x080027ed   Thumb Code    70  nokia5110_lcd.o(i.LCD_send)
    LCD_setCE                                0x08002839   Thumb Code     8  nokia5110_lcd.o(i.LCD_setCE)
    LCD_setCLK                               0x08002845   Thumb Code     8  nokia5110_lcd.o(i.LCD_setCLK)
    LCD_setDC                                0x08002851   Thumb Code     8  nokia5110_lcd.o(i.LCD_setDC)
    LCD_setDIN                               0x0800285d   Thumb Code     8  nokia5110_lcd.o(i.LCD_setDIN)
    LCD_setRST                               0x08002869   Thumb Code     8  nokia5110_lcd.o(i.LCD_setRST)
    LCD_var_str                              0x08002875   Thumb Code   116  nokia5110_lcd.o(i.LCD_var_str)
    LCD_write                                0x080028e9   Thumb Code    50  nokia5110_lcd.o(i.LCD_write)
    MX_USB_DEVICE_Init                       0x08002b35   Thumb Code    66  usb_device.o(i.MX_USB_DEVICE_Init)
    MemManage_Handler                        0x08002b89   Thumb Code     2  stm32f1xx_it.o(i.MemManage_Handler)
    NMI_Handler                              0x08002b8b   Thumb Code     2  stm32f1xx_it.o(i.NMI_Handler)
    NRF_Init                                 0x08002b8d   Thumb Code   170  radio_mod.o(i.NRF_Init)
    PendSV_Handler                           0x08002eff   Thumb Code     2  stm32f1xx_it.o(i.PendSV_Handler)
    SVC_Handler                              0x08003011   Thumb Code     2  stm32f1xx_it.o(i.SVC_Handler)
    SysTick_Handler                          0x08003013   Thumb Code     4  stm32f1xx_it.o(i.SysTick_Handler)
    SystemClock_Config                       0x08003017   Thumb Code   100  main.o(i.SystemClock_Config)
    SystemInit                               0x0800307d   Thumb Code    56  system_stm32f1xx.o(i.SystemInit)
    TIM_Base_SetConfig                       0x080030c5   Thumb Code    94  stm32f1xx_hal_tim.o(i.TIM_Base_SetConfig)
    TIM_CCxChannelCmd                        0x08003131   Thumb Code    26  stm32f1xx_hal_tim.o(i.TIM_CCxChannelCmd)
    TIM_OC2_SetConfig                        0x0800319d   Thumb Code    84  stm32f1xx_hal_tim.o(i.TIM_OC2_SetConfig)
    USBD_CDC_GetDeviceQualifierDescriptor    0x0800336d   Thumb Code     8  usbd_cdc.o(i.USBD_CDC_GetDeviceQualifierDescriptor)
    USBD_CDC_ReceivePacket                   0x08003431   Thumb Code    40  usbd_cdc.o(i.USBD_CDC_ReceivePacket)
    USBD_CDC_RegisterInterface               0x08003459   Thumb Code    16  usbd_cdc.o(i.USBD_CDC_RegisterInterface)
    USBD_CDC_SetRxBuffer                     0x08003469   Thumb Code    12  usbd_cdc.o(i.USBD_CDC_SetRxBuffer)
    USBD_CDC_SetTxBuffer                     0x08003475   Thumb Code    16  usbd_cdc.o(i.USBD_CDC_SetTxBuffer)
    USBD_CDC_TransmitPacket                  0x08003531   Thumb Code    54  usbd_cdc.o(i.USBD_CDC_TransmitPacket)
    USBD_ClrClassConfig                      0x08003567   Thumb Code    14  usbd_core.o(i.USBD_ClrClassConfig)
    USBD_CtlContinueRx                       0x08003575   Thumb Code    16  usbd_ioreq.o(i.USBD_CtlContinueRx)
    USBD_CtlContinueSendData                 0x08003585   Thumb Code    16  usbd_ioreq.o(i.USBD_CtlContinueSendData)
    USBD_CtlError                            0x08003595   Thumb Code    22  usbd_ctlreq.o(i.USBD_CtlError)
    USBD_CtlPrepareRx                        0x080035ab   Thumb Code    30  usbd_ioreq.o(i.USBD_CtlPrepareRx)
    USBD_CtlReceiveStatus                    0x080035c9   Thumb Code    22  usbd_ioreq.o(i.USBD_CtlReceiveStatus)
    USBD_CtlSendData                         0x080035df   Thumb Code    26  usbd_ioreq.o(i.USBD_CtlSendData)
    USBD_CtlSendStatus                       0x080035f9   Thumb Code    22  usbd_ioreq.o(i.USBD_CtlSendStatus)
    USBD_FS_ConfigStrDescriptor              0x08003611   Thumb Code    16  usbd_desc.o(i.USBD_FS_ConfigStrDescriptor)
    USBD_FS_DeviceDescriptor                 0x08003631   Thumb Code     8  usbd_desc.o(i.USBD_FS_DeviceDescriptor)
    USBD_FS_InterfaceStrDescriptor           0x0800363d   Thumb Code    16  usbd_desc.o(i.USBD_FS_InterfaceStrDescriptor)
    USBD_FS_LangIDStrDescriptor              0x08003661   Thumb Code     8  usbd_desc.o(i.USBD_FS_LangIDStrDescriptor)
    USBD_FS_ManufacturerStrDescriptor        0x0800366d   Thumb Code    16  usbd_desc.o(i.USBD_FS_ManufacturerStrDescriptor)
    USBD_FS_ProductStrDescriptor             0x08003695   Thumb Code    16  usbd_desc.o(i.USBD_FS_ProductStrDescriptor)
    USBD_FS_SerialStrDescriptor              0x080036c1   Thumb Code    48  usbd_desc.o(i.USBD_FS_SerialStrDescriptor)
    USBD_GetString                           0x080037e1   Thumb Code    72  usbd_ctlreq.o(i.USBD_GetString)
    USBD_Init                                0x08003841   Thumb Code    42  usbd_core.o(i.USBD_Init)
    USBD_LL_ClearStallEP                     0x0800386b   Thumb Code    18  usbd_conf.o(i.USBD_LL_ClearStallEP)
    USBD_LL_CloseEP                          0x0800387d   Thumb Code    18  usbd_conf.o(i.USBD_LL_CloseEP)
    USBD_LL_DataInStage                      0x0800388f   Thumb Code   198  usbd_core.o(i.USBD_LL_DataInStage)
    USBD_LL_DataOutStage                     0x08003955   Thumb Code   130  usbd_core.o(i.USBD_LL_DataOutStage)
    USBD_LL_GetRxDataSize                    0x080039d7   Thumb Code     8  usbd_conf.o(i.USBD_LL_GetRxDataSize)
    USBD_LL_Init                             0x080039e1   Thumb Code   118  usbd_conf.o(i.USBD_LL_Init)
    USBD_LL_IsStallEP                        0x08003a61   Thumb Code    28  usbd_conf.o(i.USBD_LL_IsStallEP)
    USBD_LL_OpenEP                           0x08003a7d   Thumb Code    24  usbd_conf.o(i.USBD_LL_OpenEP)
    USBD_LL_PrepareReceive                   0x08003a95   Thumb Code    18  usbd_conf.o(i.USBD_LL_PrepareReceive)
    USBD_LL_Reset                            0x08003aa7   Thumb Code    80  usbd_core.o(i.USBD_LL_Reset)
    USBD_LL_Resume                           0x08003af7   Thumb Code    20  usbd_core.o(i.USBD_LL_Resume)
    USBD_LL_SOF                              0x08003b0b   Thumb Code    24  usbd_core.o(i.USBD_LL_SOF)
    USBD_LL_SetSpeed                         0x08003b23   Thumb Code     6  usbd_core.o(i.USBD_LL_SetSpeed)
    USBD_LL_SetUSBAddress                    0x08003b29   Thumb Code    18  usbd_conf.o(i.USBD_LL_SetUSBAddress)
    USBD_LL_SetupStage                       0x08003b3b   Thumb Code    90  usbd_core.o(i.USBD_LL_SetupStage)
    USBD_LL_StallEP                          0x08003b95   Thumb Code    18  usbd_conf.o(i.USBD_LL_StallEP)
    USBD_LL_Start                            0x08003ba7   Thumb Code    18  usbd_conf.o(i.USBD_LL_Start)
    USBD_LL_Suspend                          0x08003bb9   Thumb Code    18  usbd_core.o(i.USBD_LL_Suspend)
    USBD_LL_Transmit                         0x08003bcb   Thumb Code    18  usbd_conf.o(i.USBD_LL_Transmit)
    USBD_ParseSetupRequest                   0x08003bdd   Thumb Code    40  usbd_ctlreq.o(i.USBD_ParseSetupRequest)
    USBD_RegisterClass                       0x08003c05   Thumb Code    16  usbd_core.o(i.USBD_RegisterClass)
    USBD_SetClassConfig                      0x08003c15   Thumb Code    22  usbd_core.o(i.USBD_SetClassConfig)
    USBD_Start                               0x08003cb1   Thumb Code    10  usbd_core.o(i.USBD_Start)
    USBD_StdDevReq                           0x08003cbb   Thumb Code   274  usbd_ctlreq.o(i.USBD_StdDevReq)
    USBD_StdEPReq                            0x08003dcd   Thumb Code   336  usbd_ctlreq.o(i.USBD_StdEPReq)
    USBD_StdItfReq                           0x08003f1d   Thumb Code    78  usbd_ctlreq.o(i.USBD_StdItfReq)
    USBD_static_free                         0x08003f6b   Thumb Code     2  usbd_conf.o(i.USBD_static_free)
    USBD_static_malloc                       0x08003f6d   Thumb Code     4  usbd_conf.o(i.USBD_static_malloc)
    USB_ActivateEndpoint                     0x08003f75   Thumb Code   614  stm32f1xx_ll_usb.o(i.USB_ActivateEndpoint)
    USB_CoreInit                             0x080041db   Thumb Code     4  stm32f1xx_ll_usb.o(i.USB_CoreInit)
    USB_DeactivateEndpoint                   0x080041df   Thumb Code   270  stm32f1xx_ll_usb.o(i.USB_DeactivateEndpoint)
    USB_DevConnect                           0x080042ed   Thumb Code     4  stm32f1xx_ll_usb.o(i.USB_DevConnect)
    USB_DevDisconnect                        0x080042f1   Thumb Code     4  stm32f1xx_ll_usb.o(i.USB_DevDisconnect)
    USB_DevInit                              0x080042f5   Thumb Code    30  stm32f1xx_ll_usb.o(i.USB_DevInit)
    USB_DisableGlobalInt                     0x08004313   Thumb Code    14  stm32f1xx_ll_usb.o(i.USB_DisableGlobalInt)
    USB_EP0_OutStart                         0x08004321   Thumb Code     4  stm32f1xx_ll_usb.o(i.USB_EP0_OutStart)
    USB_EPClearStall                         0x08004325   Thumb Code   120  stm32f1xx_ll_usb.o(i.USB_EPClearStall)
    USB_EPSetStall                           0x0800439d   Thumb Code    50  stm32f1xx_ll_usb.o(i.USB_EPSetStall)
    USB_EPStartXfer                          0x080043cf   Thumb Code   412  stm32f1xx_ll_usb.o(i.USB_EPStartXfer)
    USB_EnableGlobalInt                      0x0800456b   Thumb Code    14  stm32f1xx_ll_usb.o(i.USB_EnableGlobalInt)
    USB_LP_CAN1_RX0_IRQHandler               0x08004579   Thumb Code     6  stm32f1xx_it.o(i.USB_LP_CAN1_RX0_IRQHandler)
    USB_ReadInterrupts                       0x08004585   Thumb Code     6  stm32f1xx_ll_usb.o(i.USB_ReadInterrupts)
    USB_ReadPMA                              0x0800458d   Thumb Code    44  stm32f1xx_ll_usb.o(i.USB_ReadPMA)
    USB_Reset                                0x080045b9   Thumb Code    78  main.o(i.USB_Reset)
    USB_SetCurrentMode                       0x0800460d   Thumb Code     4  stm32f1xx_ll_usb.o(i.USB_SetCurrentMode)
    USB_SetDevAddress                        0x08004611   Thumb Code    12  stm32f1xx_ll_usb.o(i.USB_SetDevAddress)
    USB_WritePMA                             0x0800461d   Thumb Code    38  stm32f1xx_ll_usb.o(i.USB_WritePMA)
    UsageFault_Handler                       0x08004643   Thumb Code     2  stm32f1xx_it.o(i.UsageFault_Handler)
    __0snprintf$1                            0x08004645   Thumb Code    48  printf1.o(i.__0snprintf$1)
    __1snprintf$1                            0x08004645   Thumb Code     0  printf1.o(i.__0snprintf$1)
    __2snprintf                              0x08004645   Thumb Code     0  printf1.o(i.__0snprintf$1)
    __scatterload_copy                       0x08004699   Thumb Code    14  handlers.o(i.__scatterload_copy)
    __scatterload_null                       0x080046a7   Thumb Code     2  handlers.o(i.__scatterload_null)
    __scatterload_zeroinit                   0x080046a9   Thumb Code    14  handlers.o(i.__scatterload_zeroinit)
    ce                                       0x08004825   Thumb Code    10  radio_mod.o(i.ce)
    csn                                      0x08004835   Thumb Code    22  radio_mod.o(i.csn)
    delay_us                                 0x08004851   Thumb Code    26  radio_mod.o(i.delay_us)
    enableAckPayload                         0x08004879   Thumb Code    42  radio_mod.o(i.enableAckPayload)
    flight                                   0x080048a9   Thumb Code   522  main.o(i.flight)
    get_status                               0x08004b11   Thumb Code     6  radio_mod.o(i.get_status)
    isAckPayloadAvailable                    0x08004b17   Thumb Code    16  radio_mod.o(i.isAckPayloadAvailable)
    isChipConnected                          0x08004b27   Thumb Code    22  radio_mod.o(i.isChipConnected)
    led_lcd                                  0x08004b3d   Thumb Code    78  main.o(i.led_lcd)
    main                                     0x08004b91   Thumb Code   268  main.o(i.main)
    main_menu                                0x08004cb9   Thumb Code   222  main.o(i.main_menu)
    map                                      0x08004dc9   Thumb Code    20  main.o(i.map)
    maskIRQ                                  0x08004ddd   Thumb Code    40  radio_mod.o(i.maskIRQ)
    menu                                     0x08004e05   Thumb Code   280  main.o(i.menu)
    openWritingPipe                          0x08004f2d   Thumb Code    34  radio_mod.o(i.openWritingPipe)
    powerUp                                  0x08004f55   Thumb Code    34  radio_mod.o(i.powerUp)
    read                                     0x08004f77   Thumb Code    18  radio_mod.o(i.read)
    read_payload                             0x08004f89   Thumb Code   106  radio_mod.o(i.read_payload)
    read_register                            0x08004ffd   Thumb Code    64  radio_mod.o(i.read_register)
    sensors                                  0x08005041   Thumb Code   772  main.o(i.sensors)
    setChannel                               0x080053d9   Thumb Code     8  radio_mod.o(i.setChannel)
    setDataRate                              0x080053e1   Thumb Code    72  radio_mod.o(i.setDataRate)
    setPALevel                               0x0800542d   Thumb Code    42  radio_mod.o(i.setPALevel)
    setRetries                               0x08005457   Thumb Code    14  radio_mod.o(i.setRetries)
    settings                                 0x08005465   Thumb Code   696  main.o(i.settings)
    spiTrans                                 0x080057a5   Thumb Code    44  radio_mod.o(i.spiTrans)
    startFastWrite                           0x080057d5   Thumb Code    32  radio_mod.o(i.startFastWrite)
    toggle_features                          0x080057f5   Thumb Code    50  radio_mod.o(i.toggle_features)
    twobuttons                               0x0800582d   Thumb Code    96  main.o(i.twobuttons)
    write                                    0x08005895   Thumb Code    54  radio_mod.o(i.write)
    write_payload                            0x080058cd   Thumb Code   102  radio_mod.o(i.write_payload)
    write_register                           0x0800593d   Thumb Code    72  radio_mod.o(i.write_register)
    write_registerMy                         0x08005989   Thumb Code    70  radio_mod.o(i.write_registerMy)
    AHBPrescTable                            0x08005c14   Data          16  system_stm32f1xx.o(.constdata)
    APBPrescTable                            0x08005c24   Data           8  system_stm32f1xx.o(.constdata)
    Region$$Table$$Base                      0x08005c90   Number         0  anon$$obj.o(Region$$Table)
    Region$$Table$$Limit                     0x08005cb0   Number         0  anon$$obj.o(Region$$Table)
    payload_size                             0x20000000   Data           1  radio_mod.o(.data)
    addr_width                               0x20000001   Data           1  radio_mod.o(.data)
    txDelay                                  0x20000002   Data           1  radio_mod.o(.data)
    p_variant                                0x20000003   Data           1  radio_mod.o(.data)
    dynamic_payloads_enabled                 0x20000004   Data           1  radio_mod.o(.data)
    pipe0_reading_address                    0x20000005   Data           5  radio_mod.o(.data)
    flag                                     0x2000000a   Data           1  main.o(.data)
    x                                        0x2000000b   Data           1  main.o(.data)
    m                                        0x2000000c   Data           1  main.o(.data)
    button                                   0x2000000d   Data           1  main.o(.data)
    subtrim                                  0x2000000e   Data           1  main.o(.data)
    sens1                                    0x2000000f   Data           1  main.o(.data)
    sens2                                    0x20000010   Data           1  main.o(.data)
    adc1                                     0x20000011   Data           1  main.o(.data)
    adc2                                     0x20000012   Data           1  main.o(.data)
    adc3                                     0x20000013   Data           1  main.o(.data)
    but_right_prev                           0x20000014   Data           1  main.o(.data)
    but_left_prev                            0x20000015   Data           1  main.o(.data)
    but_r_prev                               0x20000016   Data           1  main.o(.data)
    but_l_prev                               0x20000017   Data           1  main.o(.data)
    adc                                      0x20000018   Data           8  main.o(.data)
    FS_Desc                                  0x20000020   Data          28  usbd_desc.o(.data)
    USBD_LangIDDesc                          0x2000003c   Data           4  usbd_desc.o(.data)
    USBD_FS_DeviceDesc                       0x20000040   Data          18  usbd_desc.o(.data)
    USBD_StringSerial                        0x20000054   Data          26  usbd_desc.o(.data)
    USBD_Interface_fops_FS                   0x20000070   Data          16  usbd_cdc_if.o(.data)
    SystemCoreClock                          0x20000080   Data           4  system_stm32f1xx.o(.data)
    uwTickFreq                               0x20000084   Data           1  stm32f1xx_hal.o(.data)
    uwTickPrio                               0x20000088   Data           4  stm32f1xx_hal.o(.data)
    uwTick                                   0x2000008c   Data           4  stm32f1xx_hal.o(.data)
    USBD_CDC_CfgHSDesc                       0x200000a0   Data          67  usbd_cdc.o(.data)
    USBD_CDC_CfgFSDesc                       0x200000e4   Data          67  usbd_cdc.o(.data)
    USBD_CDC_OtherSpeedCfgDesc               0x20000128   Data          67  usbd_cdc.o(.data)
    USBD_CDC                                 0x2000016c   Data          56  usbd_cdc.o(.data)
    lcd                                      0x200001a4   Data         505  nokia5110_lcd.o(.bss)
    lcd_gpio                                 0x200003a0   Data          40  nokia5110_lcd.o(.bss)
    str_tx                                   0x200003c8   Data         121  main.o(.bss)
    hadc1                                    0x20000444   Data          48  main.o(.bss)
    hspi1                                    0x20000474   Data          88  main.o(.bss)
    htim4                                    0x200004cc   Data          64  main.o(.bss)
    hdma_adc1                                0x2000050c   Data          68  main.o(.bss)
    hUsbDeviceFS                             0x20000550   Data         708  usb_device.o(.bss)
    hpcd_USB_FS                              0x20000a34   Data         620  usbd_conf.o(.bss)
    USBD_StrDesc                             0x20000ca0   Data         512  usbd_desc.o(.bss)
    UserRxBufferFS                           0x20000ea0   Data        1000  usbd_cdc_if.o(.bss)
    UserTxBufferFS                           0x20001288   Data        1000  usbd_cdc_if.o(.bss)
    __initial_sp                             0x20001a70   Data           0  startup_stm32f103xb.o(STACK)



==============================================================================

Memory Map of the image

  Image Entry point : 0x080000ed

  Load Region LR_IROM1 (Base: 0x08000000, Size: 0x00005e54, Max: 0x00010000, ABSOLUTE, COMPRESSED[0x00005d74])

    Execution Region ER_IROM1 (Exec base: 0x08000000, Load base: 0x08000000, Size: 0x00005cb0, Max: 0x00010000, ABSOLUTE)

    Exec Addr    Load Addr    Size         Type   Attr      Idx    E Section Name        Object

    0x08000000   0x08000000   0x000000ec   Data   RO            3    RESET               startup_stm32f103xb.o
    0x080000ec   0x080000ec   0x00000000   Code   RO         4726  * .ARM.Collect$$$$00000000  mc_w.l(entry.o)
    0x080000ec   0x080000ec   0x00000004   Code   RO         5026    .ARM.Collect$$$$00000001  mc_w.l(entry2.o)
    0x080000f0   0x080000f0   0x00000004   Code   RO         5029    .ARM.Collect$$$$00000004  mc_w.l(entry5.o)
    0x080000f4   0x080000f4   0x00000000   Code   RO         5031    .ARM.Collect$$$$00000008  mc_w.l(entry7b.o)
    0x080000f4   0x080000f4   0x00000000   Code   RO         5033    .ARM.Collect$$$$0000000A  mc_w.l(entry8b.o)
    0x080000f4   0x080000f4   0x00000008   Code   RO         5034    .ARM.Collect$$$$0000000B  mc_w.l(entry9a.o)
    0x080000fc   0x080000fc   0x00000004   Code   RO         5041    .ARM.Collect$$$$0000000E  mc_w.l(entry12b.o)
    0x08000100   0x08000100   0x00000000   Code   RO         5036    .ARM.Collect$$$$0000000F  mc_w.l(entry10a.o)
    0x08000100   0x08000100   0x00000000   Code   RO         5038    .ARM.Collect$$$$00000011  mc_w.l(entry11a.o)
    0x08000100   0x08000100   0x00000004   Code   RO         5027    .ARM.Collect$$$$00002712  mc_w.l(entry2.o)
    0x08000104   0x08000104   0x00000024   Code   RO            4    .text               startup_stm32f103xb.o
    0x08000128   0x08000128   0x00000020   Code   RO         4729    .text               mc_w.l(llushr.o)
    0x08000148   0x08000148   0x00000024   Code   RO         4731    .text               mc_w.l(memcpya.o)
    0x0800016c   0x0800016c   0x00000024   Code   RO         4733    .text               mc_w.l(memseta.o)
    0x08000190   0x08000190   0x0000000e   Code   RO         4735    .text               mc_w.l(strlen.o)
    0x0800019e   0x0800019e   0x000000e4   Code   RO         5004    .text               mf_w.l(dmul.o)
    0x08000282   0x08000282   0x0000000a   Code   RO         5010    .text               mf_w.l(ffltui.o)
    0x0800028c   0x0800028c   0x0000001a   Code   RO         5014    .text               mf_w.l(dfltui.o)
    0x080002a6   0x080002a6   0x00000032   Code   RO         5016    .text               mf_w.l(ffixi.o)
    0x080002d8   0x080002d8   0x00000028   Code   RO         5018    .text               mf_w.l(ffixui.o)
    0x08000300   0x08000300   0x00000038   Code   RO         5024    .text               mf_w.l(d2f.o)
    0x08000338   0x08000338   0x0000002c   Code   RO         5045    .text               mc_w.l(uidiv.o)
    0x08000364   0x08000364   0x0000001e   Code   RO         5049    .text               mc_w.l(llshl.o)
    0x08000382   0x08000382   0x00000000   Code   RO         5053    .text               mc_w.l(iusefp.o)
    0x08000382   0x08000382   0x0000006e   Code   RO         5054    .text               mf_w.l(fepilogue.o)
    0x080003f0   0x080003f0   0x000000ba   Code   RO         5056    .text               mf_w.l(depilogue.o)
    0x080004aa   0x080004aa   0x00000002   PAD
    0x080004ac   0x080004ac   0x00000024   Code   RO         5062    .text               mc_w.l(init.o)
    0x080004d0   0x080004d0   0x00000056   Code   RO         5074    .text               mc_w.l(__dczerorl2.o)
    0x08000526   0x08000526   0x00000002   PAD
    0x08000528   0x08000528   0x0000004c   Code   RO         1859    i.ADC_ConversionStop_Disable  stm32f1xx_hal_adc.o
    0x08000574   0x08000574   0x0000004e   Code   RO         1860    i.ADC_DMAConvCplt   stm32f1xx_hal_adc.o
    0x080005c2   0x080005c2   0x0000001a   Code   RO         1861    i.ADC_DMAError      stm32f1xx_hal_adc.o
    0x080005dc   0x080005dc   0x0000000a   Code   RO         1862    i.ADC_DMAHalfConvCplt  stm32f1xx_hal_adc.o
    0x080005e6   0x080005e6   0x00000002   PAD
    0x080005e8   0x080005e8   0x00000070   Code   RO         1863    i.ADC_Enable        stm32f1xx_hal_adc.o
    0x08000658   0x08000658   0x00000002   Code   RO         1176    i.BusFault_Handler  stm32f1xx_it.o
    0x0800065a   0x0800065a   0x00000004   Code   RO         1124    i.CDC_Control_FS    usbd_cdc_if.o
    0x0800065e   0x0800065e   0x00000004   Code   RO         1125    i.CDC_DeInit_FS     usbd_cdc_if.o
    0x08000662   0x08000662   0x00000002   PAD
    0x08000664   0x08000664   0x00000024   Code   RO         1126    i.CDC_Init_FS       usbd_cdc_if.o
    0x08000688   0x08000688   0x00000018   Code   RO         1127    i.CDC_Receive_FS    usbd_cdc_if.o
    0x080006a0   0x080006a0   0x0000002c   Code   RO         1128    i.CDC_Transmit_FS   usbd_cdc_if.o
    0x080006cc   0x080006cc   0x0000000c   Code   RO         1177    i.DMA1_Channel1_IRQHandler  stm32f1xx_it.o
    0x080006d8   0x080006d8   0x0000002a   Code   RO         3763    i.DMA_SetConfig     stm32f1xx_hal_dma.o
    0x08000702   0x08000702   0x00000002   PAD
    0x08000704   0x08000704   0x00000020   Code   RO           13    i.DWT_Init          radio_mod.o
    0x08000724   0x08000724   0x00000002   Code   RO         1178    i.DebugMon_Handler  stm32f1xx_it.o
    0x08000726   0x08000726   0x00000002   Code   RO          618    i.Error_Handler     main.o
    0x08000728   0x08000728   0x000000c8   Code   RO         2039    i.HAL_ADCEx_Calibration_Start  stm32f1xx_hal_adc_ex.o
    0x080007f0   0x080007f0   0x000000fc   Code   RO         1865    i.HAL_ADC_ConfigChannel  stm32f1xx_hal_adc.o
    0x080008ec   0x080008ec   0x00000018   Code   RO          619    i.HAL_ADC_ConvCpltCallback  main.o
    0x08000904   0x08000904   0x00000002   Code   RO         1867    i.HAL_ADC_ConvHalfCpltCallback  stm32f1xx_hal_adc.o
    0x08000906   0x08000906   0x00000002   Code   RO         1869    i.HAL_ADC_ErrorCallback  stm32f1xx_hal_adc.o
    0x08000908   0x08000908   0x0000011c   Code   RO         1874    i.HAL_ADC_Init      stm32f1xx_hal_adc.o
    0x08000a24   0x08000a24   0x000000ac   Code   RO         1265    i.HAL_ADC_MspInit   stm32f1xx_hal_msp.o
    0x08000ad0   0x08000ad0   0x0000010c   Code   RO         1881    i.HAL_ADC_Start_DMA  stm32f1xx_hal_adc.o
    0x08000bdc   0x08000bdc   0x000000cc   Code   RO         1882    i.HAL_ADC_Start_IT  stm32f1xx_hal_adc.o
    0x08000ca8   0x08000ca8   0x0000004c   Code   RO         1884    i.HAL_ADC_Stop_DMA  stm32f1xx_hal_adc.o
    0x08000cf4   0x08000cf4   0x00000046   Code   RO         3764    i.HAL_DMA_Abort     stm32f1xx_hal_dma.o
    0x08000d3a   0x08000d3a   0x00000002   PAD
    0x08000d3c   0x08000d3c   0x00000154   Code   RO         3769    i.HAL_DMA_IRQHandler  stm32f1xx_hal_dma.o
    0x08000e90   0x08000e90   0x0000005c   Code   RO         3770    i.HAL_DMA_Init      stm32f1xx_hal_dma.o
    0x08000eec   0x08000eec   0x00000070   Code   RO         3774    i.HAL_DMA_Start_IT  stm32f1xx_hal_dma.o
    0x08000f5c   0x08000f5c   0x00000024   Code   RO         3392    i.HAL_Delay         stm32f1xx_hal.o
    0x08000f80   0x08000f80   0x000001e0   Code   RO         3700    i.HAL_GPIO_Init     stm32f1xx_hal_gpio.o
    0x08001160   0x08001160   0x0000000a   Code   RO         3702    i.HAL_GPIO_ReadPin  stm32f1xx_hal_gpio.o
    0x0800116a   0x0800116a   0x0000000e   Code   RO         3703    i.HAL_GPIO_TogglePin  stm32f1xx_hal_gpio.o
    0x08001178   0x08001178   0x0000000a   Code   RO         3704    i.HAL_GPIO_WritePin  stm32f1xx_hal_gpio.o
    0x08001182   0x08001182   0x00000002   PAD
    0x08001184   0x08001184   0x0000000c   Code   RO         3396    i.HAL_GetTick       stm32f1xx_hal.o
    0x08001190   0x08001190   0x00000010   Code   RO         3402    i.HAL_IncTick       stm32f1xx_hal.o
    0x080011a0   0x080011a0   0x00000024   Code   RO         3403    i.HAL_Init          stm32f1xx_hal.o
    0x080011c4   0x080011c4   0x00000040   Code   RO         3404    i.HAL_InitTick      stm32f1xx_hal.o
    0x08001204   0x08001204   0x0000003c   Code   RO         1266    i.HAL_MspInit       stm32f1xx_hal_msp.o
    0x08001240   0x08001240   0x0000001a   Code   RO         3860    i.HAL_NVIC_EnableIRQ  stm32f1xx_hal_cortex.o
    0x0800125a   0x0800125a   0x00000002   PAD
    0x0800125c   0x0800125c   0x00000040   Code   RO         3866    i.HAL_NVIC_SetPriority  stm32f1xx_hal_cortex.o
    0x0800129c   0x0800129c   0x00000024   Code   RO         3867    i.HAL_NVIC_SetPriorityGrouping  stm32f1xx_hal_cortex.o
    0x080012c0   0x080012c0   0x00000034   Code   RO         1622    i.HAL_PCDEx_PMAConfig  stm32f1xx_hal_pcd_ex.o
    0x080012f4   0x080012f4   0x00000002   Code   RO          826    i.HAL_PCDEx_SetConnectionState  usbd_conf.o
    0x080012f6   0x080012f6   0x0000000e   Code   RO          828    i.HAL_PCD_DataInStageCallback  usbd_conf.o
    0x08001304   0x08001304   0x00000010   Code   RO          829    i.HAL_PCD_DataOutStageCallback  usbd_conf.o
    0x08001314   0x08001314   0x00000048   Code   RO         1414    i.HAL_PCD_EP_Close  stm32f1xx_hal_pcd.o
    0x0800135c   0x0800135c   0x00000058   Code   RO         1415    i.HAL_PCD_EP_ClrStall  stm32f1xx_hal_pcd.o
    0x080013b4   0x080013b4   0x0000000e   Code   RO         1417    i.HAL_PCD_EP_GetRxCount  stm32f1xx_hal_pcd.o
    0x080013c2   0x080013c2   0x0000005c   Code   RO         1418    i.HAL_PCD_EP_Open   stm32f1xx_hal_pcd.o
    0x0800141e   0x0800141e   0x0000002e   Code   RO         1419    i.HAL_PCD_EP_Receive  stm32f1xx_hal_pcd.o
    0x0800144c   0x0800144c   0x0000006a   Code   RO         1420    i.HAL_PCD_EP_SetStall  stm32f1xx_hal_pcd.o
    0x080014b6   0x080014b6   0x0000002a   Code   RO         1421    i.HAL_PCD_EP_Transmit  stm32f1xx_hal_pcd.o
    0x080014e0   0x080014e0   0x00000116   Code   RO         1423    i.HAL_PCD_IRQHandler  stm32f1xx_hal_pcd.o
    0x080015f6   0x080015f6   0x00000002   PAD
    0x080015f8   0x080015f8   0x000000d2   Code   RO         1426    i.HAL_PCD_Init      stm32f1xx_hal_pcd.o
    0x080016ca   0x080016ca   0x00000002   PAD
    0x080016cc   0x080016cc   0x0000003c   Code   RO          834    i.HAL_PCD_MspInit   usbd_conf.o
    0x08001708   0x08001708   0x00000026   Code   RO          835    i.HAL_PCD_ResetCallback  usbd_conf.o
    0x0800172e   0x0800172e   0x00000008   Code   RO          836    i.HAL_PCD_ResumeCallback  usbd_conf.o
    0x08001736   0x08001736   0x00000008   Code   RO          837    i.HAL_PCD_SOFCallback  usbd_conf.o
    0x0800173e   0x0800173e   0x00000028   Code   RO         1432    i.HAL_PCD_SetAddress  stm32f1xx_hal_pcd.o
    0x08001766   0x08001766   0x0000000e   Code   RO          838    i.HAL_PCD_SetupStageCallback  usbd_conf.o
    0x08001774   0x08001774   0x00000032   Code   RO         1434    i.HAL_PCD_Start     stm32f1xx_hal_pcd.o
    0x080017a6   0x080017a6   0x00000002   PAD
    0x080017a8   0x080017a8   0x00000024   Code   RO          839    i.HAL_PCD_SuspendCallback  usbd_conf.o
    0x080017cc   0x080017cc   0x000000c8   Code   RO         3662    i.HAL_RCCEx_GetPeriphCLKFreq  stm32f1xx_hal_rcc_ex.o
    0x08001894   0x08001894   0x000000ec   Code   RO         3663    i.HAL_RCCEx_PeriphCLKConfig  stm32f1xx_hal_rcc_ex.o
    0x08001980   0x08001980   0x0000012c   Code   RO         3560    i.HAL_RCC_ClockConfig  stm32f1xx_hal_rcc.o
    0x08001aac   0x08001aac   0x00000020   Code   RO         3568    i.HAL_RCC_GetPCLK2Freq  stm32f1xx_hal_rcc.o
    0x08001acc   0x08001acc   0x0000006c   Code   RO         3569    i.HAL_RCC_GetSysClockFreq  stm32f1xx_hal_rcc.o
    0x08001b38   0x08001b38   0x00000320   Code   RO         3572    i.HAL_RCC_OscConfig  stm32f1xx_hal_rcc.o
    0x08001e58   0x08001e58   0x0000007c   Code   RO         2146    i.HAL_SPI_Init      stm32f1xx_hal_spi.o
    0x08001ed4   0x08001ed4   0x00000070   Code   RO         1268    i.HAL_SPI_MspInit   stm32f1xx_hal_msp.o
    0x08001f44   0x08001f44   0x00000150   Code   RO         2149    i.HAL_SPI_Receive   stm32f1xx_hal_spi.o
    0x08002094   0x08002094   0x0000015c   Code   RO         2154    i.HAL_SPI_Transmit  stm32f1xx_hal_spi.o
    0x080021f0   0x080021f0   0x000001e2   Code   RO         2155    i.HAL_SPI_TransmitReceive  stm32f1xx_hal_spi.o
    0x080023d2   0x080023d2   0x00000028   Code   RO         3871    i.HAL_SYSTICK_Config  stm32f1xx_hal_cortex.o
    0x080023fa   0x080023fa   0x00000042   Code   RO         3152    i.HAL_TIMEx_MasterConfigSynchronization  stm32f1xx_hal_tim_ex.o
    0x0800243c   0x0800243c   0x0000004c   Code   RO         1269    i.HAL_TIM_MspPostInit  stm32f1xx_hal_msp.o
    0x08002488   0x08002488   0x000000d0   Code   RO         2526    i.HAL_TIM_PWM_ConfigChannel  stm32f1xx_hal_tim.o
    0x08002558   0x08002558   0x00000036   Code   RO         2529    i.HAL_TIM_PWM_Init  stm32f1xx_hal_tim.o
    0x0800258e   0x0800258e   0x00000002   PAD
    0x08002590   0x08002590   0x00000028   Code   RO         1271    i.HAL_TIM_PWM_MspInit  stm32f1xx_hal_msp.o
    0x080025b8   0x080025b8   0x0000006c   Code   RO         2536    i.HAL_TIM_PWM_Start_IT  stm32f1xx_hal_tim.o
    0x08002624   0x08002624   0x00000080   Code   RO         2539    i.HAL_TIM_PWM_Stop_IT  stm32f1xx_hal_tim.o
    0x080026a4   0x080026a4   0x00000002   Code   RO         1179    i.HardFault_Handler  stm32f1xx_it.o
    0x080026a6   0x080026a6   0x00000002   PAD
    0x080026a8   0x080026a8   0x00000038   Code   RO         1038    i.IntToUnicode      usbd_desc.o
    0x080026e0   0x080026e0   0x00000028   Code   RO          453    i.LCD_clrScr        nokia5110_lcd.o
    0x08002708   0x08002708   0x0000001c   Code   RO          458    i.LCD_goXY          nokia5110_lcd.o
    0x08002724   0x08002724   0x0000005c   Code   RO          459    i.LCD_init          nokia5110_lcd.o
    0x08002780   0x08002780   0x00000010   Code   RO          461    i.LCD_invertText    nokia5110_lcd.o
    0x08002790   0x08002790   0x0000001e   Code   RO          462    i.LCD_print         nokia5110_lcd.o
    0x080027ae   0x080027ae   0x00000002   PAD
    0x080027b0   0x080027b0   0x0000003c   Code   RO          463    i.LCD_putChar       nokia5110_lcd.o
    0x080027ec   0x080027ec   0x0000004c   Code   RO          466    i.LCD_send          nokia5110_lcd.o
    0x08002838   0x08002838   0x0000000c   Code   RO          467    i.LCD_setCE         nokia5110_lcd.o
    0x08002844   0x08002844   0x0000000c   Code   RO          468    i.LCD_setCLK        nokia5110_lcd.o
    0x08002850   0x08002850   0x0000000c   Code   RO          469    i.LCD_setDC         nokia5110_lcd.o
    0x0800285c   0x0800285c   0x0000000c   Code   RO          470    i.LCD_setDIN        nokia5110_lcd.o
    0x08002868   0x08002868   0x0000000c   Code   RO          472    i.LCD_setRST        nokia5110_lcd.o
    0x08002874   0x08002874   0x00000074   Code   RO          473    i.LCD_var_str       nokia5110_lcd.o
    0x080028e8   0x080028e8   0x00000038   Code   RO          474    i.LCD_write         nokia5110_lcd.o
    0x08002920   0x08002920   0x00000070   Code   RO          620    i.MX_ADC1_Init      main.o
    0x08002990   0x08002990   0x00000104   Code   RO          621    i.MX_GPIO_Init      main.o
    0x08002a94   0x08002a94   0x00000038   Code   RO          622    i.MX_SPI1_Init      main.o
    0x08002acc   0x08002acc   0x00000068   Code   RO          623    i.MX_TIM4_Init      main.o
    0x08002b34   0x08002b34   0x00000054   Code   RO          795    i.MX_USB_DEVICE_Init  usb_device.o
    0x08002b88   0x08002b88   0x00000002   Code   RO         1180    i.MemManage_Handler  stm32f1xx_it.o
    0x08002b8a   0x08002b8a   0x00000002   Code   RO         1181    i.NMI_Handler       stm32f1xx_it.o
    0x08002b8c   0x08002b8c   0x000000b0   Code   RO           14    i.NRF_Init          radio_mod.o
    0x08002c3c   0x08002c3c   0x000002c2   Code   RO         1437    i.PCD_EP_ISR_Handler  stm32f1xx_hal_pcd.o
    0x08002efe   0x08002efe   0x00000002   Code   RO         1182    i.PendSV_Handler    stm32f1xx_it.o
    0x08002f00   0x08002f00   0x0000005c   Code   RO         2183    i.SPI_EndRxTransaction  stm32f1xx_hal_spi.o
    0x08002f5c   0x08002f5c   0x00000020   Code   RO         2184    i.SPI_EndRxTxTransaction  stm32f1xx_hal_spi.o
    0x08002f7c   0x08002f7c   0x00000094   Code   RO         2189    i.SPI_WaitFlagStateUntilTimeout  stm32f1xx_hal_spi.o
    0x08003010   0x08003010   0x00000002   Code   RO         1183    i.SVC_Handler       stm32f1xx_it.o
    0x08003012   0x08003012   0x00000004   Code   RO         1184    i.SysTick_Handler   stm32f1xx_it.o
    0x08003016   0x08003016   0x00000064   Code   RO          624    i.SystemClock_Config  main.o
    0x0800307a   0x0800307a   0x00000002   PAD
    0x0800307c   0x0800307c   0x00000048   Code   RO         1332    i.SystemInit        system_stm32f1xx.o
    0x080030c4   0x080030c4   0x0000006c   Code   RO         2547    i.TIM_Base_SetConfig  stm32f1xx_hal_tim.o
    0x08003130   0x08003130   0x0000001a   Code   RO         2548    i.TIM_CCxChannelCmd  stm32f1xx_hal_tim.o
    0x0800314a   0x0800314a   0x00000002   PAD
    0x0800314c   0x0800314c   0x00000050   Code   RO         2560    i.TIM_OC1_SetConfig  stm32f1xx_hal_tim.o
    0x0800319c   0x0800319c   0x00000058   Code   RO         2561    i.TIM_OC2_SetConfig  stm32f1xx_hal_tim.o
    0x080031f4   0x080031f4   0x00000058   Code   RO         2562    i.TIM_OC3_SetConfig  stm32f1xx_hal_tim.o
    0x0800324c   0x0800324c   0x00000044   Code   RO         2563    i.TIM_OC4_SetConfig  stm32f1xx_hal_tim.o
    0x08003290   0x08003290   0x00000046   Code   RO         4623    i.USBD_CDC_DataIn   usbd_cdc.o
    0x080032d6   0x080032d6   0x0000002e   Code   RO         4624    i.USBD_CDC_DataOut  usbd_cdc.o
    0x08003304   0x08003304   0x00000044   Code   RO         4625    i.USBD_CDC_DeInit   usbd_cdc.o
    0x08003348   0x08003348   0x00000024   Code   RO         4626    i.USBD_CDC_EP0_RxReady  usbd_cdc.o
    0x0800336c   0x0800336c   0x0000000c   Code   RO         4627    i.USBD_CDC_GetDeviceQualifierDescriptor  usbd_cdc.o
    0x08003378   0x08003378   0x0000000c   Code   RO         4628    i.USBD_CDC_GetFSCfgDesc  usbd_cdc.o
    0x08003384   0x08003384   0x0000000c   Code   RO         4629    i.USBD_CDC_GetHSCfgDesc  usbd_cdc.o
    0x08003390   0x08003390   0x0000000c   Code   RO         4630    i.USBD_CDC_GetOtherSpeedCfgDesc  usbd_cdc.o
    0x0800339c   0x0800339c   0x00000094   Code   RO         4631    i.USBD_CDC_Init     usbd_cdc.o
    0x08003430   0x08003430   0x00000028   Code   RO         4632    i.USBD_CDC_ReceivePacket  usbd_cdc.o
    0x08003458   0x08003458   0x00000010   Code   RO         4633    i.USBD_CDC_RegisterInterface  usbd_cdc.o
    0x08003468   0x08003468   0x0000000c   Code   RO         4634    i.USBD_CDC_SetRxBuffer  usbd_cdc.o
    0x08003474   0x08003474   0x00000010   Code   RO         4635    i.USBD_CDC_SetTxBuffer  usbd_cdc.o
    0x08003484   0x08003484   0x000000ac   Code   RO         4636    i.USBD_CDC_Setup    usbd_cdc.o
    0x08003530   0x08003530   0x00000036   Code   RO         4637    i.USBD_CDC_TransmitPacket  usbd_cdc.o
    0x08003566   0x08003566   0x0000000e   Code   RO         4360    i.USBD_ClrClassConfig  usbd_core.o
    0x08003574   0x08003574   0x00000010   Code   RO         4563    i.USBD_CtlContinueRx  usbd_ioreq.o
    0x08003584   0x08003584   0x00000010   Code   RO         4564    i.USBD_CtlContinueSendData  usbd_ioreq.o
    0x08003594   0x08003594   0x00000016   Code   RO         4498    i.USBD_CtlError     usbd_ctlreq.o
    0x080035aa   0x080035aa   0x0000001e   Code   RO         4565    i.USBD_CtlPrepareRx  usbd_ioreq.o
    0x080035c8   0x080035c8   0x00000016   Code   RO         4566    i.USBD_CtlReceiveStatus  usbd_ioreq.o
    0x080035de   0x080035de   0x0000001a   Code   RO         4567    i.USBD_CtlSendData  usbd_ioreq.o
    0x080035f8   0x080035f8   0x00000016   Code   RO         4568    i.USBD_CtlSendStatus  usbd_ioreq.o
    0x0800360e   0x0800360e   0x00000002   PAD
    0x08003610   0x08003610   0x00000020   Code   RO         1039    i.USBD_FS_ConfigStrDescriptor  usbd_desc.o
    0x08003630   0x08003630   0x0000000c   Code   RO         1040    i.USBD_FS_DeviceDescriptor  usbd_desc.o
    0x0800363c   0x0800363c   0x00000024   Code   RO         1041    i.USBD_FS_InterfaceStrDescriptor  usbd_desc.o
    0x08003660   0x08003660   0x0000000c   Code   RO         1042    i.USBD_FS_LangIDStrDescriptor  usbd_desc.o
    0x0800366c   0x0800366c   0x00000028   Code   RO         1043    i.USBD_FS_ManufacturerStrDescriptor  usbd_desc.o
    0x08003694   0x08003694   0x0000002c   Code   RO         1044    i.USBD_FS_ProductStrDescriptor  usbd_desc.o
    0x080036c0   0x080036c0   0x00000038   Code   RO         1045    i.USBD_FS_SerialStrDescriptor  usbd_desc.o
    0x080036f8   0x080036f8   0x000000e8   Code   RO         4499    i.USBD_GetDescriptor  usbd_ctlreq.o
    0x080037e0   0x080037e0   0x00000048   Code   RO         4500    i.USBD_GetString    usbd_ctlreq.o
    0x08003828   0x08003828   0x00000018   Code   RO          840    i.USBD_Get_USB_Status  usbd_conf.o
    0x08003840   0x08003840   0x0000002a   Code   RO         4362    i.USBD_Init         usbd_core.o
    0x0800386a   0x0800386a   0x00000012   Code   RO          841    i.USBD_LL_ClearStallEP  usbd_conf.o
    0x0800387c   0x0800387c   0x00000012   Code   RO          842    i.USBD_LL_CloseEP   usbd_conf.o
    0x0800388e   0x0800388e   0x000000c6   Code   RO         4363    i.USBD_LL_DataInStage  usbd_core.o
    0x08003954   0x08003954   0x00000082   Code   RO         4364    i.USBD_LL_DataOutStage  usbd_core.o
    0x080039d6   0x080039d6   0x00000008   Code   RO          846    i.USBD_LL_GetRxDataSize  usbd_conf.o
    0x080039de   0x080039de   0x00000002   PAD
    0x080039e0   0x080039e0   0x00000080   Code   RO          847    i.USBD_LL_Init      usbd_conf.o
    0x08003a60   0x08003a60   0x0000001c   Code   RO          848    i.USBD_LL_IsStallEP  usbd_conf.o
    0x08003a7c   0x08003a7c   0x00000018   Code   RO          849    i.USBD_LL_OpenEP    usbd_conf.o
    0x08003a94   0x08003a94   0x00000012   Code   RO          850    i.USBD_LL_PrepareReceive  usbd_conf.o
    0x08003aa6   0x08003aa6   0x00000050   Code   RO         4369    i.USBD_LL_Reset     usbd_core.o
    0x08003af6   0x08003af6   0x00000014   Code   RO         4370    i.USBD_LL_Resume    usbd_core.o
    0x08003b0a   0x08003b0a   0x00000018   Code   RO         4371    i.USBD_LL_SOF       usbd_core.o
    0x08003b22   0x08003b22   0x00000006   Code   RO         4372    i.USBD_LL_SetSpeed  usbd_core.o
    0x08003b28   0x08003b28   0x00000012   Code   RO          851    i.USBD_LL_SetUSBAddress  usbd_conf.o
    0x08003b3a   0x08003b3a   0x0000005a   Code   RO         4373    i.USBD_LL_SetupStage  usbd_core.o
    0x08003b94   0x08003b94   0x00000012   Code   RO          852    i.USBD_LL_StallEP   usbd_conf.o
    0x08003ba6   0x08003ba6   0x00000012   Code   RO          853    i.USBD_LL_Start     usbd_conf.o
    0x08003bb8   0x08003bb8   0x00000012   Code   RO         4374    i.USBD_LL_Suspend   usbd_core.o
    0x08003bca   0x08003bca   0x00000012   Code   RO          855    i.USBD_LL_Transmit  usbd_conf.o
    0x08003bdc   0x08003bdc   0x00000028   Code   RO         4501    i.USBD_ParseSetupRequest  usbd_ctlreq.o
    0x08003c04   0x08003c04   0x00000010   Code   RO         4375    i.USBD_RegisterClass  usbd_core.o
    0x08003c14   0x08003c14   0x00000016   Code   RO         4377    i.USBD_SetClassConfig  usbd_core.o
    0x08003c2a   0x08003c2a   0x00000002   PAD
    0x08003c2c   0x08003c2c   0x00000084   Code   RO         4502    i.USBD_SetConfig    usbd_ctlreq.o
    0x08003cb0   0x08003cb0   0x0000000a   Code   RO         4378    i.USBD_Start        usbd_core.o
    0x08003cba   0x08003cba   0x00000112   Code   RO         4503    i.USBD_StdDevReq    usbd_ctlreq.o
    0x08003dcc   0x08003dcc   0x00000150   Code   RO         4504    i.USBD_StdEPReq     usbd_ctlreq.o
    0x08003f1c   0x08003f1c   0x0000004e   Code   RO         4505    i.USBD_StdItfReq    usbd_ctlreq.o
    0x08003f6a   0x08003f6a   0x00000002   Code   RO          856    i.USBD_static_free  usbd_conf.o
    0x08003f6c   0x08003f6c   0x00000008   Code   RO          857    i.USBD_static_malloc  usbd_conf.o
    0x08003f74   0x08003f74   0x00000266   Code   RO         1662    i.USB_ActivateEndpoint  stm32f1xx_ll_usb.o
    0x080041da   0x080041da   0x00000004   Code   RO         1665    i.USB_CoreInit      stm32f1xx_ll_usb.o
    0x080041de   0x080041de   0x0000010e   Code   RO         1667    i.USB_DeactivateEndpoint  stm32f1xx_ll_usb.o
    0x080042ec   0x080042ec   0x00000004   Code   RO         1668    i.USB_DevConnect    stm32f1xx_ll_usb.o
    0x080042f0   0x080042f0   0x00000004   Code   RO         1669    i.USB_DevDisconnect  stm32f1xx_ll_usb.o
    0x080042f4   0x080042f4   0x0000001e   Code   RO         1670    i.USB_DevInit       stm32f1xx_ll_usb.o
    0x08004312   0x08004312   0x0000000e   Code   RO         1671    i.USB_DisableGlobalInt  stm32f1xx_ll_usb.o
    0x08004320   0x08004320   0x00000004   Code   RO         1672    i.USB_EP0_OutStart  stm32f1xx_ll_usb.o
    0x08004324   0x08004324   0x00000078   Code   RO         1673    i.USB_EPClearStall  stm32f1xx_ll_usb.o
    0x0800439c   0x0800439c   0x00000032   Code   RO         1674    i.USB_EPSetStall    stm32f1xx_ll_usb.o
    0x080043ce   0x080043ce   0x0000019c   Code   RO         1675    i.USB_EPStartXfer   stm32f1xx_ll_usb.o
    0x0800456a   0x0800456a   0x0000000e   Code   RO         1676    i.USB_EnableGlobalInt  stm32f1xx_ll_usb.o
    0x08004578   0x08004578   0x0000000c   Code   RO         1185    i.USB_LP_CAN1_RX0_IRQHandler  stm32f1xx_it.o
    0x08004584   0x08004584   0x00000006   Code   RO         1683    i.USB_ReadInterrupts  stm32f1xx_ll_usb.o
    0x0800458a   0x0800458a   0x00000002   PAD
    0x0800458c   0x0800458c   0x0000002c   Code   RO         1684    i.USB_ReadPMA       stm32f1xx_ll_usb.o
    0x080045b8   0x080045b8   0x00000054   Code   RO          625    i.USB_Reset         main.o
    0x0800460c   0x0800460c   0x00000004   Code   RO         1686    i.USB_SetCurrentMode  stm32f1xx_ll_usb.o
    0x08004610   0x08004610   0x0000000c   Code   RO         1687    i.USB_SetDevAddress  stm32f1xx_ll_usb.o
    0x0800461c   0x0800461c   0x00000026   Code   RO         1690    i.USB_WritePMA      stm32f1xx_ll_usb.o
    0x08004642   0x08004642   0x00000002   Code   RO         1186    i.UsageFault_Handler  stm32f1xx_it.o
    0x08004644   0x08004644   0x00000034   Code   RO         4785    i.__0snprintf$1     mc_w.l(printf1.o)
    0x08004678   0x08004678   0x00000020   Code   RO         3873    i.__NVIC_SetPriority  stm32f1xx_hal_cortex.o
    0x08004698   0x08004698   0x0000000e   Code   RO         5068    i.__scatterload_copy  mc_w.l(handlers.o)
    0x080046a6   0x080046a6   0x00000002   Code   RO         5069    i.__scatterload_null  mc_w.l(handlers.o)
    0x080046a8   0x080046a8   0x0000000e   Code   RO         5070    i.__scatterload_zeroinit  mc_w.l(handlers.o)
    0x080046b6   0x080046b6   0x00000002   PAD
    0x080046b8   0x080046b8   0x00000154   Code   RO         4791    i._printf_core      mc_w.l(printf1.o)
    0x0800480c   0x0800480c   0x00000016   Code   RO         4792    i._snputc           mc_w.l(printf1.o)
    0x08004822   0x08004822   0x00000002   PAD
    0x08004824   0x08004824   0x00000010   Code   RO           17    i.ce                radio_mod.o
    0x08004834   0x08004834   0x0000001c   Code   RO           19    i.csn               radio_mod.o
    0x08004850   0x08004850   0x00000028   Code   RO           20    i.delay_us          radio_mod.o
    0x08004878   0x08004878   0x00000030   Code   RO           23    i.enableAckPayload  radio_mod.o
    0x080048a8   0x080048a8   0x00000268   Code   RO          626    i.flight            main.o
    0x08004b10   0x08004b10   0x00000006   Code   RO           34    i.get_status        radio_mod.o
    0x08004b16   0x08004b16   0x00000010   Code   RO           35    i.isAckPayloadAvailable  radio_mod.o
    0x08004b26   0x08004b26   0x00000016   Code   RO           36    i.isChipConnected   radio_mod.o
    0x08004b3c   0x08004b3c   0x00000054   Code   RO          627    i.led_lcd           main.o
    0x08004b90   0x08004b90   0x00000128   Code   RO          629    i.main              main.o
    0x08004cb8   0x08004cb8   0x00000110   Code   RO          630    i.main_menu         main.o
    0x08004dc8   0x08004dc8   0x00000014   Code   RO          631    i.map               main.o
    0x08004ddc   0x08004ddc   0x00000028   Code   RO           38    i.maskIRQ           radio_mod.o
    0x08004e04   0x08004e04   0x00000128   Code   RO          632    i.menu              main.o
    0x08004f2c   0x08004f2c   0x00000028   Code   RO           40    i.openWritingPipe   radio_mod.o
    0x08004f54   0x08004f54   0x00000022   Code   RO           42    i.powerUp           radio_mod.o
    0x08004f76   0x08004f76   0x00000012   Code   RO           43    i.read              radio_mod.o
    0x08004f88   0x08004f88   0x00000074   Code   RO           44    i.read_payload      radio_mod.o
    0x08004ffc   0x08004ffc   0x00000044   Code   RO           45    i.read_register     radio_mod.o
    0x08005040   0x08005040   0x00000398   Code   RO          634    i.sensors           main.o
    0x080053d8   0x080053d8   0x00000008   Code   RO           50    i.setChannel        radio_mod.o
    0x080053e0   0x080053e0   0x0000004c   Code   RO           51    i.setDataRate       radio_mod.o
    0x0800542c   0x0800542c   0x0000002a   Code   RO           52    i.setPALevel        radio_mod.o
    0x08005456   0x08005456   0x0000000e   Code   RO           54    i.setRetries        radio_mod.o
    0x08005464   0x08005464   0x00000340   Code   RO          635    i.settings          main.o
    0x080057a4   0x080057a4   0x00000030   Code   RO           55    i.spiTrans          radio_mod.o
    0x080057d4   0x080057d4   0x00000020   Code   RO           56    i.startFastWrite    radio_mod.o
    0x080057f4   0x080057f4   0x00000038   Code   RO           59    i.toggle_features   radio_mod.o
    0x0800582c   0x0800582c   0x00000068   Code   RO          637    i.twobuttons        main.o
    0x08005894   0x08005894   0x00000036   Code   RO           61    i.write             radio_mod.o
    0x080058ca   0x080058ca   0x00000002   PAD
    0x080058cc   0x080058cc   0x00000070   Code   RO           63    i.write_payload     radio_mod.o
    0x0800593c   0x0800593c   0x0000004c   Code   RO           64    i.write_register    radio_mod.o
    0x08005988   0x08005988   0x0000004c   Code   RO           65    i.write_registerMy  radio_mod.o
    0x080059d4   0x080059d4   0x00000240   Data   RO          477    .constdata          nokia5110_lcd.o
    0x08005c14   0x08005c14   0x00000010   Data   RO         1333    .constdata          system_stm32f1xx.o
    0x08005c24   0x08005c24   0x00000008   Data   RO         1334    .constdata          system_stm32f1xx.o
    0x08005c2c   0x08005c2c   0x00000064   Data   RO          642    .conststring        main.o
    0x08005c90   0x08005c90   0x00000020   Data   RO         5066    Region$$Table       anon$$obj.o


    Execution Region RW_IRAM1 (Exec base: 0x20000000, Load base: 0x08005cb0, Size: 0x00001a70, Max: 0x00005000, ABSOLUTE, COMPRESSED[0x000000c4])

    Exec Addr    Load Addr    Size         Type   Attr      Idx    E Section Name        Object

    0x20000000   COMPRESSED   0x0000000a   Data   RW           67    .data               radio_mod.o
    0x2000000a   COMPRESSED   0x00000016   Data   RW          643    .data               main.o
    0x20000020   COMPRESSED   0x0000001c   Data   RW         1047    .data               usbd_desc.o
    0x2000003c   COMPRESSED   0x00000032   Data   RW         1048    .data               usbd_desc.o
    0x2000006e   COMPRESSED   0x00000002   PAD
    0x20000070   COMPRESSED   0x00000010   Data   RW         1130    .data               usbd_cdc_if.o
    0x20000080   COMPRESSED   0x00000004   Data   RW         1335    .data               system_stm32f1xx.o
    0x20000084   COMPRESSED   0x0000000c   Data   RW         3410    .data               stm32f1xx_hal.o
    0x20000090   COMPRESSED   0x00000001   Data   RW         4506    .data               usbd_ctlreq.o
    0x20000091   COMPRESSED   0x00000003   PAD
    0x20000094   COMPRESSED   0x000000d7   Data   RW         4638    .data               usbd_cdc.o
    0x2000016b   COMPRESSED   0x00000001   PAD
    0x2000016c   COMPRESSED   0x00000038   Data   RW         4639    .data               usbd_cdc.o
    0x200001a4        -       0x00000224   Zero   RW          476    .bss                nokia5110_lcd.o
    0x200003c8        -       0x00000144   Zero   RW          638    .bss                main.o
    0x2000050c        -       0x00000044   Zero   RW          639    .bss                main.o
    0x20000550        -       0x000002c4   Zero   RW          796    .bss                usb_device.o
    0x20000814        -       0x0000048c   Zero   RW          858    .bss                usbd_conf.o
    0x20000ca0        -       0x00000200   Zero   RW         1046    .bss                usbd_desc.o
    0x20000ea0        -       0x000007d0   Zero   RW         1129    .bss                usbd_cdc_if.o
    0x20001670        -       0x00000400   Zero   RW            1    STACK               startup_stm32f103xb.o


==============================================================================

Image component sizes


      Code (inc. data)   RO Data    RW Data    ZI Data      Debug   Object Name

      4182        546        100         22        392      18850   main.o
       574         62        576          0        548       8943   nokia5110_lcd.o
      1294        102          0         10          0     469989   radio_mod.o
        36          8        236          0       1024        788   startup_stm32f103xb.o
       164         28          0         12          0       5765   stm32f1xx_hal.o
      1390         64          0          0          0       9385   stm32f1xx_hal_adc.o
       200          6          0          0          0       1382   stm32f1xx_hal_adc_ex.o
       198         14          0          0          0      28839   stm32f1xx_hal_cortex.o
       656         32          0          0          0       4167   stm32f1xx_hal_dma.o
       514         34          0          0          0       4036   stm32f1xx_hal_gpio.o
       460         68          0          0          0       3438   stm32f1xx_hal_msp.o
      1744          0          0          0          0      10117   stm32f1xx_hal_pcd.o
        52          0          0          0          0       1142   stm32f1xx_hal_pcd_ex.o
      1240         88          0          0          0       4545   stm32f1xx_hal_rcc.o
       436         46          0          0          0       2481   stm32f1xx_hal_rcc_ex.o
      1562          0          0          0          0       7830   stm32f1xx_hal_spi.o
       956         46          0          0          0       8335   stm32f1xx_hal_tim.o
        66          0          0          0          0       1272   stm32f1xx_hal_tim_ex.o
        44         12          0          0          0       4502   stm32f1xx_it.o
      1644          0          0          0          0      14253   stm32f1xx_ll_usb.o
        72         16         24          4          0       1111   system_stm32f1xx.o
        84         18          0          0        708        728   usb_device.o
       726         16          0        271          0      12750   usbd_cdc.o
       112         22          0         16       2000       3044   usbd_cdc_if.o
       544         30          0          0       1164      13041   usbd_conf.o
       670          0          0          0          0       9239   usbd_core.o
      1186         28          0          1          0       7772   usbd_ctlreq.o
       288        104          0         78        512       5497   usbd_desc.o
       132          0          0          0          0       4212   usbd_ioreq.o

    ----------------------------------------------------------------------
     21264       1390        968        420       6348     667453   Object Totals
         0          0         32          0          0          0   (incl. Generated)
        38          0          0          6          0          0   (incl. Padding)

    ----------------------------------------------------------------------

      Code (inc. data)   RO Data    RW Data    ZI Data      Debug   Library Member Name

        86          0          0          0          0          0   __dczerorl2.o
         0          0          0          0          0          0   entry.o
         0          0          0          0          0          0   entry10a.o
         0          0          0          0          0          0   entry11a.o
         4          0          0          0          0          0   entry12b.o
         8          4          0          0          0          0   entry2.o
         4          0          0          0          0          0   entry5.o
         0          0          0          0          0          0   entry7b.o
         0          0          0          0          0          0   entry8b.o
         8          4          0          0          0          0   entry9a.o
        30          0          0          0          0          0   handlers.o
        36          8          0          0          0         68   init.o
         0          0          0          0          0          0   iusefp.o
        30          0          0          0          0         68   llshl.o
        32          0          0          0          0         68   llushr.o
        36          0          0          0          0         68   memcpya.o
        36          0          0          0          0        108   memseta.o
       414          8          0          0          0        256   printf1.o
        14          0          0          0          0         68   strlen.o
        44          0          0          0          0         80   uidiv.o
        56          0          0          0          0         88   d2f.o
       186          0          0          0          0        176   depilogue.o
        26          0          0          0          0         76   dfltui.o
       228          0          0          0          0         96   dmul.o
       110          0          0          0          0        168   fepilogue.o
        50          0          0          0          0         68   ffixi.o
        40          0          0          0          0         68   ffixui.o
        10          0          0          0          0         68   ffltui.o

    ----------------------------------------------------------------------
      1496         24          0          0          0       1592   Library Totals
         8          0          0          0          0          0   (incl. Padding)

    ----------------------------------------------------------------------

      Code (inc. data)   RO Data    RW Data    ZI Data      Debug   Library Name

       782         24          0          0          0        784   mc_w.l
       706          0          0          0          0        808   mf_w.l

    ----------------------------------------------------------------------
      1496         24          0          0          0       1592   Library Totals

    ----------------------------------------------------------------------

==============================================================================


      Code (inc. data)   RO Data    RW Data    ZI Data      Debug   

     22760       1414        968        420       6348     656225   Grand Totals
     22760       1414        968        196       6348     656225   ELF Image Totals (compressed)
     22760       1414        968        196          0          0   ROM Totals

==============================================================================

    Total RO  Size (Code + RO Data)                23728 (  23.17kB)
    Total RW  Size (RW Data + ZI Data)              6768 (   6.61kB)
    Total ROM Size (Code + RO Data + RW Data)      23924 (  23.36kB)

==============================================================================

